Microchip MPLAB XC8 Compiler V1.42 ()

Linker command line:

-W-3 --edf=C:\Program Files (x86)\Microchip\xc8\v1.42\dat\en_msgs.txt -cs \
  -h+dist/default/production\LCD_ADC_trials.X.production.sym \
  --cmf=dist/default/production\LCD_ADC_trials.X.production.cmf -z \
  -Q18F2525 -oC:\Users\PC\AppData\Local\Temp\s1h8.2 \
  -Mdist/default/production/LCD_ADC_trials.X.production.map -E1 -ver=XC8 \
  -ASTACK=0A4h-0f7fh -pstack=STACK -ACODE=00h-0BFFFh -ACONST=00h-0BFFFh \
  -ASMALLCONST=01000h-010FFhx176 -AMEDIUMCONST=01000h-0BFFFh \
  -ACOMRAM=01h-07Fh -AABS1=00h-0F7Fh -ABIGRAM=01h-0F7Fh \
  -ARAM=080h-0FFh,0100h-01FFhx14,0F00h-0F7Fh -ABANK0=080h-0FFh \
  -ABANK1=0100h-01FFh -ABANK2=0200h-02FFh -ABANK3=0300h-03FFh \
  -ABANK4=0400h-04FFh -ABANK5=0500h-05FFh -ABANK6=0600h-06FFh \
  -ABANK7=0700h-07FFh -ABANK8=0800h-08FFh -ABANK9=0900h-09FFh \
  -ABANK10=0A00h-0AFFh -ABANK11=0B00h-0BFFh -ABANK12=0C00h-0CFFh \
  -ABANK13=0D00h-0DFFh -ABANK14=0E00h-0EFFh -ABANK15=0F00h-0F7Fh \
  -ASFR=0F80h-0FFFh -preset_vec=00h,intcode,intcodelo,powerup,init \
  -pramtop=01000h -psmallconst=SMALLCONST -pmediumconst=MEDIUMCONST \
  -pconst=CONST -AFARRAM=00h-00h -ACONFIG=0300000h-030000Dh -pconfig=CONFIG \
  -AIDLOC=0200000h-0200007h -pidloc=IDLOC -AEEDATA=0F00000h-0F003FFh \
  -peeprom_data=EEDATA \
  -prdata=COMRAM,nvrram=COMRAM,nvbit=COMRAM,rbss=COMRAM,rbit=COMRAM \
  -pfarbss=FARRAM,fardata=FARRAM,nvFARRAM=FARRAM \
  -pintsave_regs=BIGRAM,bigbss=BIGRAM,bigdata=BIGRAM -pbss=RAM \
  -pidata=CODE,irdata=CODE,ibigdata=CODE,ifardata=CODE -prparam=COMRAM \
  C:\Users\PC\AppData\Local\Temp\s1h8.obj \
  dist/default/production\LCD_ADC_trials.X.production.obj 

Object code version is 3.11

Machine type is 18F2525

Call graph: (short form)




                Name                               Link     Load   Length Selector   Space Scale
C:\Users\PC\AppData\Local\Temp\s1h8.obj
                init                                  0        0        4        0       0
                idloc                            200000   200000        8   200000       0
                config                           300000   300000        E   300000       0
dist/default/production\LCD_ADC_trials.X.production.obj
                smallconst                         1000     1000       B6      800       0
                text42                             3742     3742        C      85B       0
                text41                             375C     375C        4      85B       0
                text40                             3620     3620       2E      85B       0
                text39                             35F2     35F2       2E      85B       0
                text38                             3734     3734        E      85B       0
                text37                             370E     370E       16      85B       0
                text36                             2F24     2F24       AE      85B       0
                text35                             3698     3698       24      85B       0
                text34                             3756     3756        6      85B       0
                text33                             32E2     32E2       5E      85B       0
                text32                             3590     3590       34      85B       0
                text31                             36DA     36DA       1E      85B       0
                text30                             34EA     34EA       3A      85B       0
                text29                             36F8     36F8       16      85B       0
                text28                             3724     3724       10      85B       0
                text27                             374E     374E        8      85B       0
                text26                             339C     339C       52      85B       0
                text25                             34AC     34AC       3E      85B       0
                text24                             2FD2     2FD2       A4      85B       0
                text23                             3524     3524       38      85B       0
                text22                             346E     346E       3E      85B       0
                text21                             355C     355C       34      85B       0
                text20                             35C4     35C4       2E      85B       0
                text19                             2E3E     2E3E       E6      85B       0
                text18                             3076     3076       90      85B       0
                text17                             3674     3674       24      85B       0
                text16                             2850     2850      1AC      85B       0
                text15                             342E     342E       40      85B       0
                text14                             2D4A     2D4A       F4      85B       0
                text13                             318A     318A       82      85B       0
                text12                             327C     327C       66      85B       0
                text11                             3340     3340       5C      85B       0
                text10                             2B2E     2B2E      128      85B       0
                text9                              29FC     29FC      132      85B       0
                text8                              3106     3106       84      85B       0
                text7                              320C     320C       70      85B       0
                text6                              2C56     2C56       F4      85B       0
                text5                              364E     364E       26      85B       0
                text4                              260A     260A      246      85B       0
                text3                              36BC     36BC       1E      85B       0
                text2                              1F86     1F86      3F0      85B       0
                text1                              10B6     10B6      ED0      85B       0
                text0                              2376     2376      294      85B       0
                cstackCOMRAM                          1        1       72        1       1
                cstackBANK0                          80       80       1A       80       1
                bssBANK0                             9A       9A        A       80       1
                dataCOMRAM                           7B       7B        3        1       1
                bssCOMRAM                            73       73        8        1       1
                cinit                              33EE     33EE       40      85B       0
                idataCOMRAM                        3760     3760        3      85B       0

TOTAL           Name                               Link     Load   Length     Space
        CLASS   STACK          

        CLASS   CODE           
                init                                  0        0        4         0
                text42                             3742     3742        C         0
                text41                             375C     375C        4         0
                text40                             3620     3620       2E         0
                text39                             35F2     35F2       2E         0
                text38                             3734     3734        E         0
                text37                             370E     370E       16         0
                text36                             2F24     2F24       AE         0
                text35                             3698     3698       24         0
                text34                             3756     3756        6         0
                text33                             32E2     32E2       5E         0
                text32                             3590     3590       34         0
                text31                             36DA     36DA       1E         0
                text30                             34EA     34EA       3A         0
                text29                             36F8     36F8       16         0
                text28                             3724     3724       10         0
                text27                             374E     374E        8         0
                text26                             339C     339C       52         0
                text25                             34AC     34AC       3E         0
                text24                             2FD2     2FD2       A4         0
                text23                             3524     3524       38         0
                text22                             346E     346E       3E         0
                text21                             355C     355C       34         0
                text20                             35C4     35C4       2E         0
                text19                             2E3E     2E3E       E6         0
                text18                             3076     3076       90         0
                text17                             3674     3674       24         0
                text16                             2850     2850      1AC         0
                text15                             342E     342E       40         0
                text14                             2D4A     2D4A       F4         0
                text13                             318A     318A       82         0
                text12                             327C     327C       66         0
                text11                             3340     3340       5C         0
                text10                             2B2E     2B2E      128         0
                text9                              29FC     29FC      132         0
                text8                              3106     3106       84         0
                text7                              320C     320C       70         0
                text6                              2C56     2C56       F4         0
                text5                              364E     364E       26         0
                text4                              260A     260A      246         0
                text3                              36BC     36BC       1E         0
                text2                              1F86     1F86      3F0         0
                text1                              10B6     10B6      ED0         0
                text0                              2376     2376      294         0
                cinit                              33EE     33EE       40         0
                idataCOMRAM                        3760     3760        3         0

        CLASS   CONST          

        CLASS   SMALLCONST     
                smallconst                         1000     1000       B6         0

        CLASS   MEDIUMCONST    

        CLASS   COMRAM         
                cstackCOMRAM                          1        1       72         1
                dataCOMRAM                           7B       7B        3         1
                bssCOMRAM                            73       73        8         1

        CLASS   ABS1           

        CLASS   BIGRAM         

        CLASS   RAM            

        CLASS   BANK0          
                cstackBANK0                          80       80       1A         1
                bssBANK0                             9A       9A        A         1

        CLASS   BANK1          

        CLASS   BANK2          

        CLASS   BANK3          

        CLASS   BANK4          

        CLASS   BANK5          

        CLASS   BANK6          

        CLASS   BANK7          

        CLASS   BANK8          

        CLASS   BANK9          

        CLASS   BANK10         

        CLASS   BANK11         

        CLASS   BANK12         

        CLASS   BANK13         

        CLASS   BANK14         

        CLASS   BANK15         

        CLASS   SFR            

        CLASS   FARRAM         

        CLASS   CONFIG         
                config                           300000   300000        E         0

        CLASS   IDLOC          
                idloc                            200000   200000        8         0

        CLASS   EEDATA         



SEGMENTS        Name                           Load    Length   Top    Selector   Space  Class

                reset_vec                      000000  000004  000004         0       0  CODE    
                cstackCOMRAM                   000001  00007D  00007E         1       1  COMRAM  
                cstackBANK0                    000080  000024  0000A4        80       1  BANK0   
                smallconst                     001000  0000B6  0010B6       800       0  SMALLCON
                text1                          0010B6  0026AD  003763       85B       0  CODE    
                idloc                          200000  000008  200008    200000       0  IDLOC   
                config                         300000  00000E  30000E    300000       0  CONFIG  


UNUSED ADDRESS RANGES

        Name                Unused          Largest block    Delta
        BANK0            0000A4-0000FF               5C
        BANK1            000100-0001FF              100
        BANK10           000A00-000AFF              100
        BANK11           000B00-000BFF              100
        BANK12           000C00-000CFF              100
        BANK13           000D00-000DFF              100
        BANK14           000E00-000EFF              100
        BANK15           000F00-000F7F               80
        BANK2            000200-0002FF              100
        BANK3            000300-0003FF              100
        BANK4            000400-0004FF              100
        BANK5            000500-0005FF              100
        BANK6            000600-0006FF              100
        BANK7            000700-0007FF              100
        BANK8            000800-0008FF              100
        BANK9            000900-0009FF              100
        BIGRAM           00007E-00007F                2
                         0000A4-000F7F              EDC
        CODE             000004-000FFF              FFC
                         003763-00BFFF             889D
        COMRAM           00007E-00007F                2
        CONST            000004-000FFF              FFC
                         003763-00BFFF             889D
        EEDATA           F00000-F003FF              400
        MEDIUMCONST      003763-00BFFF             889D
        RAM              0000A4-000F7F              100
        SFR              000F80-000FFF               80
        SMALLCONST       003763-00BFFF              100
        STACK            0000A4-000F7F              EDC

                                  Symbol Table

?_ReadADC                cstackCOMRAM 000001
?___awdiv                cstackCOMRAM 000007
?___awmod                cstackCOMRAM 000001
?___ftadd                cstackCOMRAM 000049
?___ftdiv                cstackCOMRAM 000046
?___ftmul                cstackCOMRAM 000030
?___ftneg                cstackCOMRAM 00002D
?___ftpack               cstackCOMRAM 000001
?___ftsub                cstackCOMRAM 000055
?___fttol                cstackCOMRAM 000015
?___lldiv                cstackCOMRAM 000001
?___llmod                cstackCOMRAM 000001
?___lltoft               cstackCOMRAM 000024
?___lwtoft               cstackCOMRAM 000009
?___wmul                 cstackCOMRAM 00000F
?__div_to_l_             cstackCOMRAM 000001
?__tdiv_to_l_            cstackCOMRAM 000001
?_fround                 cstackCOMRAM 00003F
?_scale                  cstackCOMRAM 00003F
?_sprintf                cstackCOMRAM 00005E
Delay10KTCYx@unit        cstackCOMRAM 000002
Delay1KTCYx@unit         cstackCOMRAM 000001
Delay1Sec@cntDelay       cstackCOMRAM 000002
DelayHalfSec@cntDelay    cstackCOMRAM 000002
OpenADC@config           cstackCOMRAM 000005
OpenADC@config2          cstackCOMRAM 000001
OpenADC@portconfig       cstackCOMRAM 000002
OpenXLCD@lcdtype         cstackCOMRAM 000005
SetChanADC@channel       cstackCOMRAM 000002
SetDDRamAddr@DDaddr      cstackCOMRAM 000004
WriteCmdXLCD@cmd         cstackCOMRAM 000001
WriteDataXLCD@data       cstackCOMRAM 000001
_ADCON0                  (abs)        000FC2
_ADCON0bits              (abs)        000FC2
_ADCON1                  (abs)        000FC1
_ADCON2                  (abs)        000FC0
_ADCResult               bssCOMRAM    000079
_ADRESH                  (abs)        000FC4
_ADRESL                  (abs)        000FC3
_BusyADC                 text42       003742
_BusyXLCD                text30       0034EA
_CloseADC                text34       003756
_ConvertADC              text41       00375C
_Delay10KTCYx            text29       0036F8
_Delay1KTCYx             text28       003724
_Delay1Sec               text40       003620
_DelayFor18TCY           text31       0036DA
_DelayHalfSec            text39       0035F2
_DelayPORXLCD            text27       00374E
_INTCONbits              (abs)        000FF2
_LATAbits                (abs)        000F89
_LATCbits                (abs)        000F8B
_OSCCON                  (abs)        000FD3
_OpenADC                 text33       0032E2
_OpenXLCD                text24       002FD2
_PIE1bits                (abs)        000F9D
_PIR1bits                (abs)        000F9E
_PORTB                   (abs)        000F81
_ReadADC                 text38       003734
_ResultString            bssBANK0     00009A
_SetChanADC              text37       00370E
_SetDDRamAddr            text26       00339C
_TRISAbits               (abs)        000F92
_TRISB                   (abs)        000F93
_TRISCbits               (abs)        000F94
_WriteCmdXLCD            text25       0034AC
_WriteDataXLCD           text22       00346E
__CFG_BOREN$OFF          (abs)        000000
__CFG_BORV$3             (abs)        000000
__CFG_CCP2MX$PORTBE      (abs)        000000
__CFG_CP0$OFF            (abs)        000000
__CFG_CP1$OFF            (abs)        000000
__CFG_CP2$OFF            (abs)        000000
__CFG_CPB$OFF            (abs)        000000
__CFG_CPD$OFF            (abs)        000000
__CFG_EBTR0$OFF          (abs)        000000
__CFG_EBTR1$OFF          (abs)        000000
__CFG_EBTR2$OFF          (abs)        000000
__CFG_EBTRB$OFF          (abs)        000000
__CFG_FCMEN$OFF          (abs)        000000
__CFG_IESO$OFF           (abs)        000000
__CFG_LPT1OSC$OFF        (abs)        000000
__CFG_LVP$OFF            (abs)        000000
__CFG_MCLRE$OFF          (abs)        000000
__CFG_OSC$INTIO7         (abs)        000000
__CFG_PBADEN$OFF         (abs)        000000
__CFG_PWRT$OFF           (abs)        000000
__CFG_STVREN$OFF         (abs)        000000
__CFG_WDT$OFF            (abs)        000000
__CFG_WDTPS$32768        (abs)        000000
__CFG_WRT0$OFF           (abs)        000000
__CFG_WRT1$OFF           (abs)        000000
__CFG_WRT2$OFF           (abs)        000000
__CFG_WRTB$OFF           (abs)        000000
__CFG_WRTC$OFF           (abs)        000000
__CFG_WRTD$OFF           (abs)        000000
__CFG_XINST$OFF          (abs)        000000
__HRAM                   (abs)        000000
__Habs1                  abs1         000000
__Hbank0                 bank0        000000
__Hbank1                 bank1        000000
__Hbank10                bank10       000000
__Hbank11                bank11       000000
__Hbank12                bank12       000000
__Hbank13                bank13       000000
__Hbank14                bank14       000000
__Hbank15                bank15       000000
__Hbank2                 bank2        000000
__Hbank3                 bank3        000000
__Hbank4                 bank4        000000
__Hbank5                 bank5        000000
__Hbank6                 bank6        000000
__Hbank7                 bank7        000000
__Hbank8                 bank8        000000
__Hbank9                 bank9        000000
__Hbigbss                bigbss       000000
__Hbigdata               bigdata      000000
__Hbigram                bigram       000000
__Hbss                   bss          000000
__HbssBANK0              bssBANK0     000000
__HbssCOMRAM             bssCOMRAM    000000
__Hcinit                 cinit        000000
__Hclrtext               clrtext      000000
__Hcomram                comram       000000
__Hconfig                config       30000E
__Hconst                 const        000000
__HcstackBANK0           cstackBANK0  000000
__HcstackCOMRAM          cstackCOMRAM 000000
__Hdata                  data         000000
__HdataCOMRAM            dataCOMRAM   000000
__Heeprom_data           eeprom_data  000000
__Hfarbss                farbss       000000
__Hfardata               fardata      000000
__Hibigdata              ibigdata     000000
__Hidata                 idata        000000
__HidataCOMRAM           idataCOMRAM  000000
__Hidloc                 idloc        200008
__Hifardata              ifardata     000000
__Hinit                  init         000004
__Hintcode               intcode      000000
__Hintcode_body          intcode_body 000000
__Hintcodelo             intcodelo    000000
__Hintentry              intentry     000000
__Hintret                intret       000000
__Hintsave_regs          intsave_regs 000000
__Hirdata                irdata       000000
__Hmediumconst           mediumconst  000000
__HnvFARRAM              nvFARRAM     000000
__Hnvbit                 nvbit        000000
__Hnvrram                nvrram       000000
__Hparam                 rparam       000000
__Hpowerup               powerup      000000
__Hram                   ram          000000
__Hramtop                ramtop       001000
__Hrbit                  rbit         000000
__Hrbss                  rbss         000000
__Hrdata                 rdata        000000
__Hreset_vec             reset_vec    000000
__Hrparam                rparam       000000
__Hsfr                   sfr          000000
__Hsmallconst            smallconst   0010B6
__Hspace_0               (abs)        30000E
__Hspace_1               (abs)        0000A4
__Hspace_2               (abs)        000000
__Hstack                 stack        000000
__Hstruct                struct       000000
__Htemp                  temp         000000
__Htext                  text         000000
__Htext0                 text0        000000
__Htext1                 text1        000000
__Htext10                text10       000000
__Htext11                text11       000000
__Htext12                text12       000000
__Htext13                text13       000000
__Htext14                text14       000000
__Htext15                text15       000000
__Htext16                text16       000000
__Htext17                text17       000000
__Htext18                text18       000000
__Htext19                text19       000000
__Htext2                 text2        000000
__Htext20                text20       000000
__Htext21                text21       000000
__Htext22                text22       000000
__Htext23                text23       000000
__Htext24                text24       000000
__Htext25                text25       000000
__Htext26                text26       000000
__Htext27                text27       000000
__Htext28                text28       000000
__Htext29                text29       000000
__Htext3                 text3        000000
__Htext30                text30       000000
__Htext31                text31       000000
__Htext32                text32       000000
__Htext33                text33       000000
__Htext34                text34       000000
__Htext35                text35       000000
__Htext36                text36       000000
__Htext37                text37       000000
__Htext38                text38       000000
__Htext39                text39       000000
__Htext4                 text4        000000
__Htext40                text40       000000
__Htext41                text41       000000
__Htext42                text42       000000
__Htext5                 text5        000000
__Htext6                 text6        000000
__Htext7                 text7        000000
__Htext8                 text8        000000
__Htext9                 text9        000000
__LRAM                   (abs)        000001
__Labs1                  abs1         000000
__Lbank0                 bank0        000000
__Lbank1                 bank1        000000
__Lbank10                bank10       000000
__Lbank11                bank11       000000
__Lbank12                bank12       000000
__Lbank13                bank13       000000
__Lbank14                bank14       000000
__Lbank15                bank15       000000
__Lbank2                 bank2        000000
__Lbank3                 bank3        000000
__Lbank4                 bank4        000000
__Lbank5                 bank5        000000
__Lbank6                 bank6        000000
__Lbank7                 bank7        000000
__Lbank8                 bank8        000000
__Lbank9                 bank9        000000
__Lbigbss                bigbss       000000
__Lbigdata               bigdata      000000
__Lbigram                bigram       000000
__Lbss                   bss          000000
__LbssBANK0              bssBANK0     000000
__LbssCOMRAM             bssCOMRAM    000000
__Lcinit                 cinit        000000
__Lclrtext               clrtext      000000
__Lcomram                comram       000000
__Lconfig                config       300000
__Lconst                 const        000000
__LcstackBANK0           cstackBANK0  000000
__LcstackCOMRAM          cstackCOMRAM 000000
__Ldata                  data         000000
__LdataCOMRAM            dataCOMRAM   000000
__Leeprom_data           eeprom_data  000000
__Lfarbss                farbss       000000
__Lfardata               fardata      000000
__Libigdata              ibigdata     000000
__Lidata                 idata        000000
__LidataCOMRAM           idataCOMRAM  000000
__Lidloc                 idloc        200000
__Lifardata              ifardata     000000
__Linit                  init         000000
__Lintcode               intcode      000000
__Lintcode_body          intcode_body 000000
__Lintcodelo             intcodelo    000000
__Lintentry              intentry     000000
__Lintret                intret       000000
__Lintsave_regs          intsave_regs 000000
__Lirdata                irdata       000000
__Lmediumconst           mediumconst  000000
__LnvFARRAM              nvFARRAM     000000
__Lnvbit                 nvbit        000000
__Lnvrram                nvrram       000000
__Lparam                 rparam       000000
__Lpowerup               powerup      000000
__Lram                   ram          000000
__Lramtop                ramtop       001000
__Lrbit                  rbit         000000
__Lrbss                  rbss         000000
__Lrdata                 rdata        000000
__Lreset_vec             reset_vec    000000
__Lrparam                rparam       000000
__Lsfr                   sfr          000000
__Lsmallconst            smallconst   001000
__Lspace_0               (abs)        000000
__Lspace_1               (abs)        000000
__Lspace_2               (abs)        000000
__Lstack                 stack        000000
__Lstruct                struct       000000
__Ltemp                  temp         000000
__Ltext                  text         000000
__Ltext0                 text0        000000
__Ltext1                 text1        000000
__Ltext10                text10       000000
__Ltext11                text11       000000
__Ltext12                text12       000000
__Ltext13                text13       000000
__Ltext14                text14       000000
__Ltext15                text15       000000
__Ltext16                text16       000000
__Ltext17                text17       000000
__Ltext18                text18       000000
__Ltext19                text19       000000
__Ltext2                 text2        000000
__Ltext20                text20       000000
__Ltext21                text21       000000
__Ltext22                text22       000000
__Ltext23                text23       000000
__Ltext24                text24       000000
__Ltext25                text25       000000
__Ltext26                text26       000000
__Ltext27                text27       000000
__Ltext28                text28       000000
__Ltext29                text29       000000
__Ltext3                 text3        000000
__Ltext30                text30       000000
__Ltext31                text31       000000
__Ltext32                text32       000000
__Ltext33                text33       000000
__Ltext34                text34       000000
__Ltext35                text35       000000
__Ltext36                text36       000000
__Ltext37                text37       000000
__Ltext38                text38       000000
__Ltext39                text39       000000
__Ltext4                 text4        000000
__Ltext40                text40       000000
__Ltext41                text41       000000
__Ltext42                text42       000000
__Ltext5                 text5        000000
__Ltext6                 text6        000000
__Ltext7                 text7        000000
__Ltext8                 text8        000000
__Ltext9                 text9        000000
__S0                     (abs)        30000E
__S1                     (abs)        0000A4
__S2                     (abs)        000000
___awdiv                 text8        003106
___awdiv@counter         cstackCOMRAM 00000B
___awdiv@dividend        cstackCOMRAM 000007
___awdiv@divisor         cstackCOMRAM 000009
___awdiv@quotient        cstackCOMRAM 00000D
___awdiv@sign            cstackCOMRAM 00000C
___awmod                 text7        00320C
___awmod@counter         cstackCOMRAM 000005
___awmod@dividend        cstackCOMRAM 000001
___awmod@divisor         cstackCOMRAM 000003
___awmod@sign            cstackCOMRAM 000006
___ftadd                 text16       002850
___ftadd@exp1            cstackCOMRAM 000054
___ftadd@exp2            cstackCOMRAM 000053
___ftadd@f1              cstackCOMRAM 000049
___ftadd@f2              cstackCOMRAM 00004C
___ftadd@sign            cstackCOMRAM 000052
___ftdiv                 text19       002E3E
___ftdiv@cntr            cstackCOMRAM 00004F
___ftdiv@exp             cstackCOMRAM 000053
___ftdiv@f1              cstackCOMRAM 000046
___ftdiv@f2              cstackCOMRAM 000049
___ftdiv@f3              cstackCOMRAM 000050
___ftdiv@sign            cstackCOMRAM 000054
___ftge                  text18       003076
___ftge@ff1              cstackCOMRAM 000055
___ftge@ff2              cstackCOMRAM 000058
___ftmul                 text6        002C56
___ftmul@cntr            cstackCOMRAM 00003D
___ftmul@exp             cstackCOMRAM 000039
___ftmul@f1              cstackCOMRAM 000030
___ftmul@f2              cstackCOMRAM 000033
___ftmul@f3_as_product   cstackCOMRAM 00003A
___ftmul@sign            cstackCOMRAM 00003E
___ftneg                 text17       003674
___ftneg@f1              cstackCOMRAM 00002D
___ftpack                text36       002F24
___ftpack@arg            cstackCOMRAM 000001
___ftpack@exp            cstackCOMRAM 000004
___ftpack@sign           cstackCOMRAM 000005
___ftsub                 text15       00342E
___ftsub@f1              cstackCOMRAM 000055
___ftsub@f2              cstackCOMRAM 000058
___fttol                 text14       002D4A
___fttol@exp1            cstackCOMRAM 000023
___fttol@f1              cstackCOMRAM 000015
___fttol@lval            cstackCOMRAM 00001F
___fttol@sign1           cstackCOMRAM 00001E
___inthi_sp              stack        000000
___intlo_sp              stack        000000
___lldiv                 text13       00318A
___lldiv@counter         cstackCOMRAM 00000D
___lldiv@dividend        cstackCOMRAM 000001
___lldiv@divisor         cstackCOMRAM 000005
___lldiv@quotient        cstackCOMRAM 000009
___llmod                 text12       00327C
___llmod@counter         cstackCOMRAM 000009
___llmod@dividend        cstackCOMRAM 000001
___llmod@divisor         cstackCOMRAM 000005
___lltoft                text11       003340
___lltoft@c              cstackCOMRAM 000024
___lltoft@exp            cstackCOMRAM 00002C
___lwtoft                text35       003698
___lwtoft@c              cstackCOMRAM 000009
___param_bank            (abs)        000000
___rparam_used           (abs)        000001
___sp                    stack        000000
___wmul                  text5        00364E
___wmul@multiplicand     cstackCOMRAM 000011
___wmul@multiplier       cstackCOMRAM 00000F
___wmul@product          cstackCOMRAM 000013
__accesstop              (abs)        000080
__activetblptr           (abs)        000002
__div_to_l_              text10       002B2E
__div_to_l_@cntr         cstackCOMRAM 00000B
__div_to_l_@exp1         cstackCOMRAM 00000C
__div_to_l_@f1           cstackCOMRAM 000001
__div_to_l_@f2           cstackCOMRAM 000004
__div_to_l_@quot         cstackCOMRAM 000007
__end_of_BusyADC         text42       00374E
__end_of_BusyXLCD        text30       003524
__end_of_CloseADC        text34       00375C
__end_of_ConvertADC      text41       003760
__end_of_Delay10KTCYx    text29       00370E
__end_of_Delay1KTCYx     text28       003734
__end_of_Delay1Sec       text40       00364E
__end_of_DelayFor18TCY   text31       0036F8
__end_of_DelayHalfSec    text39       003620
__end_of_DelayPORXLCD    text27       003756
__end_of_OpenADC         text33       003340
__end_of_OpenXLCD        text24       003076
__end_of_ReadADC         text38       003742
__end_of_SetChanADC      text37       003724
__end_of_SetDDRamAddr    text26       0033EE
__end_of_WriteCmdXLCD    text25       0034EA
__end_of_WriteDataXLCD   text22       0034AC
__end_of___awdiv         text8        00318A
__end_of___awmod         text7        00327C
__end_of___ftadd         text16       0029FC
__end_of___ftdiv         text19       002F24
__end_of___ftge          text18       003106
__end_of___ftmul         text6        002D4A
__end_of___ftneg         text17       003698
__end_of___ftpack        text36       002FD2
__end_of___ftsub         text15       00346E
__end_of___fttol         text14       002E3E
__end_of___lldiv         text13       00320C
__end_of___llmod         text12       0032E2
__end_of___lltoft        text11       00339C
__end_of___lwtoft        text35       0036BC
__end_of___wmul          text5        003674
__end_of__div_to_l_      text10       002C56
__end_of__initialization cinit        003424
__end_of__npowers_       smallconst   001077
__end_of__powers_        smallconst   001050
__end_of__tdiv_to_l_     text9        002B2E
__end_of_dpowers         smallconst   001029
__end_of_fround          text4        002850
__end_of_init_ADC        text32       0035C4
__end_of_init_XLCD       text23       00355C
__end_of_isdigit         text3        0036DA
__end_of_main            text0        00260A
__end_of_putrsXLCD       text21       003590
__end_of_putsXLCD        text20       0035F2
__end_of_scale           text2        002376
__end_of_sprintf         text1        001F86
__initialization         cinit        0033EE
__mediumconst            mediumconst  000000
__npowers_               smallconst   001050
__pbssBANK0              bssBANK0     00009A
__pbssCOMRAM             bssCOMRAM    000073
__pcinit                 cinit        0033EE
__pcstackBANK0           cstackBANK0  000080
__pcstackCOMRAM          cstackCOMRAM 000001
__pdataCOMRAM            dataCOMRAM   00007B
__pidataCOMRAM           idataCOMRAM  003760
__powers_                smallconst   001029
__psmallconst            smallconst   001000
__ptext0                 text0        002376
__ptext1                 text1        0010B6
__ptext10                text10       002B2E
__ptext11                text11       003340
__ptext12                text12       00327C
__ptext13                text13       00318A
__ptext14                text14       002D4A
__ptext15                text15       00342E
__ptext16                text16       002850
__ptext17                text17       003674
__ptext18                text18       003076
__ptext19                text19       002E3E
__ptext2                 text2        001F86
__ptext20                text20       0035C4
__ptext21                text21       00355C
__ptext22                text22       00346E
__ptext23                text23       003524
__ptext24                text24       002FD2
__ptext25                text25       0034AC
__ptext26                text26       00339C
__ptext27                text27       00374E
__ptext28                text28       003724
__ptext29                text29       0036F8
__ptext3                 text3        0036BC
__ptext30                text30       0034EA
__ptext31                text31       0036DA
__ptext32                text32       003590
__ptext33                text33       0032E2
__ptext34                text34       003756
__ptext35                text35       003698
__ptext36                text36       002F24
__ptext37                text37       00370E
__ptext38                text38       003734
__ptext39                text39       0035F2
__ptext4                 text4        00260A
__ptext40                text40       003620
__ptext41                text41       00375C
__ptext42                text42       003742
__ptext5                 text5        00364E
__ptext6                 text6        002C56
__ptext7                 text7        00320C
__ptext8                 text8        003106
__ptext9                 text9        0029FC
__ramtop                 ramtop       001000
__size_of_BusyADC        (abs)        000000
__size_of_BusyXLCD       (abs)        000000
__size_of_CloseADC       (abs)        000000
__size_of_ConvertADC     (abs)        000000
__size_of_Delay10KTCYx   (abs)        000000
__size_of_Delay1KTCYx    (abs)        000000
__size_of_Delay1Sec      (abs)        000000
__size_of_DelayFor18TCY  (abs)        000000
__size_of_DelayHalfSec   (abs)        000000
__size_of_DelayPORXLCD   (abs)        000000
__size_of_OpenADC        (abs)        000000
__size_of_OpenXLCD       (abs)        000000
__size_of_ReadADC        (abs)        000000
__size_of_SetChanADC     (abs)        000000
__size_of_SetDDRamAddr   (abs)        000000
__size_of_WriteCmdXLCD   (abs)        000000
__size_of_WriteDataXLCD  (abs)        000000
__size_of___awdiv        (abs)        000000
__size_of___awmod        (abs)        000000
__size_of___ftadd        (abs)        000000
__size_of___ftdiv        (abs)        000000
__size_of___ftge         (abs)        000000
__size_of___ftmul        (abs)        000000
__size_of___ftneg        (abs)        000000
__size_of___ftpack       (abs)        000000
__size_of___ftsub        (abs)        000000
__size_of___fttol        (abs)        000000
__size_of___lldiv        (abs)        000000
__size_of___llmod        (abs)        000000
__size_of___lltoft       (abs)        000000
__size_of___lwtoft       (abs)        000000
__size_of___wmul         (abs)        000000
__size_of__div_to_l_     (abs)        000000
__size_of__tdiv_to_l_    (abs)        000000
__size_of_fround         (abs)        000000
__size_of_init_ADC       (abs)        000000
__size_of_init_XLCD      (abs)        000000
__size_of_isdigit        (abs)        000000
__size_of_main           (abs)        000000
__size_of_putrsXLCD      (abs)        000000
__size_of_putsXLCD       (abs)        000000
__size_of_scale          (abs)        000000
__size_of_sprintf        (abs)        000000
__smallconst             smallconst   001000
__tdiv_to_l_             text9        0029FC
__tdiv_to_l_@cntr        cstackCOMRAM 00000E
__tdiv_to_l_@exp1        cstackCOMRAM 00000F
__tdiv_to_l_@f1          cstackCOMRAM 000001
__tdiv_to_l_@f2          cstackCOMRAM 000004
__tdiv_to_l_@quot        cstackCOMRAM 00000A
_dpowers                 smallconst   001001
_fround                  text4        00260A
_fround$1612             cstackCOMRAM 000045
_fround$1613             cstackCOMRAM 000042
_init_ADC                text32       003590
_init_XLCD               text23       003524
_isdigit                 text3        0036BC
_isdigit$1257            cstackCOMRAM 000002
_main                    text0        002376
_main$1611               cstackCOMRAM 00006C
_putrsXLCD               text21       00355C
_putsXLCD                text20       0035C4
_scale                   text2        001F86
_scale$1614              cstackCOMRAM 000042
_sprintf                 text1        0010B6
_sprintf$1615            cstackBANK0  000080
_u_AN0                   bssCOMRAM    000076
_vRef                    dataCOMRAM   00007B
_voltage                 bssCOMRAM    000073
end_of_initialization    cinit        003424
fround@prec              cstackCOMRAM 000048
init_ADC@channel         cstackCOMRAM 000006
init_ADC@config1         cstackCOMRAM 000009
init_ADC@config2         cstackCOMRAM 00000A
init_ADC@config3         cstackCOMRAM 000007
init_ADC@i               cstackCOMRAM 000008
init_ADC@portconfig      cstackCOMRAM 00000B
intlevel0                text         000000
intlevel1                text         000000
intlevel2                text         000000
intlevel3                text         000000
isdigit@c                cstackCOMRAM 000003
main@i                   cstackCOMRAM 00006F
main@i_233               cstackCOMRAM 000071
putrsXLCD@buffer         cstackCOMRAM 000002
putsXLCD@buffer          cstackCOMRAM 000002
scale@scl                cstackCOMRAM 000045
sprintf@ap               cstackBANK0  000083
sprintf@c                cstackBANK0  000099
sprintf@exp              cstackBANK0  000092
sprintf@f                cstackCOMRAM 000060
sprintf@flag             cstackBANK0  000088
sprintf@fval             cstackBANK0  000096
sprintf@prec             cstackBANK0  000094
sprintf@sp               cstackCOMRAM 00005E
sprintf@temp             cstackBANK0  000085
sprintf@tmpval           cstackBANK0  00008A
sprintf@val              cstackBANK0  00008E
stackhi                  (abs)        000F7F
stacklo                  (abs)        0000A4
start                    init         000000
start_initialization     cinit        0033EE


FUNCTION INFORMATION:

 *************** function _main *****************
 Defined at:
		line 45 in file "lcd_trials_4bits.c"
 Parameters:    Size  Location     Type
		None
 Auto vars:     Size  Location     Type
  i               2  112[COMRAM] int 
  i               2  110[COMRAM] int 
 Return value:  Size  Location     Type
                  1    wreg      void 
 Registers used:
		wreg, fsr2l, fsr2h, status,2, status,0, tblptrl, tblptrh, tblptru, prodl, prodh, cstack
 Tracked objects:
		On entry : 
		On exit  : 
		Unchanged: 
 Data sizes:     COMRAM   BANK0   BANK1   BANK2   BANK3   BANK4   BANK5   BANK6   BANK7   BANK8   BANK9  BANK10  BANK11  BANK12  BANK13  BANK14  BANK15
      Params:         0       0       0       0       0       0       0       0       0       0       0       0       0       0       0       0       0
      Locals:         7       0       0       0       0       0       0       0       0       0       0       0       0       0       0       0       0
      Temps:          1       0       0       0       0       0       0       0       0       0       0       0       0       0       0       0       0
      Totals:         8       0       0       0       0       0       0       0       0       0       0       0       0       0       0       0       0
Total ram usage:        8 bytes
 Hardware stack levels required when called:    4
 This function calls:
		_BusyADC
		_ConvertADC
		_Delay1Sec
		_DelayHalfSec
		_ReadADC
		_SetChanADC
		_SetDDRamAddr
		___ftdiv
		___ftmul
		___lwtoft
		_init_ADC
		_init_XLCD
		_putrsXLCD
		_putsXLCD
		_sprintf
 This function is called by:
		Startup code after reset
 This function uses a non-reentrant model


 *************** function _sprintf *****************
 Defined at:
		line 492 in file "C:\Program Files (x86)\Microchip\xc8\v1.42\sources\common\doprnt.c"
 Parameters:    Size  Location     Type
  sp              2   93[COMRAM] PTR unsigned char 
		 -> ResultString(10), 
  f               2   95[COMRAM] PTR const unsigned char 
		 -> STR_7(5), STR_5(5), 
 Auto vars:     Size  Location     Type
  temp            3    5[BANK0 ] PTR const unsigned char 
  val             4   14[BANK0 ] unsigned long 
  tmpval          4   10[BANK0 ] struct .
  fval            3   22[BANK0 ] struct .
  cp              3    0        PTR const unsigned char 
  prec            2   20[BANK0 ] int 
  exp             2   18[BANK0 ] int 
  flag            2    8[BANK0 ] unsigned short 
  ap              2    3[BANK0 ] PTR void [1]
		 -> ?_sprintf(2), 
  len             2    0        unsigned int 
  width           2    0        int 
  c               1   25[BANK0 ] char 
  d               1    0        unsigned char 
 Return value:  Size  Location     Type
                  2   93[COMRAM] int 
 Registers used:
		wreg, fsr2l, fsr2h, status,2, status,0, tblptrl, tblptrh, tblptru, prodl, prodh, cstack
 Tracked objects:
		On entry : 
		On exit  : 
		Unchanged: 
 Data sizes:     COMRAM   BANK0   BANK1   BANK2   BANK3   BANK4   BANK5   BANK6   BANK7   BANK8   BANK9  BANK10  BANK11  BANK12  BANK13  BANK14  BANK15
      Params:         7       0       0       0       0       0       0       0       0       0       0       0       0       0       0       0       0
      Locals:         0      26       0       0       0       0       0       0       0       0       0       0       0       0       0       0       0
      Temps:          6       0       0       0       0       0       0       0       0       0       0       0       0       0       0       0       0
      Totals:        13      26       0       0       0       0       0       0       0       0       0       0       0       0       0       0       0
Total ram usage:       39 bytes
 Hardware stack levels used:    1
 Hardware stack levels required when called:    3
 This function calls:
		___awdiv
		___awmod
		___ftadd
		___ftdiv
		___ftge
		___ftmul
		___ftneg
		___ftsub
		___fttol
		___lldiv
		___llmod
		___lltoft
		___wmul
		__div_to_l_
		__tdiv_to_l_
		_fround
		_isdigit
		_scale
 This function is called by:
		_main
 This function uses a non-reentrant model


 *************** function _scale *****************
 Defined at:
		line 425 in file "C:\Program Files (x86)\Microchip\xc8\v1.42\sources\common\doprnt.c"
 Parameters:    Size  Location     Type
  scl             1    wreg     char 
 Auto vars:     Size  Location     Type
  scl             1   68[COMRAM] char 
 Return value:  Size  Location     Type
                  3   62[COMRAM] char 
 Registers used:
		wreg, status,2, status,0, tblptrl, tblptrh, tblptru, prodl, prodh, cstack
 Tracked objects:
		On entry : 
		On exit  : 
		Unchanged: 
 Data sizes:     COMRAM   BANK0   BANK1   BANK2   BANK3   BANK4   BANK5   BANK6   BANK7   BANK8   BANK9  BANK10  BANK11  BANK12  BANK13  BANK14  BANK15
      Params:         3       0       0       0       0       0       0       0       0       0       0       0       0       0       0       0       0
      Locals:         4       0       0       0       0       0       0       0       0       0       0       0       0       0       0       0       0
      Temps:          0       0       0       0       0       0       0       0       0       0       0       0       0       0       0       0       0
      Totals:         7       0       0       0       0       0       0       0       0       0       0       0       0       0       0       0       0
Total ram usage:        7 bytes
 Hardware stack levels used:    1
 Hardware stack levels required when called:    2
 This function calls:
		___awdiv
		___awmod
		___ftmul
		___wmul
 This function is called by:
		_sprintf
 This function uses a non-reentrant model


 *************** function _isdigit *****************
 Defined at:
		line 8 in file "C:\Program Files (x86)\Microchip\xc8\v1.42\sources\common\isdigit.c"
 Parameters:    Size  Location     Type
  c               1    wreg     unsigned char 
 Auto vars:     Size  Location     Type
  c               1    2[COMRAM] unsigned char 
 Return value:  Size  Location     Type
		None               void
 Registers used:
		wreg, status,2, status,0
 Tracked objects:
		On entry : 
		On exit  : 
		Unchanged: 
 Data sizes:     COMRAM   BANK0   BANK1   BANK2   BANK3   BANK4   BANK5   BANK6   BANK7   BANK8   BANK9  BANK10  BANK11  BANK12  BANK13  BANK14  BANK15
      Params:         0       0       0       0       0       0       0       0       0       0       0       0       0       0       0       0       0
      Locals:         2       0       0       0       0       0       0       0       0       0       0       0       0       0       0       0       0
      Temps:          1       0       0       0       0       0       0       0       0       0       0       0       0       0       0       0       0
      Totals:         3       0       0       0       0       0       0       0       0       0       0       0       0       0       0       0       0
Total ram usage:        3 bytes
 Hardware stack levels used:    1
 This function calls:
		Nothing
 This function is called by:
		_sprintf
 This function uses a non-reentrant model


 *************** function _fround *****************
 Defined at:
		line 409 in file "C:\Program Files (x86)\Microchip\xc8\v1.42\sources\common\doprnt.c"
 Parameters:    Size  Location     Type
  prec            1    wreg     unsigned char 
 Auto vars:     Size  Location     Type
  prec            1   71[COMRAM] unsigned char 
 Return value:  Size  Location     Type
                  3   62[COMRAM] unsigned char 
 Registers used:
		wreg, status,2, status,0, tblptrl, tblptrh, tblptru, prodl, prodh, cstack
 Tracked objects:
		On entry : 
		On exit  : 
		Unchanged: 
 Data sizes:     COMRAM   BANK0   BANK1   BANK2   BANK3   BANK4   BANK5   BANK6   BANK7   BANK8   BANK9  BANK10  BANK11  BANK12  BANK13  BANK14  BANK15
      Params:         3       0       0       0       0       0       0       0       0       0       0       0       0       0       0       0       0
      Locals:         7       0       0       0       0       0       0       0       0       0       0       0       0       0       0       0       0
      Temps:          0       0       0       0       0       0       0       0       0       0       0       0       0       0       0       0       0
      Totals:        10       0       0       0       0       0       0       0       0       0       0       0       0       0       0       0       0
Total ram usage:       10 bytes
 Hardware stack levels used:    1
 Hardware stack levels required when called:    2
 This function calls:
		___awdiv
		___awmod
		___ftmul
		___wmul
 This function is called by:
		_sprintf
 This function uses a non-reentrant model


 *************** function ___wmul *****************
 Defined at:
		line 15 in file "C:\Program Files (x86)\Microchip\xc8\v1.42\sources\common\Umul16.c"
 Parameters:    Size  Location     Type
  multiplier      2   14[COMRAM] unsigned int 
  multiplicand    2   16[COMRAM] unsigned int 
 Auto vars:     Size  Location     Type
  product         2   18[COMRAM] unsigned int 
 Return value:  Size  Location     Type
                  2   14[COMRAM] unsigned int 
 Registers used:
		wreg, status,2, status,0, prodl, prodh
 Tracked objects:
		On entry : 
		On exit  : 
		Unchanged: 
 Data sizes:     COMRAM   BANK0   BANK1   BANK2   BANK3   BANK4   BANK5   BANK6   BANK7   BANK8   BANK9  BANK10  BANK11  BANK12  BANK13  BANK14  BANK15
      Params:         4       0       0       0       0       0       0       0       0       0       0       0       0       0       0       0       0
      Locals:         2       0       0       0       0       0       0       0       0       0       0       0       0       0       0       0       0
      Temps:          0       0       0       0       0       0       0       0       0       0       0       0       0       0       0       0       0
      Totals:         6       0       0       0       0       0       0       0       0       0       0       0       0       0       0       0       0
Total ram usage:        6 bytes
 Hardware stack levels used:    1
 This function calls:
		Nothing
 This function is called by:
		_fround
		_scale
		_sprintf
 This function uses a non-reentrant model


 *************** function ___ftmul *****************
 Defined at:
		line 62 in file "C:\Program Files (x86)\Microchip\xc8\v1.42\sources\common\ftmul.c"
 Parameters:    Size  Location     Type
  f1              3   47[COMRAM] float 
  f2              3   50[COMRAM] float 
 Auto vars:     Size  Location     Type
  f3_as_produc    3   57[COMRAM] unsigned um
  sign            1   61[COMRAM] unsigned char 
  cntr            1   60[COMRAM] unsigned char 
  exp             1   56[COMRAM] unsigned char 
 Return value:  Size  Location     Type
                  3   47[COMRAM] float 
 Registers used:
		wreg, status,2, status,0, cstack
 Tracked objects:
		On entry : 
		On exit  : 
		Unchanged: 
 Data sizes:     COMRAM   BANK0   BANK1   BANK2   BANK3   BANK4   BANK5   BANK6   BANK7   BANK8   BANK9  BANK10  BANK11  BANK12  BANK13  BANK14  BANK15
      Params:         6       0       0       0       0       0       0       0       0       0       0       0       0       0       0       0       0
      Locals:         6       0       0       0       0       0       0       0       0       0       0       0       0       0       0       0       0
      Temps:          3       0       0       0       0       0       0       0       0       0       0       0       0       0       0       0       0
      Totals:        15       0       0       0       0       0       0       0       0       0       0       0       0       0       0       0       0
Total ram usage:       15 bytes
 Hardware stack levels used:    1
 Hardware stack levels required when called:    1
 This function calls:
		___ftpack
 This function is called by:
		_main
		_fround
		_scale
		_sprintf
 This function uses a non-reentrant model


 *************** function ___awmod *****************
 Defined at:
		line 8 in file "C:\Program Files (x86)\Microchip\xc8\v1.42\sources\common\awmod.c"
 Parameters:    Size  Location     Type
  dividend        2    0[COMRAM] int 
  divisor         2    2[COMRAM] int 
 Auto vars:     Size  Location     Type
  sign            1    5[COMRAM] unsigned char 
  counter         1    4[COMRAM] unsigned char 
 Return value:  Size  Location     Type
                  2    0[COMRAM] int 
 Registers used:
		wreg, status,2, status,0
 Tracked objects:
		On entry : 
		On exit  : 
		Unchanged: 
 Data sizes:     COMRAM   BANK0   BANK1   BANK2   BANK3   BANK4   BANK5   BANK6   BANK7   BANK8   BANK9  BANK10  BANK11  BANK12  BANK13  BANK14  BANK15
      Params:         4       0       0       0       0       0       0       0       0       0       0       0       0       0       0       0       0
      Locals:         2       0       0       0       0       0       0       0       0       0       0       0       0       0       0       0       0
      Temps:          0       0       0       0       0       0       0       0       0       0       0       0       0       0       0       0       0
      Totals:         6       0       0       0       0       0       0       0       0       0       0       0       0       0       0       0       0
Total ram usage:        6 bytes
 Hardware stack levels used:    1
 This function calls:
		Nothing
 This function is called by:
		_fround
		_scale
		_sprintf
 This function uses a non-reentrant model


 *************** function ___awdiv *****************
 Defined at:
		line 8 in file "C:\Program Files (x86)\Microchip\xc8\v1.42\sources\common\awdiv.c"
 Parameters:    Size  Location     Type
  dividend        2    6[COMRAM] int 
  divisor         2    8[COMRAM] int 
 Auto vars:     Size  Location     Type
  quotient        2   12[COMRAM] int 
  sign            1   11[COMRAM] unsigned char 
  counter         1   10[COMRAM] unsigned char 
 Return value:  Size  Location     Type
                  2    6[COMRAM] int 
 Registers used:
		wreg, status,2, status,0
 Tracked objects:
		On entry : 
		On exit  : 
		Unchanged: 
 Data sizes:     COMRAM   BANK0   BANK1   BANK2   BANK3   BANK4   BANK5   BANK6   BANK7   BANK8   BANK9  BANK10  BANK11  BANK12  BANK13  BANK14  BANK15
      Params:         4       0       0       0       0       0       0       0       0       0       0       0       0       0       0       0       0
      Locals:         4       0       0       0       0       0       0       0       0       0       0       0       0       0       0       0       0
      Temps:          0       0       0       0       0       0       0       0       0       0       0       0       0       0       0       0       0
      Totals:         8       0       0       0       0       0       0       0       0       0       0       0       0       0       0       0       0
Total ram usage:        8 bytes
 Hardware stack levels used:    1
 This function calls:
		Nothing
 This function is called by:
		_fround
		_scale
		_sprintf
 This function uses a non-reentrant model


 *************** function __tdiv_to_l_ *****************
 Defined at:
		line 60 in file "C:\Program Files (x86)\Microchip\xc8\v1.42\sources\common\ftdivl.c"
 Parameters:    Size  Location     Type
  f1              3    0[COMRAM] float 
  f2              3    3[COMRAM] float 
 Auto vars:     Size  Location     Type
  quot            4    9[COMRAM] unsigned long 
  exp1            1   14[COMRAM] unsigned char 
  cntr            1   13[COMRAM] unsigned char 
 Return value:  Size  Location     Type
                  4    0[COMRAM] unsigned long 
 Registers used:
		wreg, status,2, status,0
 Tracked objects:
		On entry : 
		On exit  : 
		Unchanged: 
 Data sizes:     COMRAM   BANK0   BANK1   BANK2   BANK3   BANK4   BANK5   BANK6   BANK7   BANK8   BANK9  BANK10  BANK11  BANK12  BANK13  BANK14  BANK15
      Params:         6       0       0       0       0       0       0       0       0       0       0       0       0       0       0       0       0
      Locals:         6       0       0       0       0       0       0       0       0       0       0       0       0       0       0       0       0
      Temps:          3       0       0       0       0       0       0       0       0       0       0       0       0       0       0       0       0
      Totals:        15       0       0       0       0       0       0       0       0       0       0       0       0       0       0       0       0
Total ram usage:       15 bytes
 Hardware stack levels used:    1
 This function calls:
		Nothing
 This function is called by:
		_sprintf
 This function uses a non-reentrant model


 *************** function __div_to_l_ *****************
 Defined at:
		line 60 in file "C:\Program Files (x86)\Microchip\xc8\v1.42\sources\common\fldivl.c"
 Parameters:    Size  Location     Type
  f1              3    0[COMRAM] unsigned long 
  f2              3    3[COMRAM] unsigned long 
 Auto vars:     Size  Location     Type
  quot            4    6[COMRAM] unsigned long 
  exp1            1   11[COMRAM] unsigned char 
  cntr            1   10[COMRAM] unsigned char 
 Return value:  Size  Location     Type
                  4    0[COMRAM] unsigned long 
 Registers used:
		wreg, status,2, status,0
 Tracked objects:
		On entry : 
		On exit  : 
		Unchanged: 
 Data sizes:     COMRAM   BANK0   BANK1   BANK2   BANK3   BANK4   BANK5   BANK6   BANK7   BANK8   BANK9  BANK10  BANK11  BANK12  BANK13  BANK14  BANK15
      Params:         6       0       0       0       0       0       0       0       0       0       0       0       0       0       0       0       0
      Locals:         6       0       0       0       0       0       0       0       0       0       0       0       0       0       0       0       0
      Temps:          0       0       0       0       0       0       0       0       0       0       0       0       0       0       0       0       0
      Totals:        12       0       0       0       0       0       0       0       0       0       0       0       0       0       0       0       0
Total ram usage:       12 bytes
 Hardware stack levels used:    1
 This function calls:
		Nothing
 This function is called by:
		_sprintf
 This function uses a non-reentrant model


 *************** function ___lltoft *****************
 Defined at:
		line 35 in file "C:\Program Files (x86)\Microchip\xc8\v1.42\sources\common\lltoft.c"
 Parameters:    Size  Location     Type
  c               4   35[COMRAM] unsigned long 
 Auto vars:     Size  Location     Type
  exp             1   43[COMRAM] unsigned char 
 Return value:  Size  Location     Type
                  3   35[COMRAM] float 
 Registers used:
		wreg, status,2, status,0, cstack
 Tracked objects:
		On entry : 
		On exit  : 
		Unchanged: 
 Data sizes:     COMRAM   BANK0   BANK1   BANK2   BANK3   BANK4   BANK5   BANK6   BANK7   BANK8   BANK9  BANK10  BANK11  BANK12  BANK13  BANK14  BANK15
      Params:         4       0       0       0       0       0       0       0       0       0       0       0       0       0       0       0       0
      Locals:         1       0       0       0       0       0       0       0       0       0       0       0       0       0       0       0       0
      Temps:          4       0       0       0       0       0       0       0       0       0       0       0       0       0       0       0       0
      Totals:         9       0       0       0       0       0       0       0       0       0       0       0       0       0       0       0       0
Total ram usage:        9 bytes
 Hardware stack levels used:    1
 Hardware stack levels required when called:    1
 This function calls:
		___ftpack
 This function is called by:
		_sprintf
 This function uses a non-reentrant model


 *************** function ___llmod *****************
 Defined at:
		line 8 in file "C:\Program Files (x86)\Microchip\xc8\v1.42\sources\common\llmod.c"
 Parameters:    Size  Location     Type
  dividend        4    0[COMRAM] unsigned long 
  divisor         4    4[COMRAM] unsigned long 
 Auto vars:     Size  Location     Type
  counter         1    8[COMRAM] unsigned char 
 Return value:  Size  Location     Type
                  4    0[COMRAM] unsigned long 
 Registers used:
		wreg, status,2, status,0
 Tracked objects:
		On entry : 
		On exit  : 
		Unchanged: 
 Data sizes:     COMRAM   BANK0   BANK1   BANK2   BANK3   BANK4   BANK5   BANK6   BANK7   BANK8   BANK9  BANK10  BANK11  BANK12  BANK13  BANK14  BANK15
      Params:         8       0       0       0       0       0       0       0       0       0       0       0       0       0       0       0       0
      Locals:         1       0       0       0       0       0       0       0       0       0       0       0       0       0       0       0       0
      Temps:          0       0       0       0       0       0       0       0       0       0       0       0       0       0       0       0       0
      Totals:         9       0       0       0       0       0       0       0       0       0       0       0       0       0       0       0       0
Total ram usage:        9 bytes
 Hardware stack levels used:    1
 This function calls:
		Nothing
 This function is called by:
		_sprintf
 This function uses a non-reentrant model


 *************** function ___lldiv *****************
 Defined at:
		line 8 in file "C:\Program Files (x86)\Microchip\xc8\v1.42\sources\common\lldiv.c"
 Parameters:    Size  Location     Type
  dividend        4    0[COMRAM] unsigned long 
  divisor         4    4[COMRAM] unsigned long 
 Auto vars:     Size  Location     Type
  quotient        4    8[COMRAM] unsigned long 
  counter         1   12[COMRAM] unsigned char 
 Return value:  Size  Location     Type
                  4    0[COMRAM] unsigned long 
 Registers used:
		wreg, status,2, status,0
 Tracked objects:
		On entry : 
		On exit  : 
		Unchanged: 
 Data sizes:     COMRAM   BANK0   BANK1   BANK2   BANK3   BANK4   BANK5   BANK6   BANK7   BANK8   BANK9  BANK10  BANK11  BANK12  BANK13  BANK14  BANK15
      Params:         8       0       0       0       0       0       0       0       0       0       0       0       0       0       0       0       0
      Locals:         5       0       0       0       0       0       0       0       0       0       0       0       0       0       0       0       0
      Temps:          0       0       0       0       0       0       0       0       0       0       0       0       0       0       0       0       0
      Totals:        13       0       0       0       0       0       0       0       0       0       0       0       0       0       0       0       0
Total ram usage:       13 bytes
 Hardware stack levels used:    1
 This function calls:
		Nothing
 This function is called by:
		_sprintf
 This function uses a non-reentrant model


 *************** function ___fttol *****************
 Defined at:
		line 44 in file "C:\Program Files (x86)\Microchip\xc8\v1.42\sources\common\fttol.c"
 Parameters:    Size  Location     Type
  f1              3   20[COMRAM] float 
 Auto vars:     Size  Location     Type
  lval            4   30[COMRAM] unsigned long 
  exp1            1   34[COMRAM] unsigned char 
  sign1           1   29[COMRAM] unsigned char 
 Return value:  Size  Location     Type
                  4   20[COMRAM] long 
 Registers used:
		wreg, status,2, status,0
 Tracked objects:
		On entry : 
		On exit  : 
		Unchanged: 
 Data sizes:     COMRAM   BANK0   BANK1   BANK2   BANK3   BANK4   BANK5   BANK6   BANK7   BANK8   BANK9  BANK10  BANK11  BANK12  BANK13  BANK14  BANK15
      Params:         4       0       0       0       0       0       0       0       0       0       0       0       0       0       0       0       0
      Locals:         6       0       0       0       0       0       0       0       0       0       0       0       0       0       0       0       0
      Temps:          5       0       0       0       0       0       0       0       0       0       0       0       0       0       0       0       0
      Totals:        15       0       0       0       0       0       0       0       0       0       0       0       0       0       0       0       0
Total ram usage:       15 bytes
 Hardware stack levels used:    1
 This function calls:
		Nothing
 This function is called by:
		_sprintf
 This function uses a non-reentrant model


 *************** function ___ftsub *****************
 Defined at:
		line 20 in file "C:\Program Files (x86)\Microchip\xc8\v1.42\sources\common\ftsub.c"
 Parameters:    Size  Location     Type
  f1              3   84[COMRAM] float 
  f2              3   87[COMRAM] float 
 Auto vars:     Size  Location     Type
		None
 Return value:  Size  Location     Type
                  3   84[COMRAM] float 
 Registers used:
		wreg, status,2, status,0, cstack
 Tracked objects:
		On entry : 
		On exit  : 
		Unchanged: 
 Data sizes:     COMRAM   BANK0   BANK1   BANK2   BANK3   BANK4   BANK5   BANK6   BANK7   BANK8   BANK9  BANK10  BANK11  BANK12  BANK13  BANK14  BANK15
      Params:         6       0       0       0       0       0       0       0       0       0       0       0       0       0       0       0       0
      Locals:         0       0       0       0       0       0       0       0       0       0       0       0       0       0       0       0       0
      Temps:          0       0       0       0       0       0       0       0       0       0       0       0       0       0       0       0       0
      Totals:         6       0       0       0       0       0       0       0       0       0       0       0       0       0       0       0       0
Total ram usage:        6 bytes
 Hardware stack levels used:    1
 Hardware stack levels required when called:    2
 This function calls:
		___ftadd
 This function is called by:
		_sprintf
 This function uses a non-reentrant model


 *************** function ___ftadd *****************
 Defined at:
		line 86 in file "C:\Program Files (x86)\Microchip\xc8\v1.42\sources\common\ftadd.c"
 Parameters:    Size  Location     Type
  f1              3   72[COMRAM] float 
  f2              3   75[COMRAM] float 
 Auto vars:     Size  Location     Type
  exp1            1   83[COMRAM] unsigned char 
  exp2            1   82[COMRAM] unsigned char 
  sign            1   81[COMRAM] unsigned char 
 Return value:  Size  Location     Type
                  3   72[COMRAM] float 
 Registers used:
		wreg, status,2, status,0, cstack
 Tracked objects:
		On entry : 
		On exit  : 
		Unchanged: 
 Data sizes:     COMRAM   BANK0   BANK1   BANK2   BANK3   BANK4   BANK5   BANK6   BANK7   BANK8   BANK9  BANK10  BANK11  BANK12  BANK13  BANK14  BANK15
      Params:         6       0       0       0       0       0       0       0       0       0       0       0       0       0       0       0       0
      Locals:         3       0       0       0       0       0       0       0       0       0       0       0       0       0       0       0       0
      Temps:          3       0       0       0       0       0       0       0       0       0       0       0       0       0       0       0       0
      Totals:        12       0       0       0       0       0       0       0       0       0       0       0       0       0       0       0       0
Total ram usage:       12 bytes
 Hardware stack levels used:    1
 Hardware stack levels required when called:    1
 This function calls:
		___ftpack
 This function is called by:
		_sprintf
		___ftsub
 This function uses a non-reentrant model


 *************** function ___ftneg *****************
 Defined at:
		line 15 in file "C:\Program Files (x86)\Microchip\xc8\v1.42\sources\common\ftneg.c"
 Parameters:    Size  Location     Type
  f1              3   44[COMRAM] float 
 Auto vars:     Size  Location     Type
		None
 Return value:  Size  Location     Type
                  3   44[COMRAM] float 
 Registers used:
		wreg, status,2, status,0
 Tracked objects:
		On entry : 
		On exit  : 
		Unchanged: 
 Data sizes:     COMRAM   BANK0   BANK1   BANK2   BANK3   BANK4   BANK5   BANK6   BANK7   BANK8   BANK9  BANK10  BANK11  BANK12  BANK13  BANK14  BANK15
      Params:         3       0       0       0       0       0       0       0       0       0       0       0       0       0       0       0       0
      Locals:         0       0       0       0       0       0       0       0       0       0       0       0       0       0       0       0       0
      Temps:          0       0       0       0       0       0       0       0       0       0       0       0       0       0       0       0       0
      Totals:         3       0       0       0       0       0       0       0       0       0       0       0       0       0       0       0       0
Total ram usage:        3 bytes
 Hardware stack levels used:    1
 This function calls:
		Nothing
 This function is called by:
		_sprintf
 This function uses a non-reentrant model


 *************** function ___ftge *****************
 Defined at:
		line 4 in file "C:\Program Files (x86)\Microchip\xc8\v1.42\sources\common\ftge.c"
 Parameters:    Size  Location     Type
  ff1             3   84[COMRAM] float 
  ff2             3   87[COMRAM] float 
 Auto vars:     Size  Location     Type
		None
 Return value:  Size  Location     Type
		None               void
 Registers used:
		wreg, status,2, status,0
 Tracked objects:
		On entry : 
		On exit  : 
		Unchanged: 
 Data sizes:     COMRAM   BANK0   BANK1   BANK2   BANK3   BANK4   BANK5   BANK6   BANK7   BANK8   BANK9  BANK10  BANK11  BANK12  BANK13  BANK14  BANK15
      Params:         6       0       0       0       0       0       0       0       0       0       0       0       0       0       0       0       0
      Locals:         0       0       0       0       0       0       0       0       0       0       0       0       0       0       0       0       0
      Temps:          3       0       0       0       0       0       0       0       0       0       0       0       0       0       0       0       0
      Totals:         9       0       0       0       0       0       0       0       0       0       0       0       0       0       0       0       0
Total ram usage:        9 bytes
 Hardware stack levels used:    1
 This function calls:
		Nothing
 This function is called by:
		_sprintf
 This function uses a non-reentrant model


 *************** function ___ftdiv *****************
 Defined at:
		line 54 in file "C:\Program Files (x86)\Microchip\xc8\v1.42\sources\common\ftdiv.c"
 Parameters:    Size  Location     Type
  f1              3   69[COMRAM] float 
  f2              3   72[COMRAM] float 
 Auto vars:     Size  Location     Type
  f3              3   79[COMRAM] float 
  sign            1   83[COMRAM] unsigned char 
  exp             1   82[COMRAM] unsigned char 
  cntr            1   78[COMRAM] unsigned char 
 Return value:  Size  Location     Type
                  3   69[COMRAM] float 
 Registers used:
		wreg, status,2, status,0, cstack
 Tracked objects:
		On entry : 
		On exit  : 
		Unchanged: 
 Data sizes:     COMRAM   BANK0   BANK1   BANK2   BANK3   BANK4   BANK5   BANK6   BANK7   BANK8   BANK9  BANK10  BANK11  BANK12  BANK13  BANK14  BANK15
      Params:         6       0       0       0       0       0       0       0       0       0       0       0       0       0       0       0       0
      Locals:         6       0       0       0       0       0       0       0       0       0       0       0       0       0       0       0       0
      Temps:          3       0       0       0       0       0       0       0       0       0       0       0       0       0       0       0       0
      Totals:        15       0       0       0       0       0       0       0       0       0       0       0       0       0       0       0       0
Total ram usage:       15 bytes
 Hardware stack levels used:    1
 Hardware stack levels required when called:    1
 This function calls:
		___ftpack
 This function is called by:
		_main
		_sprintf
 This function uses a non-reentrant model


 *************** function _putsXLCD *****************
 Defined at:
		line 16 in file "putsxlcd.c"
 Parameters:    Size  Location     Type
  buffer          2    1[COMRAM] PTR unsigned char 
		 -> ResultString(10), 
 Auto vars:     Size  Location     Type
		None
 Return value:  Size  Location     Type
                  1    wreg      void 
 Registers used:
		wreg, fsr2l, fsr2h, status,2, status,0, cstack
 Tracked objects:
		On entry : 
		On exit  : 
		Unchanged: 
 Data sizes:     COMRAM   BANK0   BANK1   BANK2   BANK3   BANK4   BANK5   BANK6   BANK7   BANK8   BANK9  BANK10  BANK11  BANK12  BANK13  BANK14  BANK15
      Params:         2       0       0       0       0       0       0       0       0       0       0       0       0       0       0       0       0
      Locals:         0       0       0       0       0       0       0       0       0       0       0       0       0       0       0       0       0
      Temps:          0       0       0       0       0       0       0       0       0       0       0       0       0       0       0       0       0
      Totals:         2       0       0       0       0       0       0       0       0       0       0       0       0       0       0       0       0
Total ram usage:        2 bytes
 Hardware stack levels used:    1
 Hardware stack levels required when called:    2
 This function calls:
		_BusyXLCD
		_WriteDataXLCD
 This function is called by:
		_main
 This function uses a non-reentrant model


 *************** function _putrsXLCD *****************
 Defined at:
		line 16 in file "putrxlcd.c"
 Parameters:    Size  Location     Type
  buffer          2    1[COMRAM] PTR const unsigned char 
		 -> STR_8(6), STR_6(6), STR_4(17), STR_3(17), 
		 -> STR_2(5), STR_1(17), 
 Auto vars:     Size  Location     Type
		None
 Return value:  Size  Location     Type
                  1    wreg      void 
 Registers used:
		wreg, status,2, status,0, tblptrl, tblptrh, tblptru, cstack
 Tracked objects:
		On entry : 
		On exit  : 
		Unchanged: 
 Data sizes:     COMRAM   BANK0   BANK1   BANK2   BANK3   BANK4   BANK5   BANK6   BANK7   BANK8   BANK9  BANK10  BANK11  BANK12  BANK13  BANK14  BANK15
      Params:         2       0       0       0       0       0       0       0       0       0       0       0       0       0       0       0       0
      Locals:         0       0       0       0       0       0       0       0       0       0       0       0       0       0       0       0       0
      Temps:          0       0       0       0       0       0       0       0       0       0       0       0       0       0       0       0       0
      Totals:         2       0       0       0       0       0       0       0       0       0       0       0       0       0       0       0       0
Total ram usage:        2 bytes
 Hardware stack levels used:    1
 Hardware stack levels required when called:    2
 This function calls:
		_BusyXLCD
		_WriteDataXLCD
 This function is called by:
		_main
 This function uses a non-reentrant model


 *************** function _WriteDataXLCD *****************
 Defined at:
		line 16 in file "writdata.c"
 Parameters:    Size  Location     Type
  data            1    wreg     unsigned char 
 Auto vars:     Size  Location     Type
  data            1    0[COMRAM] unsigned char 
 Return value:  Size  Location     Type
                  1    wreg      void 
 Registers used:
		wreg, status,2, status,0, cstack
 Tracked objects:
		On entry : 
		On exit  : 
		Unchanged: 
 Data sizes:     COMRAM   BANK0   BANK1   BANK2   BANK3   BANK4   BANK5   BANK6   BANK7   BANK8   BANK9  BANK10  BANK11  BANK12  BANK13  BANK14  BANK15
[...]
                  1    wreg      void 
 Registers used:
		None
 Tracked objects:
		On entry : 
		On exit  : 
		Unchanged: 
 Data sizes:     COMRAM   BANK0   BANK1   BANK2   BANK3   BANK4   BANK5   BANK6   BANK7   BANK8   BANK9  BANK10  BANK11  BANK12  BANK13  BANK14  BANK15
      Params:         0       0       0       0       0       0       0       0       0       0       0       0       0       0       0       0       0
      Locals:         0       0       0       0       0       0       0       0       0       0       0       0       0       0       0       0       0
      Temps:          0       0       0       0       0       0       0       0       0       0       0       0       0       0       0       0       0
      Totals:         0       0       0       0       0       0       0       0       0       0       0       0       0       0       0       0       0
Total ram usage:        0 bytes
 Hardware stack levels used:    1
 This function calls:
		Nothing
 This function is called by:
		_init_ADC
 This function uses a non-reentrant model


 *************** function ___lwtoft *****************
 Defined at:
		line 28 in file "C:\Program Files (x86)\Microchip\xc8\v1.42\sources\common\lwtoft.c"
 Parameters:    Size  Location     Type
  c               2    8[COMRAM] unsigned int 
 Auto vars:     Size  Location     Type
		None
 Return value:  Size  Location     Type
                  3    8[COMRAM] float 
 Registers used:
		wreg, status,2, status,0, cstack
 Tracked objects:
		On entry : 
		On exit  : 
		Unchanged: 
 Data sizes:     COMRAM   BANK0   BANK1   BANK2   BANK3   BANK4   BANK5   BANK6   BANK7   BANK8   BANK9  BANK10  BANK11  BANK12  BANK13  BANK14  BANK15
      Params:         3       0       0       0       0       0       0       0       0       0       0       0       0       0       0       0       0
      Locals:         0       0       0       0       0       0       0       0       0       0       0       0       0       0       0       0       0
      Temps:          0       0       0       0       0       0       0       0       0       0       0       0       0       0       0       0       0
      Totals:         3       0       0       0       0       0       0       0       0       0       0       0       0       0       0       0       0
Total ram usage:        3 bytes
 Hardware stack levels used:    1
 Hardware stack levels required when called:    1
 This function calls:
		___ftpack
 This function is called by:
		_main
 This function uses a non-reentrant model


 *************** function ___ftpack *****************
 Defined at:
		line 62 in file "C:\Program Files (x86)\Microchip\xc8\v1.42\sources\common\float.c"
 Parameters:    Size  Location     Type
  arg             3    0[COMRAM] unsigned um
  exp             1    3[COMRAM] unsigned char 
  sign            1    4[COMRAM] unsigned char 
 Auto vars:     Size  Location     Type
		None
 Return value:  Size  Location     Type
                  3    0[COMRAM] float 
 Registers used:
		wreg, status,2, status,0
 Tracked objects:
		On entry : 
		On exit  : 
		Unchanged: 
 Data sizes:     COMRAM   BANK0   BANK1   BANK2   BANK3   BANK4   BANK5   BANK6   BANK7   BANK8   BANK9  BANK10  BANK11  BANK12  BANK13  BANK14  BANK15
      Params:         5       0       0       0       0       0       0       0       0       0       0       0       0       0       0       0       0
      Locals:         0       0       0       0       0       0       0       0       0       0       0       0       0       0       0       0       0
      Temps:          3       0       0       0       0       0       0       0       0       0       0       0       0       0       0       0       0
      Totals:         8       0       0       0       0       0       0       0       0       0       0       0       0       0       0       0       0
Total ram usage:        8 bytes
 Hardware stack levels used:    1
 This function calls:
		Nothing
 This function is called by:
		___ftadd
		___ftdiv
		___ftmul
		___lltoft
		___lwtoft
 This function uses a non-reentrant model


 *************** function _SetChanADC *****************
 Defined at:
		line 30 in file "C:\Program Files (x86)\Microchip\xc8\v1.42\sources\pic18\plib\ADC\adcsetch.c"
 Parameters:    Size  Location     Type
  channel         1    wreg     unsigned char 
 Auto vars:     Size  Location     Type
  channel         1    1[COMRAM] unsigned char 
 Return value:  Size  Location     Type
                  1    wreg      void 
 Registers used:
		wreg, status,2, status,0
 Tracked objects:
		On entry : 
		On exit  : 
		Unchanged: 
 Data sizes:     COMRAM   BANK0   BANK1   BANK2   BANK3   BANK4   BANK5   BANK6   BANK7   BANK8   BANK9  BANK10  BANK11  BANK12  BANK13  BANK14  BANK15
      Params:         0       0       0       0       0       0       0       0       0       0       0       0       0       0       0       0       0
      Locals:         1       0       0       0       0       0       0       0       0       0       0       0       0       0       0       0       0
      Temps:          1       0       0       0       0       0       0       0       0       0       0       0       0       0       0       0       0
      Totals:         2       0       0       0       0       0       0       0       0       0       0       0       0       0       0       0       0
Total ram usage:        2 bytes
 Hardware stack levels used:    1
 This function calls:
		Nothing
 This function is called by:
		_main
 This function uses a non-reentrant model


 *************** function _ReadADC *****************
 Defined at:
		line 24 in file "C:\Program Files (x86)\Microchip\xc8\v1.42\sources\pic18\plib\ADC\adcread.c"
 Parameters:    Size  Location     Type
		None
 Auto vars:     Size  Location     Type
		None
 Return value:  Size  Location     Type
                  2    0[COMRAM] int 
 Registers used:
		wreg, status,2
 Tracked objects:
		On entry : 
		On exit  : 
		Unchanged: 
 Data sizes:     COMRAM   BANK0   BANK1   BANK2   BANK3   BANK4   BANK5   BANK6   BANK7   BANK8   BANK9  BANK10  BANK11  BANK12  BANK13  BANK14  BANK15
      Params:         2       0       0       0       0       0       0       0       0       0       0       0       0       0       0       0       0
      Locals:         0       0       0       0       0       0       0       0       0       0       0       0       0       0       0       0       0
      Temps:          2       0       0       0       0       0       0       0       0       0       0       0       0       0       0       0       0
      Totals:         4       0       0       0       0       0       0       0       0       0       0       0       0       0       0       0       0
Total ram usage:        4 bytes
 Hardware stack levels used:    1
 This function calls:
		Nothing
 This function is called by:
		_main
 This function uses a non-reentrant model


 *************** function _DelayHalfSec *****************
 Defined at:
		line 48 in file "LCD_user_functions.h"
 Parameters:    Size  Location     Type
		None
 Auto vars:     Size  Location     Type
  cntDelay        2    1[COMRAM] int 
 Return value:  Size  Location     Type
                  1    wreg      void 
 Registers used:
		wreg, status,2, status,0
 Tracked objects:
		On entry : 
		On exit  : 
		Unchanged: 
 Data sizes:     COMRAM   BANK0   BANK1   BANK2   BANK3   BANK4   BANK5   BANK6   BANK7   BANK8   BANK9  BANK10  BANK11  BANK12  BANK13  BANK14  BANK15
      Params:         0       0       0       0       0       0       0       0       0       0       0       0       0       0       0       0       0
      Locals:         2       0       0       0       0       0       0       0       0       0       0       0       0       0       0       0       0
      Temps:          1       0       0       0       0       0       0       0       0       0       0       0       0       0       0       0       0
      Totals:         3       0       0       0       0       0       0       0       0       0       0       0       0       0       0       0       0
Total ram usage:        3 bytes
 Hardware stack levels used:    1
 This function calls:
		Nothing
 This function is called by:
		_main
 This function uses a non-reentrant model


 *************** function _Delay1Sec *****************
 Defined at:
		line 44 in file "LCD_user_functions.h"
 Parameters:    Size  Location     Type
		None
 Auto vars:     Size  Location     Type
  cntDelay        2    1[COMRAM] int 
 Return value:  Size  Location     Type
                  1    wreg      void 
 Registers used:
		wreg, status,2, status,0
 Tracked objects:
		On entry : 
		On exit  : 
		Unchanged: 
 Data sizes:     COMRAM   BANK0   BANK1   BANK2   BANK3   BANK4   BANK5   BANK6   BANK7   BANK8   BANK9  BANK10  BANK11  BANK12  BANK13  BANK14  BANK15
      Params:         0       0       0       0       0       0       0       0       0       0       0       0       0       0       0       0       0
      Locals:         2       0       0       0       0       0       0       0       0       0       0       0       0       0       0       0       0
      Temps:          1       0       0       0       0       0       0       0       0       0       0       0       0       0       0       0       0
      Totals:         3       0       0       0       0       0       0       0       0       0       0       0       0       0       0       0       0
Total ram usage:        3 bytes
 Hardware stack levels used:    1
 This function calls:
		Nothing
 This function is called by:
		_main
 This function uses a non-reentrant model


 *************** function _ConvertADC *****************
 Defined at:
		line 22 in file "C:\Program Files (x86)\Microchip\xc8\v1.42\sources\pic18\plib\ADC\adcconv.c"
 Parameters:    Size  Location     Type
		None
 Auto vars:     Size  Location     Type
		None
 Return value:  Size  Location     Type
                  1    wreg      void 
 Registers used:
		None
 Tracked objects:
		On entry : 
		On exit  : 
		Unchanged: 
 Data sizes:     COMRAM   BANK0   BANK1   BANK2   BANK3   BANK4   BANK5   BANK6   BANK7   BANK8   BANK9  BANK10  BANK11  BANK12  BANK13  BANK14  BANK15
      Params:         0       0       0       0       0       0       0       0       0       0       0       0       0       0       0       0       0
      Locals:         0       0       0       0       0       0       0       0       0       0       0       0       0       0       0       0       0
      Temps:          0       0       0       0       0       0       0       0       0       0       0       0       0       0       0       0       0
      Totals:         0       0       0       0       0       0       0       0       0       0       0       0       0       0       0       0       0
Total ram usage:        0 bytes
 Hardware stack levels used:    1
 This function calls:
		Nothing
 This function is called by:
		_main
 This function uses a non-reentrant model


 *************** function _BusyADC *****************
 Defined at:
		line 26 in file "C:\Program Files (x86)\Microchip\xc8\v1.42\sources\pic18\plib\ADC\adcbusy.c"
 Parameters:    Size  Location     Type
		None
 Auto vars:     Size  Location     Type
		None
 Return value:  Size  Location     Type
                  1    wreg      unsigned char 
 Registers used:
		wreg
 Tracked objects:
		On entry : 
		On exit  : 
		Unchanged: 
 Data sizes:     COMRAM   BANK0   BANK1   BANK2   BANK3   BANK4   BANK5   BANK6   BANK7   BANK8   BANK9  BANK10  BANK11  BANK12  BANK13  BANK14  BANK15
      Params:         0       0       0       0       0       0       0       0       0       0       0       0       0       0       0       0       0
      Locals:         0       0       0       0       0       0       0       0       0       0       0       0       0       0       0       0       0
      Temps:          0       0       0       0       0       0       0       0       0       0       0       0       0       0       0       0       0
      Totals:         0       0       0       0       0       0       0       0       0       0       0       0       0       0       0       0       0
Total ram usage:        0 bytes
 Hardware stack levels used:    1
 This function calls:
		Nothing
 This function is called by:
		_main
 This function uses a non-reentrant model



MODULE INFORMATION

Module		Function		Class		Link	Load	Size
C:\Program Files (x86)\Microchip\xc8\v1.42\sources\common\ftmul.c
		___ftmul       		CODE           	2C56	0000	245

C:\Program Files (x86)\Microchip\xc8\v1.42\sources\common\ftmul.c estimated size: 245

C:\Program Files (x86)\Microchip\xc8\v1.42\sources\pic18\plib\ADC\adcconv.c
		_ConvertADC    		CODE           	375C	0000	5

C:\Program Files (x86)\Microchip\xc8\v1.42\sources\pic18\plib\ADC\adcconv.c estimated size: 5

C:\Program Files (x86)\Microchip\xc8\v1.42\sources\common\ftdivl.c
		__tdiv_to_l_   		CODE           	29FC	0000	307

C:\Program Files (x86)\Microchip\xc8\v1.42\sources\common\ftdivl.c estimated size: 307

C:\Program Files (x86)\Microchip\xc8\v1.42\sources\common\ftdiv.c
		___ftdiv       		CODE           	2E3E	0000	231

C:\Program Files (x86)\Microchip\xc8\v1.42\sources\common\ftdiv.c estimated size: 231

C:\Program Files (x86)\Microchip\xc8\v1.42\sources\pic18\d1ktcyx.c
		_Delay1KTCYx   		CODE           	3724	0000	17

C:\Program Files (x86)\Microchip\xc8\v1.42\sources\pic18\d1ktcyx.c estimated size: 17

C:\Program Files (x86)\Microchip\xc8\v1.42\sources\pic18\d10ktcyx.c
		_Delay10KTCYx  		CODE           	36F8	0000	23

C:\Program Files (x86)\Microchip\xc8\v1.42\sources\pic18\d10ktcyx.c estimated size: 23

C:\Program Files (x86)\Microchip\xc8\v1.42\sources\common\awdiv.c
		___awdiv       		CODE           	3106	0000	133

C:\Program Files (x86)\Microchip\xc8\v1.42\sources\common\awdiv.c estimated size: 133

C:\Program Files (x86)\Microchip\xc8\v1.42\sources\common\lldiv.c
		___lldiv       		CODE           	318A	0000	131

C:\Program Files (x86)\Microchip\xc8\v1.42\sources\common\lldiv.c estimated size: 131

C:\Program Files (x86)\Microchip\xc8\v1.42\sources\common\fldivl.c
		__div_to_l_    		CODE           	2B2E	0000	297

C:\Program Files (x86)\Microchip\xc8\v1.42\sources\common\fldivl.c estimated size: 297

C:\Program Files (x86)\Microchip\xc8\v1.42\sources\common\fttol.c
		___fttol       		CODE           	2D4A	0000	245

C:\Program Files (x86)\Microchip\xc8\v1.42\sources\common\fttol.c estimated size: 245

C:\Program Files (x86)\Microchip\xc8\v1.42\sources\common\ftge.c
		___ftge        		CODE           	3076	0000	145

C:\Program Files (x86)\Microchip\xc8\v1.42\sources\common\ftge.c estimated size: 145

putsxlcd.c
		_putsXLCD      		CODE           	35C4	0000	47

putsxlcd.c estimated size: 47

writdata.c
		_WriteDataXLCD 		CODE           	346E	0000	63

writdata.c estimated size: 63

setddram.c
		_SetDDRamAddr  		CODE           	339C	0000	83

setddram.c estimated size: 83

C:\Program Files (x86)\Microchip\xc8\v1.42\sources\common\ftadd.c
		___ftadd       		CODE           	2850	0000	429

C:\Program Files (x86)\Microchip\xc8\v1.42\sources\common\ftadd.c estimated size: 429

LCD_user_functions.h
		_DelayFor18TCY 		CODE           	36DA	0000	31
		_DelayHalfSec  		CODE           	35F2	0000	47
		_DelayPORXLCD  		CODE           	374E	0000	9
		_Delay1Sec     		CODE           	3620	0000	47
		_init_XLCD     		CODE           	3524	0000	57

LCD_user_functions.h estimated size: 191

ADC_user_functions.h
		_init_ADC      		CODE           	3590	0000	53

ADC_user_functions.h estimated size: 53

C:\Program Files (x86)\Microchip\xc8\v1.42\sources\pic18\plib\ADC\adcsetch.c
		_SetChanADC    		CODE           	370E	0000	23

C:\Program Files (x86)\Microchip\xc8\v1.42\sources\pic18\plib\ADC\adcsetch.c estimated size: 23

C:\Program Files (x86)\Microchip\xc8\v1.42\sources\pic18\plib\ADC\adcbusy.c
		_BusyADC       		CODE           	3742	0000	13

C:\Program Files (x86)\Microchip\xc8\v1.42\sources\pic18\plib\ADC\adcbusy.c estimated size: 13

C:\Program Files (x86)\Microchip\xc8\v1.42\sources\pic18\plib\ADC\adcopen.c
		_OpenADC       		CODE           	32E2	0000	95

C:\Program Files (x86)\Microchip\xc8\v1.42\sources\pic18\plib\ADC\adcopen.c estimated size: 95

putrxlcd.c
		_putrsXLCD     		CODE           	355C	0000	53

putrxlcd.c estimated size: 53

C:\Program Files (x86)\Microchip\xc8\v1.42\sources\common\isdigit.c
		_isdigit       		CODE           	36BC	0000	31

C:\Program Files (x86)\Microchip\xc8\v1.42\sources\common\isdigit.c estimated size: 31

C:\Program Files (x86)\Microchip\xc8\v1.42\sources\common\lwtoft.c
		___lwtoft      		CODE           	3698	0000	37

C:\Program Files (x86)\Microchip\xc8\v1.42\sources\common\lwtoft.c estimated size: 37

C:\Program Files (x86)\Microchip\xc8\v1.42\sources\pic18\plib\ADC\adcclose.c
		_CloseADC      		CODE           	3756	0000	7

C:\Program Files (x86)\Microchip\xc8\v1.42\sources\pic18\plib\ADC\adcclose.c estimated size: 7

shared
		__powers_      		SMALLCONST     	1029	0000	40
		_dpowers       		SMALLCONST     	1001	0000	41
		__npowers_     		SMALLCONST     	1050	0000	40
		__initialization		CODE           	33EE	0000	55

shared estimated size: 176

C:\Program Files (x86)\Microchip\xc8\v1.42\sources\common\ftneg.c
		___ftneg       		CODE           	3674	0000	37

C:\Program Files (x86)\Microchip\xc8\v1.42\sources\common\ftneg.c estimated size: 37

C:\Program Files (x86)\Microchip\xc8\v1.42\sources\common\ftsub.c
		___ftsub       		CODE           	342E	0000	65

C:\Program Files (x86)\Microchip\xc8\v1.42\sources\common\ftsub.c estimated size: 65

C:\Program Files (x86)\Microchip\xc8\v1.42\sources\common\float.c
		___ftpack      		CODE           	2F24	0000	175

C:\Program Files (x86)\Microchip\xc8\v1.42\sources\common\float.c estimated size: 175

openxlcd.c
		_OpenXLCD      		CODE           	2FD2	0000	165

openxlcd.c estimated size: 165

C:\Program Files (x86)\Microchip\xc8\v1.42\sources\common\doprnt.c
		_scale         		CODE           	1F86	0000	1009
		_sprintf       		CODE           	10B6	0000	3793
		_fround        		CODE           	260A	0000	583

C:\Program Files (x86)\Microchip\xc8\v1.42\sources\common\doprnt.c estimated size: 5385

C:\Program Files (x86)\Microchip\xc8\v1.42\sources\common\awmod.c
		___awmod       		CODE           	320C	0000	113

C:\Program Files (x86)\Microchip\xc8\v1.42\sources\common\awmod.c estimated size: 113

busyxlcd.c
		_BusyXLCD      		CODE           	34EA	0000	59

busyxlcd.c estimated size: 59

C:\Program Files (x86)\Microchip\xc8\v1.42\sources\common\lltoft.c
		___lltoft      		CODE           	3340	0000	93

C:\Program Files (x86)\Microchip\xc8\v1.42\sources\common\lltoft.c estimated size: 93

C:\Program Files (x86)\Microchip\xc8\v1.42\sources\common\llmod.c
		___llmod       		CODE           	327C	0000	103

C:\Program Files (x86)\Microchip\xc8\v1.42\sources\common\llmod.c estimated size: 103

lcd_trials_4bits.c
		_main          		CODE           	2376	0000	661

lcd_trials_4bits.c estimated size: 661

C:\Program Files (x86)\Microchip\xc8\v1.42\sources\pic18\plib\ADC\adcread.c
		_ReadADC       		CODE           	3734	0000	15

C:\Program Files (x86)\Microchip\xc8\v1.42\sources\pic18\plib\ADC\adcread.c estimated size: 15

C:\Program Files (x86)\Microchip\xc8\v1.42\sources\common\Umul16.c
		___wmul        		CODE           	364E	0000	39

C:\Program Files (x86)\Microchip\xc8\v1.42\sources\common\Umul16.c estimated size: 39

wcmdxlcd.c
		_WriteCmdXLCD  		CODE           	34AC	0000	63

wcmdxlcd.c estimated size: 63

