Microchip MPLAB XC8 Compiler V2.00 ()

Linker command line:

-W-3 --edf=C:\Program Files (x86)\Microchip\xc8\v2.00\pic\dat\en_msgs.txt \
  -cs -h+dist/default/production\lcd_menu_centered.X.production.sym \
  --cmf=dist/default/production\lcd_menu_centered.X.production.cmf -z \
  -Q18F2525 -oC:\Users\PC\AppData\Local\Temp\s88g.2 \
  --defsym=__MPLAB_BUILD=1 \
  -Mdist/default/production/lcd_menu_centered.X.production.map -E1 -ver=XC8 \
  --acfsm=1493 -ASTACK=080h-0f7fh -pstack=STACK -ACODE=00h-0BFFFh \
  -ACONST=00h-0BFFFh -ASMALLCONST=01000h-010FFhx176 \
  -AMEDIUMCONST=01000h-0BFFFh -ACOMRAM=01h-07Fh -AABS1=00h-0F7Fh \
  -ABIGRAM=01h-0F7Fh -ARAM=080h-0FFh,0100h-01FFhx14,0F00h-0F7Fh \
  -ABANK0=080h-0FFh -ABANK1=0100h-01FFh -ABANK2=0200h-02FFh \
  -ABANK3=0300h-03FFh -ABANK4=0400h-04FFh -ABANK5=0500h-05FFh \
  -ABANK6=0600h-06FFh -ABANK7=0700h-07FFh -ABANK8=0800h-08FFh \
  -ABANK9=0900h-09FFh -ABANK10=0A00h-0AFFh -ABANK11=0B00h-0BFFh \
  -ABANK12=0C00h-0CFFh -ABANK13=0D00h-0DFFh -ABANK14=0E00h-0EFFh \
  -ABANK15=0F00h-0F7Fh -ASFR=0F80h-0FFFh \
  -preset_vec=00h,intcode,intcodelo,powerup,init -pramtop=01000h \
  -psmallconst=SMALLCONST -pmediumconst=MEDIUMCONST -pconst=CONST \
  -AFARRAM=00h-00h -ACONFIG=0300000h-030000Dh -pconfig=CONFIG \
  -AIDLOC=0200000h-0200007h -pidloc=IDLOC -AEEDATA=0F00000h-0F003FFh \
  -peeprom_data=EEDATA \
  -prdata=COMRAM,nvrram=COMRAM,nvbit=COMRAM,rbss=COMRAM,rbit=COMRAM \
  -pfarbss=FARRAM,fardata=FARRAM,nvFARRAM=FARRAM \
  -pintsave_regs=BIGRAM,bigbss=BIGRAM,bigdata=BIGRAM -pbss=RAM \
  -pidata=CODE,irdata=CODE,ibigdata=CODE,ifardata=CODE -prparam=COMRAM \
  C:\Users\PC\AppData\Local\Temp\s88g.o \
  dist/default/production\lcd_menu_centered.X.production.o 

Object code version is 3.11

Machine type is 18F2525

Call graph: (short form)




                Name                               Link     Load   Length Selector   Space Scale
C:\Users\PC\AppData\Local\Temp\s88g.o
                init                                  0        0        4        0       0
                idloc                            200000   200000        8   200000       0
                config                           300000   300000        E   300000       0
dist/default/production\lcd_menu_centered.X.production.o
                mediumconst                        BEB8     BEB8      148     5F5C       0
                text20                             AAE8     AAE8        6     5574       0
                text19                             AB28     AB28       1E     5594       0
                text18                             AC70     AC70       56     5638       0
                text17                             AB0C     AB0C       1C     5586       0
                text16                             AAF6     AAF6       16     557B       0
                text15                             AAEE     AAEE        8     5577       0
                text14                             AD1C     AD1C       58     568E       0
                text13                             AB9C     AB9C       42     55CE       0
                text12                             B052     B052      142     5829       0
                text11                             AE32     AE32       7A     5719       0
                text10                             ABDE     ABDE       42     55EF       0
                text9                              ACC6     ACC6       56     5663       0
                text8                              B194     B194      19A     58CA       0
                text7                              AF66     AF66       EC     57B3       0
                text6                              AEAC     AEAC       BA     5756       0
                text5                              B54C     B54C      96C     5AA6       0
                text4                              ADD2     ADD2       60     56E9       0
                text3                              AB46     AB46       28     55A3       0
                text2                              AD74     AD74       5E     56BA       0
                text1                              AC20     AC20       50     5610       0
                text0                              B32E     B32E      21E     5997       0
                cstackCOMRAM                          1        1       1C        1       1
                dataCOMRAM                           23       23        2        1       1
                bssCOMRAM                            1D       1D        6        1       1
                cinit                              AB6E     AB6E       2E     55B7       0
                idataCOMRAM                        AAE6     AAE6        2     AAE6       0

TOTAL           Name                               Link     Load   Length     Space
        CLASS   STACK          

        CLASS   CODE           
                init                                  0        0        4         0
                text20                             AAE8     AAE8        6         0
                text19                             AB28     AB28       1E         0
                text18                             AC70     AC70       56         0
                text17                             AB0C     AB0C       1C         0
                text16                             AAF6     AAF6       16         0
                text15                             AAEE     AAEE        8         0
                text14                             AD1C     AD1C       58         0
                text13                             AB9C     AB9C       42         0
                text12                             B052     B052      142         0
                text11                             AE32     AE32       7A         0
                text10                             ABDE     ABDE       42         0
                text9                              ACC6     ACC6       56         0
                text8                              B194     B194      19A         0
                text7                              AF66     AF66       EC         0
                text6                              AEAC     AEAC       BA         0
                text5                              B54C     B54C      96C         0
                text4                              ADD2     ADD2       60         0
                text3                              AB46     AB46       28         0
                text2                              AD74     AD74       5E         0
                text1                              AC20     AC20       50         0
                text0                              B32E     B32E      21E         0
                cinit                              AB6E     AB6E       2E         0
                idataCOMRAM                        AAE6     AAE6        2         0

        CLASS   CONST          

        CLASS   SMALLCONST     

        CLASS   MEDIUMCONST    
                mediumconst                        BEB8     BEB8      148         0

        CLASS   COMRAM         
                cstackCOMRAM                          1        1       1C         1
                dataCOMRAM                           23       23        2         1
                bssCOMRAM                            1D       1D        6         1

        CLASS   ABS1           

        CLASS   BIGRAM         

        CLASS   RAM            

        CLASS   BANK0          

        CLASS   BANK1          

        CLASS   BANK2          

        CLASS   BANK3          

        CLASS   BANK4          

        CLASS   BANK5          

        CLASS   BANK6          

        CLASS   BANK7          

        CLASS   BANK8          

        CLASS   BANK9          

        CLASS   BANK10         

        CLASS   BANK11         

        CLASS   BANK12         

        CLASS   BANK13         

        CLASS   BANK14         

        CLASS   BANK15         

        CLASS   SFR            

        CLASS   FARRAM         

        CLASS   CONFIG         
                config                           300000   300000        E         0

        CLASS   IDLOC          
                idloc                            200000   200000        8         0

        CLASS   EEDATA         



SEGMENTS        Name                           Load    Length   Top    Selector   Space  Class

                reset_vec                      000000  000004  000004         0       0  CODE    
                cstackCOMRAM                   000001  000024  000025         1       1  COMRAM  
                idataCOMRAM                    00AAE6  000002  00AAE8      AAE6       0  CODE    
                text20                         00AAE8  000006  00AAEE      5574       0  CODE    
                text15                         00AAEE  000008  00AAF6      5577       0  CODE    
                text16                         00AAF6  000016  00AB0C      557B       0  CODE    
                text17                         00AB0C  00001C  00AB28      5586       0  CODE    
                text19                         00AB28  00001E  00AB46      5594       0  CODE    
                text3                          00AB46  000028  00AB6E      55A3       0  CODE    
                cinit                          00AB6E  00002E  00AB9C      55B7       0  CODE    
                text13                         00AB9C  000042  00ABDE      55CE       0  CODE    
                text10                         00ABDE  000042  00AC20      55EF       0  CODE    
                text1                          00AC20  000050  00AC70      5610       0  CODE    
                text18                         00AC70  000056  00ACC6      5638       0  CODE    
                text9                          00ACC6  000056  00AD1C      5663       0  CODE    
                text14                         00AD1C  000058  00AD74      568E       0  CODE    
                text2                          00AD74  00005E  00ADD2      56BA       0  CODE    
                text4                          00ADD2  000060  00AE32      56E9       0  CODE    
                text11                         00AE32  00007A  00AEAC      5719       0  CODE    
                text6                          00AEAC  0000BA  00AF66      5756       0  CODE    
                text7                          00AF66  0000EC  00B052      57B3       0  CODE    
                text12                         00B052  000142  00B194      5829       0  CODE    
                text8                          00B194  00019A  00B32E      58CA       0  CODE    
                text0                          00B32E  00021E  00B54C      5997       0  CODE    
                text5                          00B54C  00096C  00BEB8      5AA6       0  CODE    
                mediumconst                    00BEB8  000148  00C000      5F5C       0  MEDIUMCO
                idloc                          200000  000008  200008    200000       0  IDLOC   
                config                         300000  00000E  30000E    300000       0  CONFIG  


UNUSED ADDRESS RANGES

        Name                Unused          Largest block    Delta
        BANK0            000080-0000FF               80
        BANK1            000100-0001FF              100
        BANK10           000A00-000AFF              100
        BANK11           000B00-000BFF              100
        BANK12           000C00-000CFF              100
        BANK13           000D00-000DFF              100
        BANK14           000E00-000EFF              100
        BANK15           000F00-000F7F               80
        BANK2            000200-0002FF              100
        BANK3            000300-0003FF              100
        BANK4            000400-0004FF              100
        BANK5            000500-0005FF              100
        BANK6            000600-0006FF              100
        BANK7            000700-0007FF              100
        BANK8            000800-0008FF              100
        BANK9            000900-0009FF              100
        BIGRAM           000025-000F7F              F5B
        CODE             000004-00AAE5             AAE2
        COMRAM           000025-00007F               5B
        CONST            000004-00AAE5             AAE2
        EEDATA           F00000-F003FF              400
        MEDIUMCONST      001000-00AAE5             9AE6
        RAM              000080-000F7F              100
        SFR              000F80-000FFF               80
        SMALLCONST       001000-00AAE5              100
        STACK            000080-000F7F              F00

                                  Symbol Table

?___awdiv                              cstackCOMRAM 000001
?_strlen                               cstackCOMRAM 000001
Delay10KTCYx@unit                      cstackCOMRAM 000002
Delay1KTCYx@unit                       cstackCOMRAM 000001
Delay1Sec@cntDelay                     cstackCOMRAM 000002
LCDWriteStringROM@add_char             cstackCOMRAM 00000B
LCDWriteStringROM@add_line             cstackCOMRAM 00000A
LCDWriteStringROM@lcd_i                cstackCOMRAM 00000C
LCDWriteStringROM@lcd_menu_items       cstackCOMRAM 000008
LCDWriteStringROM@lcd_offset           cstackCOMRAM 00000D
LCDWriteStringROM@x                    cstackCOMRAM 00000E
LCDWriteStringROM@y                    cstackCOMRAM 000007
OpenXLCD@lcdtype                       cstackCOMRAM 000005
SetDDRamAddr@DDaddr                    cstackCOMRAM 000004
WriteCmdXLCD@cmd                       cstackCOMRAM 000001
WriteDataXLCD@data                     cstackCOMRAM 000001
_ADCON1                                (abs)        000FC1
_BusyXLCD                              text18       00AC70
_CMCON                                 (abs)        000FB4
_Delay10KTCYx                          text17       00AB0C
_Delay1KTCYx                           text16       00AAF6
_Delay1Sec                             text4        00ADD2
_DelayFor18TCY                         text19       00AB28
_DelayPORXLCD                          text15       00AAEE
_LATCbits                              (abs)        000F8B
_LCDWriteStringROM                     text8        00B194
_OSCCON                                (abs)        000FD3
_OpenXLCD                              text12       00B052
_PORTB                                 (abs)        000F81
_RA5                                   (abs)        007C05
_RA6                                   (abs)        007C06
_RE3                                   (abs)        007C23
_SetDDRamAddr                          text14       00AD1C
_TRISAbits                             (abs)        000F92
_TRISB                                 (abs)        000F93
_TRISCbits                             (abs)        000F94
_WriteCmdXLCD                          text13       00AB9C
_WriteDataXLCD                         text10       00ABDE
__CFG_BOREN$OFF                        (abs)        000000
__CFG_BORV$3                           (abs)        000000
__CFG_CCP2MX$PORTC                     (abs)        000000
__CFG_CP0$OFF                          (abs)        000000
__CFG_CP1$OFF                          (abs)        000000
__CFG_CP2$OFF                          (abs)        000000
__CFG_CPB$OFF                          (abs)        000000
__CFG_CPD$OFF                          (abs)        000000
__CFG_EBTR0$OFF                        (abs)        000000
__CFG_EBTR1$OFF                        (abs)        000000
__CFG_EBTR2$OFF                        (abs)        000000
__CFG_EBTRB$OFF                        (abs)        000000
__CFG_FCMEN$OFF                        (abs)        000000
__CFG_IESO$OFF                         (abs)        000000
__CFG_LPT1OSC$OFF                      (abs)        000000
__CFG_LVP$OFF                          (abs)        000000
__CFG_MCLRE$OFF                        (abs)        000000
__CFG_OSC$INTIO67                      (abs)        000000
__CFG_PBADEN$OFF                       (abs)        000000
__CFG_PWRT$OFF                         (abs)        000000
__CFG_STVREN$ON                        (abs)        000000
__CFG_WDT$OFF                          (abs)        000000
__CFG_WDTPS$32768                      (abs)        000000
__CFG_WRT0$OFF                         (abs)        000000
__CFG_WRT1$OFF                         (abs)        000000
__CFG_WRT2$OFF                         (abs)        000000
__CFG_WRTB$OFF                         (abs)        000000
__CFG_WRTC$OFF                         (abs)        000000
__CFG_WRTD$OFF                         (abs)        000000
__CFG_XINST$OFF                        (abs)        000000
__HRAM                                 (abs)        000000
__Habs1                                abs1         000000
__Hbank0                               bank0        000000
__Hbank1                               bank1        000000
__Hbank10                              bank10       000000
__Hbank11                              bank11       000000
__Hbank12                              bank12       000000
__Hbank13                              bank13       000000
__Hbank14                              bank14       000000
__Hbank15                              bank15       000000
__Hbank2                               bank2        000000
__Hbank3                               bank3        000000
__Hbank4                               bank4        000000
__Hbank5                               bank5        000000
__Hbank6                               bank6        000000
__Hbank7                               bank7        000000
__Hbank8                               bank8        000000
__Hbank9                               bank9        000000
__Hbigbss                              bigbss       000000
__Hbigdata                             bigdata      000000
__Hbigram                              bigram       000000
__Hbss                                 bss          000000
__HbssCOMRAM                           bssCOMRAM    000000
__Hcinit                               cinit        000000
__Hclrtext                             clrtext      000000
__Hcomram                              comram       000000
__Hconfig                              config       30000E
__Hconst                               const        000000
__HcstackCOMRAM                        cstackCOMRAM 000000
__Hdata                                data         000000
__HdataCOMRAM                          dataCOMRAM   000000
__Heeprom_data                         eeprom_data  000000
__Hfarbss                              farbss       000000
__Hfardata                             fardata      000000
__Hibigdata                            ibigdata     000000
__Hidata                               idata        000000
__HidataCOMRAM                         idataCOMRAM  000000
__Hidloc                               idloc        200008
__Hifardata                            ifardata     000000
__Hinit                                init         000004
__Hintcode                             intcode      000000
__Hintcode_body                        intcode_body 000000
__Hintcodelo                           intcodelo    000000
__Hintentry                            intentry     000000
__Hintret                              intret       000000
__Hintsave_regs                        intsave_regs 000000
__Hirdata                              irdata       000000
__Hmediumconst                         mediumconst  00C000
__HnvFARRAM                            nvFARRAM     000000
__Hnvbit                               nvbit        000000
__Hnvrram                              nvrram       000000
__Hparam                               rparam       000000
__Hpowerup                             powerup      000000
__Hram                                 ram          000000
__Hramtop                              ramtop       001000
__Hrbit                                rbit         000000
__Hrbss                                rbss         000000
__Hrdata                               rdata        000000
__Hreset_vec                           reset_vec    000000
__Hrparam                              rparam       000000
__Hsfr                                 sfr          000000
__Hsmallconst                          smallconst   000000
__Hspace_0                             (abs)        30000E
__Hspace_1                             (abs)        000025
__Hspace_2                             (abs)        000000
__Hstack                               stack        000000
__Hstruct                              struct       000000
__Htemp                                temp         000000
__Htext                                text         000000
__Htext0                               text0        000000
__Htext1                               text1        000000
__Htext10                              text10       000000
__Htext11                              text11       000000
__Htext12                              text12       000000
__Htext13                              text13       000000
__Htext14                              text14       000000
__Htext15                              text15       000000
__Htext16                              text16       000000
__Htext17                              text17       000000
__Htext18                              text18       000000
__Htext19                              text19       000000
__Htext2                               text2        000000
__Htext20                              text20       000000
__Htext21                              text21       000000
__Htext3                               text3        000000
__Htext4                               text4        000000
__Htext5                               text5        000000
__Htext6                               text6        000000
__Htext7                               text7        000000
__Htext8                               text8        000000
__Htext9                               text9        000000
__LRAM                                 (abs)        000001
__Labs1                                abs1         000000
__Lbank0                               bank0        000000
__Lbank1                               bank1        000000
__Lbank10                              bank10       000000
__Lbank11                              bank11       000000
__Lbank12                              bank12       000000
__Lbank13                              bank13       000000
__Lbank14                              bank14       000000
__Lbank15                              bank15       000000
__Lbank2                               bank2        000000
__Lbank3                               bank3        000000
__Lbank4                               bank4        000000
__Lbank5                               bank5        000000
__Lbank6                               bank6        000000
__Lbank7                               bank7        000000
__Lbank8                               bank8        000000
__Lbank9                               bank9        000000
__Lbigbss                              bigbss       000000
__Lbigdata                             bigdata      000000
__Lbigram                              bigram       000000
__Lbss                                 bss          000000
__LbssCOMRAM                           bssCOMRAM    000000
__Lcinit                               cinit        000000
__Lclrtext                             clrtext      000000
__Lcomram                              comram       000000
__Lconfig                              config       300000
__Lconst                               const        000000
__LcstackCOMRAM                        cstackCOMRAM 000000
__Ldata                                data         000000
__LdataCOMRAM                          dataCOMRAM   000000
__Leeprom_data                         eeprom_data  000000
__Lfarbss                              farbss       000000
__Lfardata                             fardata      000000
__Libigdata                            ibigdata     000000
__Lidata                               idata        000000
__LidataCOMRAM                         idataCOMRAM  000000
__Lidloc                               idloc        200000
__Lifardata                            ifardata     000000
__Linit                                init         000000
__Lintcode                             intcode      000000
__Lintcode_body                        intcode_body 000000
__Lintcodelo                           intcodelo    000000
__Lintentry                            intentry     000000
__Lintret                              intret       000000
__Lintsave_regs                        intsave_regs 000000
__Lirdata                              irdata       000000
__Lmediumconst                         mediumconst  00BEB8
__LnvFARRAM                            nvFARRAM     000000
__Lnvbit                               nvbit        000000
__Lnvrram                              nvrram       000000
__Lparam                               rparam       000000
__Lpowerup                             powerup      000000
__Lram                                 ram          000000
__Lramtop                              ramtop       001000
__Lrbit                                rbit         000000
__Lrbss                                rbss         000000
__Lrdata                               rdata        000000
__Lreset_vec                           reset_vec    000000
__Lrparam                              rparam       000000
__Lsfr                                 sfr          000000
__Lsmallconst                          smallconst   000000
__Lspace_0                             (abs)        000000
__Lspace_1                             (abs)        000000
__Lspace_2                             (abs)        000000
__Lstack                               stack        000000
__Lstruct                              struct       000000
__Ltemp                                temp         000000
__Ltext                                text         000000
__Ltext0                               text0        000000
__Ltext1                               text1        000000
__Ltext10                              text10       000000
__Ltext11                              text11       000000
__Ltext12                              text12       000000
__Ltext13                              text13       000000
__Ltext14                              text14       000000
__Ltext15                              text15       000000
__Ltext16                              text16       000000
__Ltext17                              text17       000000
__Ltext18                              text18       000000
__Ltext19                              text19       000000
__Ltext2                               text2        000000
__Ltext20                              text20       000000
__Ltext21                              text21       000000
__Ltext3                               text3        000000
__Ltext4                               text4        000000
__Ltext5                               text5        000000
__Ltext6                               text6        000000
__Ltext7                               text7        000000
__Ltext8                               text8        000000
__Ltext9                               text9        000000
__S0                                   (abs)        30000E
__S1                                   (abs)        000025
__S2                                   (abs)        000000
___awdiv                               text7        00AF66
___awdiv@counter                       cstackCOMRAM 000005
___awdiv@dividend                      cstackCOMRAM 000001
___awdiv@divisor                       cstackCOMRAM 000003
___awdiv@quotient                      cstackCOMRAM 000007
___awdiv@sign                          cstackCOMRAM 000006
___inthi_sp                            stack        000000
___intlo_sp                            stack        000000
___param_bank                          (abs)        000000
___rparam_used                         (abs)        000001
___sp                                  stack        000000
__accesstop                            (abs)        000080
__activetblptr                         (abs)        000002
__end_of_BusyXLCD                      text18       00ACC6
__end_of_Delay10KTCYx                  text17       00AB28
__end_of_Delay1KTCYx                   text16       00AB0C
__end_of_Delay1Sec                     text4        00AE32
__end_of_DelayFor18TCY                 text19       00AB46
__end_of_DelayPORXLCD                  text15       00AAF6
__end_of_LCDWriteStringROM             text8        00B32E
__end_of_OpenXLCD                      text12       00B194
__end_of_SetDDRamAddr                  text14       00AD74
__end_of_WriteCmdXLCD                  text13       00ABDE
__end_of_WriteDataXLCD                 text10       00AC20
__end_of___awdiv                       text7        00B052
__end_of__initialization               cinit        00AB92
__end_of_clear_display                 text3        00AB6E
__end_of_gotoxy                        text6        00AF66
__end_of_init_GPIO_DIR                 text20       00AAEE
__end_of_init_XLCD                     text11       00AEAC
__end_of_main                          text0        00B54C
__end_of_menu_000                      mediumconst  00BF4D
__end_of_menu_001                      mediumconst  00BFCF
__end_of_menu_002                      mediumconst  00BFC7
__end_of_menu_003                      mediumconst  00BFBF
__end_of_menu_004                      mediumconst  00BFB7
__end_of_menu_005                      mediumconst  00BFAF
__end_of_menu_006                      mediumconst  00BFA7
__end_of_menu_007                      mediumconst  00BF9F
__end_of_menu_008                      mediumconst  00BF97
__end_of_menu_009                      mediumconst  00BFDC
__end_of_menu_010                      mediumconst  00BF8F
__end_of_menu_011                      mediumconst  00BF84
__end_of_menu_012                      mediumconst  00BF79
__end_of_menu_013                      mediumconst  00BF6E
__end_of_menu_014                      mediumconst  00BF63
__end_of_menu_015                      mediumconst  00BF58
__end_of_menu_016                      mediumconst  00BFD6
__end_of_my_menu                       mediumconst  00BF41
__end_of_putrsXLCD                     text2        00ADD2
__end_of_show_menu                     text5        00BEB8
__end_of_start                         text1        00AC70
__end_of_strlen                        text9        00AD1C
__initialization                       cinit        00AB6E
__mediumconst                          mediumconst  00BEB8
__pbssCOMRAM                           bssCOMRAM    00001D
__pcinit                               cinit        00AB6E
__pcstackCOMRAM                        cstackCOMRAM 000001
__pdataCOMRAM                          dataCOMRAM   000023
__pidataCOMRAM                         idataCOMRAM  00AAE6
__pmediumconst                         mediumconst  00BEB8
__ptext0                               text0        00B32E
__ptext1                               text1        00AC20
__ptext10                              text10       00ABDE
__ptext11                              text11       00AE32
__ptext12                              text12       00B052
__ptext13                              text13       00AB9C
__ptext14                              text14       00AD1C
__ptext15                              text15       00AAEE
__ptext16                              text16       00AAF6
__ptext17                              text17       00AB0C
__ptext18                              text18       00AC70
__ptext19                              text19       00AB28
__ptext2                               text2        00AD74
__ptext20                              text20       00AAE8
__ptext21                              text21       000000
__ptext3                               text3        00AB46
__ptext4                               text4        00ADD2
__ptext5                               text5        00B54C
__ptext6                               text6        00AEAC
__ptext7                               text7        00AF66
__ptext8                               text8        00B194
__ptext9                               text9        00ACC6
__ramtop                               ramtop       001000
__size_of_BusyXLCD                     (abs)        000000
__size_of_Delay10KTCYx                 (abs)        000000
__size_of_Delay1KTCYx                  (abs)        000000
__size_of_Delay1Sec                    (abs)        000000
__size_of_DelayFor18TCY                (abs)        000000
__size_of_DelayPORXLCD                 (abs)        000000
__size_of_LCDWriteStringROM            (abs)        000000
__size_of_OpenXLCD                     (abs)        000000
__size_of_SetDDRamAddr                 (abs)        000000
__size_of_WriteCmdXLCD                 (abs)        000000
__size_of_WriteDataXLCD                (abs)        000000
__size_of___awdiv                      (abs)        000000
__size_of_clear_display                (abs)        000000
__size_of_gotoxy                       (abs)        000000
__size_of_init_GPIO_DIR                (abs)        000000
__size_of_init_XLCD                    (abs)        000000
__size_of_main                         (abs)        000000
__size_of_putrsXLCD                    (abs)        000000
__size_of_show_menu                    (abs)        000000
__size_of_start                        (abs)        000000
__size_of_strlen                       (abs)        000000
__smallconst                           smallconst   000000
_button_delay_counter                  bssCOMRAM    00001F
_button_delay_counter_enable           bssCOMRAM    000022
_button_enable                         dataCOMRAM   000023
_clear_display                         text3        00AB46
_gotoxy                                text6        00AEAC
_init_GPIO_DIR                         text20       00AAE8
_init_XLCD                             text11       00AE32
_main                                  text0        00B32E
_menu_000                              mediumconst  00BF41
_menu_001                              mediumconst  00BFC7
_menu_002                              mediumconst  00BFBF
_menu_003                              mediumconst  00BFB7
_menu_004                              mediumconst  00BFAF
_menu_005                              mediumconst  00BFA7
_menu_006                              mediumconst  00BF9F
_menu_007                              mediumconst  00BF97
_menu_008                              mediumconst  00BF8F
_menu_009                              mediumconst  00BFD6
_menu_010                              mediumconst  00BF84
_menu_011                              mediumconst  00BF79
_menu_012                              mediumconst  00BF6E
_menu_013                              mediumconst  00BF63
_menu_014                              mediumconst  00BF58
_menu_015                              mediumconst  00BF4D
_menu_016                              mediumconst  00BFCF
_my_menu                               mediumconst  00BEB9
_putrsXLCD                             text2        00AD74
_return_default_display_counter        bssCOMRAM    00001D
_return_default_display_counter_enable bssCOMRAM    000021
_selected                              dataCOMRAM   000024
_show_menu                             text5        00B54C
_start                                 text1        00AC20
_strlen                                text9        00ACC6
end_of_initialization                  cinit        00AB92
gotoxy@ddramaddress                    cstackCOMRAM 000006
gotoxy@x_pos                           cstackCOMRAM 000007
gotoxy@y_pos                           cstackCOMRAM 000005
intlevel0                              text         000000
intlevel1                              text         000000
intlevel2                              text         000000
intlevel3                              text         000000
putrsXLCD@buffer                       cstackCOMRAM 000002
show_menu@from                         cstackCOMRAM 00001A
show_menu@line_cnt                     cstackCOMRAM 000019
show_menu@temp                         cstackCOMRAM 000016
show_menu@text_i                       cstackCOMRAM 000018
show_menu@text_offset                  cstackCOMRAM 00001B
show_menu@till                         cstackCOMRAM 000017
stackhi                                (abs)        000F7F
stacklo                                (abs)        000080
start                                  init         000000
start_initialization                   cinit        00AB6E
strlen@cp                              cstackCOMRAM 000005
strlen@s                               cstackCOMRAM 000001


FUNCTION INFORMATION:

 *************** function _main *****************
 Defined at:
		line 61 in file "lcd_trials_4bits.c"
 Parameters:    Size  Location     Type
		None
 Auto vars:     Size  Location     Type
		None
 Return value:  Size  Location     Type
                  1    wreg      void 
 Registers used:
		wreg, status,2, status,0, pclath, tosl, tblptrl, tblptrh, tblptru, prodl, prodh, cstack
 Tracked objects:
		On entry : 
		On exit  : 
		Unchanged: 
 Data sizes:     COMRAM   BANK0   BANK1   BANK2   BANK3   BANK4   BANK5   BANK6   BANK7   BANK8   BANK9  BANK10  BANK11  BANK12  BANK13  BANK14  BANK15
      Params:         0       0       0       0       0       0       0       0       0       0       0       0       0       0       0       0       0
      Locals:         0       0       0       0       0       0       0       0       0       0       0       0       0       0       0       0       0
      Temps:          1       0       0       0       0       0       0       0       0       0       0       0       0       0       0       0       0
      Totals:         1       0       0       0       0       0       0       0       0       0       0       0       0       0       0       0       0
Total ram usage:        1 bytes
 Hardware stack levels required when called:    4
 This function calls:
		Absolute function
		_Delay1Sec
		_clear_display
		_gotoxy
		_init_GPIO_DIR
		_init_XLCD
		_putrsXLCD
		_show_menu
		_start
 This function is called by:
		Startup code after reset
 This function uses a non-reentrant model


 *************** function _start *****************
 Defined at:
		line 26 in file "lcd_trials_4bits.c"
 Parameters:    Size  Location     Type
		None
 Auto vars:     Size  Location     Type
		None
 Return value:  Size  Location     Type
                  1    wreg      void 
 Registers used:
		wreg, status,2, status,0, tblptrl, tblptrh, tblptru, cstack
 Tracked objects:
		On entry : 
		On exit  : 
		Unchanged: 
 Data sizes:     COMRAM   BANK0   BANK1   BANK2   BANK3   BANK4   BANK5   BANK6   BANK7   BANK8   BANK9  BANK10  BANK11  BANK12  BANK13  BANK14  BANK15
      Params:         0       0       0       0       0       0       0       0       0       0       0       0       0       0       0       0       0
      Locals:         0       0       0       0       0       0       0       0       0       0       0       0       0       0       0       0       0
      Temps:          1       0       0       0       0       0       0       0       0       0       0       0       0       0       0       0       0
      Totals:         1       0       0       0       0       0       0       0       0       0       0       0       0       0       0       0       0
Total ram usage:        1 bytes
 Hardware stack levels used:    1
 Hardware stack levels required when called:    3
 This function calls:
		_Delay1Sec
		_clear_display
		_gotoxy
		_putrsXLCD
 This function is called by:
		_main
 This function uses a non-reentrant model


 *************** function _putrsXLCD *****************
 Defined at:
		line 17 in file "../../common/sources/plib/XLCD/putrxlcd.c"
 Parameters:    Size  Location     Type
  buffer          2    1[COMRAM] PTR const unsigned char 
		 -> STR_3(5), STR_2(12), STR_1(17), 
 Auto vars:     Size  Location     Type
		None
 Return value:  Size  Location     Type
                  1    wreg      void 
 Registers used:
		wreg, status,2, status,0, tblptrl, tblptrh, tblptru, cstack
 Tracked objects:
		On entry : 
		On exit  : 
		Unchanged: 
 Data sizes:     COMRAM   BANK0   BANK1   BANK2   BANK3   BANK4   BANK5   BANK6   BANK7   BANK8   BANK9  BANK10  BANK11  BANK12  BANK13  BANK14  BANK15
      Params:         2       0       0       0       0       0       0       0       0       0       0       0       0       0       0       0       0
      Locals:         0       0       0       0       0       0       0       0       0       0       0       0       0       0       0       0       0
      Temps:          0       0       0       0       0       0       0       0       0       0       0       0       0       0       0       0       0
      Totals:         2       0       0       0       0       0       0       0       0       0       0       0       0       0       0       0       0
Total ram usage:        2 bytes
 Hardware stack levels used:    1
 Hardware stack levels required when called:    2
 This function calls:
		_BusyXLCD
		_WriteDataXLCD
 This function is called by:
		_start
		_main
 This function uses a non-reentrant model


 *************** function _clear_display *****************
 Defined at:
		line 64 in file "lcd_menu.c"
 Parameters:    Size  Location     Type
		None
 Auto vars:     Size  Location     Type
		None
 Return value:  Size  Location     Type
                  1    wreg      void 
 Registers used:
		wreg, status,2, status,0, cstack
 Tracked objects:
		On entry : 
		On exit  : 
		Unchanged: 
 Data sizes:     COMRAM   BANK0   BANK1   BANK2   BANK3   BANK4   BANK5   BANK6   BANK7   BANK8   BANK9  BANK10  BANK11  BANK12  BANK13  BANK14  BANK15
      Params:         0       0       0       0       0       0       0       0       0       0       0       0       0       0       0       0       0
      Locals:         0       0       0       0       0       0       0       0       0       0       0       0       0       0       0       0       0
      Temps:          0       0       0       0       0       0       0       0       0       0       0       0       0       0       0       0       0
      Totals:         0       0       0       0       0       0       0       0       0       0       0       0       0       0       0       0       0
Total ram usage:        0 bytes
 Hardware stack levels used:    1
 Hardware stack levels required when called:    2
 This function calls:
		_BusyXLCD
		_WriteCmdXLCD
 This function is called by:
		_start
		_main
 This function uses a non-reentrant model


 *************** function _Delay1Sec *****************
 Defined at:
		line 110 in file "lcd_menu.c"
 Parameters:    Size  Location     Type
		None
 Auto vars:     Size  Location     Type
  cntDelay        2    1[COMRAM] int 
 Return value:  Size  Location     Type
                  1    wreg      void 
 Registers used:
		wreg, status,2, status,0
 Tracked objects:
		On entry : 
		On exit  : 
		Unchanged: 
 Data sizes:     COMRAM   BANK0   BANK1   BANK2   BANK3   BANK4   BANK5   BANK6   BANK7   BANK8   BANK9  BANK10  BANK11  BANK12  BANK13  BANK14  BANK15
      Params:         0       0       0       0       0       0       0       0       0       0       0       0       0       0       0       0       0
      Locals:         2       0       0       0       0       0       0       0       0       0       0       0       0       0       0       0       0
      Temps:          1       0       0       0       0       0       0       0       0       0       0       0       0       0       0       0       0
      Totals:         3       0       0       0       0       0       0       0       0       0       0       0       0       0       0       0       0
Total ram usage:        3 bytes
 Hardware stack levels used:    1
 This function calls:
		Nothing
 This function is called by:
		_start
		_main
 This function uses a non-reentrant model


 *************** function _show_menu *****************
 Defined at:
		line 202 in file "lcd_menu.c"
 Parameters:    Size  Location     Type
		None
 Auto vars:     Size  Location     Type
  text_offset     1   26[COMRAM] unsigned char 
  from            1   25[COMRAM] unsigned char 
  line_cnt        1   24[COMRAM] unsigned char 
  text_i          1   23[COMRAM] unsigned char 
  till            1   22[COMRAM] unsigned char 
  temp            1   21[COMRAM] unsigned char 
 Return value:  Size  Location     Type
                  1    wreg      void 
 Registers used:
		wreg, status,2, status,0, tblptrl, tblptrh, tblptru, prodl, prodh, cstack
 Tracked objects:
		On entry : 
		On exit  : 
		Unchanged: 
 Data sizes:     COMRAM   BANK0   BANK1   BANK2   BANK3   BANK4   BANK5   BANK6   BANK7   BANK8   BANK9  BANK10  BANK11  BANK12  BANK13  BANK14  BANK15
      Params:         0       0       0       0       0       0       0       0       0       0       0       0       0       0       0       0       0
      Locals:         6       0       0       0       0       0       0       0       0       0       0       0       0       0       0       0       0
      Temps:          7       0       0       0       0       0       0       0       0       0       0       0       0       0       0       0       0
      Totals:        13       0       0       0       0       0       0       0       0       0       0       0       0       0       0       0       0
Total ram usage:       13 bytes
 Hardware stack levels used:    1
 Hardware stack levels required when called:    3
 This function calls:
		_BusyXLCD
		_LCDWriteStringROM
		_WriteDataXLCD
		___awdiv
		_gotoxy
		_strlen
 This function is called by:
		_main
 This function uses a non-reentrant model


 *************** function _gotoxy *****************
 Defined at:
		line 122 in file "lcd_menu.c"
 Parameters:    Size  Location     Type
  x_pos           1    wreg     unsigned char 
  y_pos           1    4[COMRAM] unsigned char 
 Auto vars:     Size  Location     Type
  x_pos           1    6[COMRAM] unsigned char 
  ddramaddress    1    5[COMRAM] unsigned char 
 Return value:  Size  Location     Type
                  1    wreg      void 
 Registers used:
		wreg, status,2, status,0, cstack
 Tracked objects:
		On entry : 
		On exit  : 
		Unchanged: 
 Data sizes:     COMRAM   BANK0   BANK1   BANK2   BANK3   BANK4   BANK5   BANK6   BANK7   BANK8   BANK9  BANK10  BANK11  BANK12  BANK13  BANK14  BANK15
      Params:         1       0       0       0       0       0       0       0       0       0       0       0       0       0       0       0       0
      Locals:         2       0       0       0       0       0       0       0       0       0       0       0       0       0       0       0       0
      Temps:          0       0       0       0       0       0       0       0       0       0       0       0       0       0       0       0       0
      Totals:         3       0       0       0       0       0       0       0       0       0       0       0       0       0       0       0       0
Total ram usage:        3 bytes
 Hardware stack levels used:    1
 Hardware stack levels required when called:    2
 This function calls:
		_BusyXLCD
		_SetDDRamAddr
 This function is called by:
		_show_menu
		_start
		_main
 This function uses a non-reentrant model


 *************** function ___awdiv *****************
 Defined at:
		line 7 in file "C:\Program Files (x86)\Microchip\xc8\v2.00\pic\sources\c90\common\awdiv.c"
 Parameters:    Size  Location     Type
  dividend        2    0[COMRAM] int 
  divisor         2    2[COMRAM] int 
 Auto vars:     Size  Location     Type
  quotient        2    6[COMRAM] int 
  sign            1    5[COMRAM] unsigned char 
  counter         1    4[COMRAM] unsigned char 
 Return value:  Size  Location     Type
                  2    0[COMRAM] int 
 Registers used:
		wreg, status,2, status,0
 Tracked objects:
		On entry : 
		On exit  : 
		Unchanged: 
 Data sizes:     COMRAM   BANK0   BANK1   BANK2   BANK3   BANK4   BANK5   BANK6   BANK7   BANK8   BANK9  BANK10  BANK11  BANK12  BANK13  BANK14  BANK15
      Params:         4       0       0       0       0       0       0       0       0       0       0       0       0       0       0       0       0
      Locals:         4       0       0       0       0       0       0       0       0       0       0       0       0       0       0       0       0
      Temps:          0       0       0       0       0       0       0       0       0       0       0       0       0       0       0       0       0
      Totals:         8       0       0       0       0       0       0       0       0       0       0       0       0       0       0       0       0
Total ram usage:        8 bytes
 Hardware stack levels used:    1
 This function calls:
		Nothing
 This function is called by:
		_show_menu
 This function uses a non-reentrant model


 *************** function _LCDWriteStringROM *****************
 Defined at:
		line 153 in file "lcd_menu.c"
 Parameters:    Size  Location     Type
  x               1    wreg     unsigned char 
  y               1    6[COMRAM] unsigned char 
  lcd_menu_ite    2    7[COMRAM] PTR const unsigned char 
		 -> menu_016(7), menu_015(11), menu_014(11), menu_013(11), 
		 -> menu_012(11), menu_011(11), menu_010(11), menu_009(6), 
		 -> menu_008(8), menu_007(8), menu_006(8), menu_005(8), 
		 -> menu_004(8), menu_003(8), menu_002(8), menu_001(8), 
		 -> menu_000(12), 
  add_line        1    9[COMRAM] unsigned char 
  add_char        1   10[COMRAM] unsigned char 
 Auto vars:     Size  Location     Type
  x               1   13[COMRAM] unsigned char 
  lcd_offset      1   12[COMRAM] unsigned char 
  lcd_i           1   11[COMRAM] unsigned char 
 Return value:  Size  Location     Type
                  1    wreg      void 
 Registers used:
		wreg, status,2, status,0, tblptrl, tblptrh, tblptru, cstack
 Tracked objects:
		On entry : 
		On exit  : 
		Unchanged: 
 Data sizes:     COMRAM   BANK0   BANK1   BANK2   BANK3   BANK4   BANK5   BANK6   BANK7   BANK8   BANK9  BANK10  BANK11  BANK12  BANK13  BANK14  BANK15
      Params:         5       0       0       0       0       0       0       0       0       0       0       0       0       0       0       0       0
      Locals:         3       0       0       0       0       0       0       0       0       0       0       0       0       0       0       0       0
      Temps:          0       0       0       0       0       0       0       0       0       0       0       0       0       0       0       0       0
      Totals:         8       0       0       0       0       0       0       0       0       0       0       0       0       0       0       0       0
Total ram usage:        8 bytes
 Hardware stack levels used:    1
 Hardware stack levels required when called:    2
 This function calls:
		_BusyXLCD
		_SetDDRamAddr
		_WriteDataXLCD
		_strlen
 This function is called by:
		_show_menu
 This function uses a non-reentrant model


 *************** function _strlen *****************
 Defined at:
		line 4 in file "C:\Program Files (x86)\Microchip\xc8\v2.00\pic\sources\c90\common\strlen.c"
 Parameters:    Size  Location     Type
  s               2    0[COMRAM] PTR const unsigned char 
		 -> menu_016(7), menu_015(11), menu_014(11), menu_013(11), 
		 -> menu_012(11), menu_011(11), menu_010(11), menu_009(6), 
		 -> menu_008(8), menu_007(8), menu_006(8), menu_005(8), 
		 -> menu_004(8), menu_003(8), menu_002(8), menu_001(8), 
		 -> menu_000(12), 
 Auto vars:     Size  Location     Type
  cp              2    4[COMRAM] PTR const unsigned char 
		 -> menu_016(7), menu_015(11), menu_014(11), menu_013(11), 
		 -> menu_012(11), menu_011(11), menu_010(11), menu_009(6), 
		 -> menu_008(8), menu_007(8), menu_006(8), menu_005(8), 
		 -> menu_004(8), menu_003(8), menu_002(8), menu_001(8), 
		 -> menu_000(12), 
 Return value:  Size  Location     Type
                  2    0[COMRAM] unsigned int 
 Registers used:
		wreg, status,2, status,0, tblptrl, tblptrh, tblptru
 Tracked objects:
		On entry : 
		On exit  : 
		Unchanged: 
 Data sizes:     COMRAM   BANK0   BANK1   BANK2   BANK3   BANK4   BANK5   BANK6   BANK7   BANK8   BANK9  BANK10  BANK11  BANK12  BANK13  BANK14  BANK15
      Params:         2       0       0       0       0       0       0       0       0       0       0       0       0       0       0       0       0
      Locals:         2       0       0       0       0       0       0       0       0       0       0       0       0       0       0       0       0
      Temps:          2       0       0       0       0       0       0       0       0       0       0       0       0       0       0       0       0
      Totals:         6       0       0       0       0       0       0       0       0       0       0       0       0       0       0       0       0
Total ram usage:        6 bytes
 Hardware stack levels used:    1
 This function calls:
		Nothing
 This function is called by:
		_LCDWriteStringROM
		_show_menu
 This function uses a non-reentrant model


 *************** function _WriteDataXLCD *****************
 Defined at:
		line 16 in file "../../common/sources/plib/XLCD/writdata.c"
 Parameters:    Size  Location     Type
  data            1    wreg     unsigned char 
 Auto vars:     Size  Location     Type
  data            1    0[COMRAM] unsigned char 
 Return value:  Size  Location     Type
                  1    wreg      void 
 Registers used:
		wreg, status,2, status,0, cstack
 Tracked objects:
		On entry : 
		On exit  : 
		Unchanged: 
 Data sizes:     COMRAM   BANK0   BANK1   BANK2   BANK3   BANK4   BANK5   BANK6   BANK7   BANK8   BANK9  BANK10  BANK11  BANK12  BANK13  BANK14  BANK15
      Params:         0       0       0       0       0       0       0       0       0       0       0       0       0       0       0       0       0
      Locals:         1       0       0       0       0       0       0       0       0       0       0       0       0       0       0       0       0
      Temps:          0       0       0       0       0       0       0       0       0       0       0       0       0       0       0       0       0
      Totals:         1       0       0       0       0       0       0       0       0       0       0       0       0       0       0       0       0
Total ram usage:        1 bytes
 Hardware stack levels used:    1
 Hardware stack levels required when called:    1
 This function calls:
		_DelayFor18TCY
 This function is called by:
		_putrsXLCD
		_LCDWriteStringROM
		_show_menu
		_putsXLCD
 This function uses a non-reentrant model


 *************** function _init_XLCD *****************
 Defined at:
		line 45 in file "lcd_trials_4bits.c"
 Parameters:    Size  Location     Type
		None
 Auto vars:     Size  Location     Type
		None
 Return value:  Size  Location     Type
                  1    wreg      void 
 Registers used:
		wreg, status,2, status,0, cstack
 Tracked objects:
		On entry : 
		On exit  : 
		Unchanged: 
 Data sizes:     COMRAM   BANK0   BANK1   BANK2   BANK3   BANK4   BANK5   BANK6   BANK7   BANK8   BANK9  BANK10  BANK11  BANK12  BANK13  BANK14  BANK15
      Params:         0       0       0       0       0       0       0       0       0       0       0       0       0       0       0       0       0
      Locals:         0       0       0       0       0       0       0       0       0       0       0       0       0       0       0       0       0
      Temps:          0       0       0       0       0       0       0       0       0       0       0       0       0       0       0       0       0
      Totals:         0       0       0       0       0       0       0       0       0       0       0       0       0       0       0       0       0
Total ram usage:        0 bytes
 Hardware stack levels used:    1
 Hardware stack levels required when called:    3
 This function calls:
		_BusyXLCD
		_OpenXLCD
		_WriteCmdXLCD
 This function is called by:
		_main
 This function uses a non-reentrant model


 *************** function _OpenXLCD *****************
 Defined at:
		line 19 in file "../../common/sources/plib/XLCD/openxlcd.c"
 Parameters:    Size  Location     Type
  lcdtype         1    wreg     unsigned char 
 Auto vars:     Size  Location     Type
  lcdtype         1    4[COMRAM] unsigned char 
 Return value:  Size  Location     Type
                  1    wreg      void 
 Registers used:
		wreg, status,2, status,0, cstack
 Tracked objects:
		On entry : 
		On exit  : 
		Unchanged: 
 Data sizes:     COMRAM   BANK0   BANK1   BANK2   BANK3   BANK4   BANK5   BANK6   BANK7   BANK8   BANK9  BANK10  BANK11  BANK12  BANK13  BANK14  BANK15
      Params:         0       0       0       0       0       0       0       0       0       0       0       0       0       0       0       0       0
      Locals:         1       0       0       0       0       0       0       0       0       0       0       0       0       0       0       0       0
      Temps:          0       0       0       0       0       0       0       0       0       0       0       0       0       0       0       0       0
      Totals:         1       0       0       0       0       0       0       0       0       0       0       0       0       0       0       0       0
Total ram usage:        1 bytes
 Hardware stack levels used:    1
 Hardware stack levels required when called:    2
 This function calls:
		_BusyXLCD
		_Delay10KTCYx
		_DelayPORXLCD
		_SetDDRamAddr
		_WriteCmdXLCD
 This function is called by:
		_init_XLCD
 This function uses a non-reentrant model


 *************** function _WriteCmdXLCD *****************
 Defined at:
		line 13 in file "../../common/sources/plib/XLCD/wcmdxlcd.c"
 Parameters:    Size  Location     Type
  cmd             1    wreg     unsigned char 
 Auto vars:     Size  Location     Type
  cmd             1    0[COMRAM] unsigned char 
 Return value:  Size  Location     Type
                  1    wreg      void 
 Registers used:
		wreg, status,2, status,0, cstack
 Tracked objects:
		On entry : 
		On exit  : 
		Unchanged: 
 Data sizes:     COMRAM   BANK0   BANK1   BANK2   BANK3   BANK4   BANK5   BANK6   BANK7   BANK8   BANK9  BANK10  BANK11  BANK12  BANK13  BANK14  BANK15
      Params:         0       0       0       0       0       0       0       0       0       0       0       0       0       0       0       0       0
      Locals:         1       0       0       0       0       0       0       0       0       0       0       0       0       0       0       0       0
      Temps:          0       0       0       0       0       0       0       0       0       0       0       0       0       0       0       0       0
      Totals:         1       0       0       0       0       0       0       0       0       0       0       0       0       0       0       0       0
Total ram usage:        1 bytes
 Hardware stack levels used:    1
 Hardware stack levels required when called:    1
 This function calls:
		_DelayFor18TCY
 This function is called by:
		_OpenXLCD
		_clear_display
		_init_XLCD
		_LCDWriteCmd
 This function uses a non-reentrant model


 *************** function _SetDDRamAddr *****************
 Defined at:
		line 13 in file "../../common/sources/plib/XLCD/setddram.c"
 Parameters:    Size  Location     Type
  DDaddr          1    wreg     unsigned char 
 Auto vars:     Size  Location     Type
  DDaddr          1    3[COMRAM] unsigned char 
 Return value:  Size  Location     Type
                  1    wreg      void 
 Registers used:
		wreg, status,2, status,0, cstack
 Tracked objects:
		On entry : 
		On exit  : 
		Unchanged: 
 Data sizes:     COMRAM   BANK0   BANK1   BANK2   BANK3   BANK4   BANK5   BANK6   BANK7   BANK8   BANK9  BANK10  BANK11  BANK12  BANK13  BANK14  BANK15
      Params:         0       0       0       0       0       0       0       0       0       0       0       0       0       0       0       0       0
      Locals:         1       0       0       0       0       0       0       0       0       0       0       0       0       0       0       0       0
      Temps:          3       0       0       0       0       0       0       0       0       0       0       0       0       0       0       0       0
      Totals:         4       0       0       0       0       0       0       0       0       0       0       0       0       0       0       0       0
Total ram usage:        4 bytes
 Hardware stack levels used:    1
 Hardware stack levels required when called:    1
 This function calls:
		_DelayFor18TCY
 This function is called by:
		_OpenXLCD
		_gotoxy
		_LCDWriteStringROM
 This function uses a non-reentrant model


 *************** function _DelayPORXLCD *****************
 Defined at:
		line 100 in file "lcd_menu.c"
 Parameters:    Size  Location     Type
		None
 Auto vars:     Size  Location     Type
		None
 Return value:  Size  Location     Type
                  1    wreg      void 
 Registers used:
		wreg, cstack
 Tracked objects:
		On entry : 
		On exit  : 
		Unchanged: 
 Data sizes:     COMRAM   BANK0   BANK1   BANK2   BANK3   BANK4   BANK5   BANK6   BANK7   BANK8   BANK9  BANK10  BANK11  BANK12  BANK13  BANK14  BANK15
      Params:         0       0       0       0       0       0       0       0       0       0       0       0       0       0       0       0       0
      Locals:         0       0       0       0       0       0       0       0       0       0       0       0       0       0       0       0       0
      Temps:          0       0       0       0       0       0       0       0       0       0       0       0       0       0       0       0       0
      Totals:         0       0       0       0       0       0       0       0       0       0       0       0       0       0       0       0       0
Total ram usage:        0 bytes
 Hardware stack levels used:    1
 Hardware stack levels required when called:    1
 This function calls:
		_Delay1KTCYx
 This function is called by:
		_OpenXLCD
 This function uses a non-reentrant model


 *************** function _Delay1KTCYx *****************
 Defined at:
		line 74 in file "lcd_menu.c"
 Parameters:    Size  Location     Type
  unit            1    wreg     unsigned char 
 Auto vars:     Size  Location     Type
  unit            1    0[COMRAM] unsigned char 
 Return value:  Size  Location     Type
                  1    wreg      void 
 Registers used:
		wreg
 Tracked objects:
		On entry : 
		On exit  : 
		Unchanged: 
 Data sizes:     COMRAM   BANK0   BANK1   BANK2   BANK3   BANK4   BANK5   BANK6   BANK7   BANK8   BANK9  BANK10  BANK11  BANK12  BANK13  BANK14  BANK15
      Params:         0       0       0       0       0       0       0       0       0       0       0       0       0       0       0       0       0
      Locals:         1       0       0       0       0       0       0       0       0       0       0       0       0       0       0       0       0
      Temps:          0       0       0       0       0       0       0       0       0       0       0       0       0       0       0       0       0
      Totals:         1       0       0       0       0       0       0       0       0       0       0       0       0       0       0       0       0
Total ram usage:        1 bytes
 Hardware stack levels used:    1
 This function calls:
		Nothing
 This function is called by:
		_DelayPORXLCD
		_DelayXLCD
 This function uses a non-reentrant model


 *************** function _Delay10KTCYx *****************
 Defined at:
		line 85 in file "lcd_menu.c"
 Parameters:    Size  Location     Type
  unit            1    wreg     unsigned char 
 Auto vars:     Size  Location     Type
  unit            1    1[COMRAM] unsigned char 
 Return value:  Size  Location     Type
                  1    wreg      void 
 Registers used:
		wreg
 Tracked objects:
		On entry : 
		On exit  : 
		Unchanged: 
 Data sizes:     COMRAM   BANK0   BANK1   BANK2   BANK3   BANK4   BANK5   BANK6   BANK7   BANK8   BANK9  BANK10  BANK11  BANK12  BANK13  BANK14  BANK15
      Params:         0       0       0       0       0       0       0       0       0       0       0       0       0       0       0       0       0
      Locals:         1       0       0       0       0       0       0       0       0       0       0       0       0       0       0       0       0
      Temps:          1       0       0       0       0       0       0       0       0       0       0       0       0       0       0       0       0
      Totals:         2       0       0       0       0       0       0       0       0       0       0       0       0       0       0       0       0
Total ram usage:        2 bytes
 Hardware stack levels used:    1
 This function calls:
		Nothing
 This function is called by:
		_OpenXLCD
 This function uses a non-reentrant model


 *************** function _BusyXLCD *****************
 Defined at:
		line 11 in file "../../common/sources/plib/XLCD/busyxlcd.c"
 Parameters:    Size  Location     Type
		None
 Auto vars:     Size  Location     Type
		None
 Return value:  Size  Location     Type
                  1    wreg      unsigned char 
 Registers used:
		wreg, cstack
 Tracked objects:
		On entry : 
		On exit  : 
		Unchanged: 
 Data sizes:     COMRAM   BANK0   BANK1   BANK2   BANK3   BANK4   BANK5   BANK6   BANK7   BANK8   BANK9  BANK10  BANK11  BANK12  BANK13  BANK14  BANK15
      Params:         0       0       0       0       0       0       0       0       0       0       0       0       0       0       0       0       0
      Locals:         0       0       0       0       0       0       0       0       0       0       0       0       0       0       0       0       0
      Temps:          0       0       0       0       0       0       0       0       0       0       0       0       0       0       0       0       0
      Totals:         0       0       0       0       0       0       0       0       0       0       0       0       0       0       0       0       0
Total ram usage:        0 bytes
 Hardware stack levels used:    1
 Hardware stack levels required when called:    1
 This function calls:
		_DelayFor18TCY
 This function is called by:
		_OpenXLCD
		_putrsXLCD
		_clear_display
		_gotoxy
		_LCDWriteStringROM
		_show_menu
		_init_XLCD
		_putsXLCD
		_LCDWriteCmd
 This function uses a non-reentrant model


 *************** function _DelayFor18TCY *****************
 Defined at:
		line 92 in file "lcd_menu.c"
 Parameters:    Size  Location     Type
		None
 Auto vars:     Size  Location     Type
		None
 Return value:  Size  Location     Type
                  1    wreg      void 
 Registers used:
		None
 Tracked objects:
		On entry : 
		On exit  : 
		Unchanged: 
 Data sizes:     COMRAM   BANK0   BANK1   BANK2   BANK3   BANK4   BANK5   BANK6   BANK7   BANK8   BANK9  BANK10  BANK11  BANK12  BANK13  BANK14  BANK15
      Params:         0       0       0       0       0       0       0       0       0       0       0       0       0       0       0       0       0
      Locals:         0       0       0       0       0       0       0       0       0       0       0       0       0       0       0       0       0
      Temps:          0       0       0       0       0       0       0       0       0       0       0       0       0       0       0       0       0
      Totals:         0       0       0       0       0       0       0       0       0       0       0       0       0       0       0       0       0
Total ram usage:        0 bytes
 Hardware stack levels used:    1
 This function calls:
		Nothing
 This function is called by:
		_BusyXLCD
		_SetDDRamAddr
		_WriteCmdXLCD
		_WriteDataXLCD
		_ReadAddrXLCD
		_ReadDataXLCD
		_SetCGRamAddr
 This function uses a non-reentrant model


 *************** function _init_GPIO_DIR *****************
 Defined at:
		line 39 in file "lcd_trials_4bits.c"
 Parameters:    Size  Location     Type
		None
 Auto vars:     Size  Location     Type
		None
 Return value:  Size  Location     Type
                  1    wreg      void 
 Registers used:
		None
 Tracked objects:
		On entry : 
		On exit  : 
		Unchanged: 
 Data sizes:     COMRAM   BANK0   BANK1   BANK2   BANK3   BANK4   BANK5   BANK6   BANK7   BANK8   BANK9  BANK10  BANK11  BANK12  BANK13  BANK14  BANK15
      Params:         0       0       0       0       0       0       0       0       0       0       0       0       0       0       0       0       0
      Locals:         0       0       0       0       0       0       0       0       0       0       0       0       0       0       0       0       0
      Temps:          0       0       0       0       0       0       0       0       0       0       0       0       0       0       0       0       0
      Totals:         0       0       0       0       0       0       0       0       0       0       0       0       0       0       0       0       0
Total ram usage:        0 bytes
 Hardware stack levels used:    1
 This function calls:
		Nothing
 This function is called by:
		_main
 This function uses a non-reentrant model



MODULE INFORMATION

Module		Function		Class		Link	Load	Size
../../common/sources/plib/XLCD/openxlcd.c
		_OpenXLCD      		CODE           	B052	0000	323

../../common/sources/plib/XLCD/openxlcd.c estimated size: 323

../../common/sources/plib/XLCD/busyxlcd.c
		_BusyXLCD      		CODE           	AC70	0000	87

../../common/sources/plib/XLCD/busyxlcd.c estimated size: 87

../../common/sources/plib/XLCD/wcmdxlcd.c
		_WriteCmdXLCD  		CODE           	AB9C	0000	67

../../common/sources/plib/XLCD/wcmdxlcd.c estimated size: 67

C:\Program Files (x86)\Microchip\xc8\v2.00\pic\sources\c90\common\awdiv.c
		___awdiv       		CODE           	AF66	0000	237

C:\Program Files (x86)\Microchip\xc8\v2.00\pic\sources\c90\common\awdiv.c estimated size: 237

shared
		_my_menu       		MEDIUMCONST    	BEB9	0000	137
		_menu_000      		MEDIUMCONST    	BF41	0000	13
		_menu_001      		MEDIUMCONST    	BFC7	0000	9
		_menu_002      		MEDIUMCONST    	BFBF	0000	9
		_menu_003      		MEDIUMCONST    	BFB7	0000	9
		_menu_004      		MEDIUMCONST    	BFAF	0000	9
		_menu_005      		MEDIUMCONST    	BFA7	0000	9
		_menu_006      		MEDIUMCONST    	BF9F	0000	9
		_menu_007      		MEDIUMCONST    	BF97	0000	9
		_menu_008      		MEDIUMCONST    	BF8F	0000	9
		_menu_009      		MEDIUMCONST    	BFD6	0000	7
		__initialization		CODE           	AB6E	0000	37
		_menu_010      		MEDIUMCONST    	BF84	0000	12
		_menu_011      		MEDIUMCONST    	BF79	0000	12
		_menu_012      		MEDIUMCONST    	BF6E	0000	12
		_menu_013      		MEDIUMCONST    	BF63	0000	12
		_menu_014      		MEDIUMCONST    	BF58	0000	12
		_menu_015      		MEDIUMCONST    	BF4D	0000	12
		_menu_016      		MEDIUMCONST    	BFCF	0000	8

shared estimated size: 346

../../common/sources/plib/XLCD/writdata.c
		_WriteDataXLCD 		CODE           	ABDE	0000	67

../../common/sources/plib/XLCD/writdata.c estimated size: 67

lcd_menu.c
		_LCDWriteStringROM		CODE           	B194	0000	411
		_Delay1KTCYx   		CODE           	AAF6	0000	23
		_DelayFor18TCY 		CODE           	AB28	0000	31
		_gotoxy        		CODE           	AEAC	0000	187
		_clear_display 		CODE           	AB46	0000	41
		_DelayPORXLCD  		CODE           	AAEE	0000	9
		_Delay10KTCYx  		CODE           	AB0C	0000	29
		_Delay1Sec     		CODE           	ADD2	0000	97
		_show_menu     		CODE           	B54C	0000	2413

lcd_menu.c estimated size: 3241

C:\Program Files (x86)\Microchip\xc8\v2.00\pic\sources\c90\common\strlen.c
		_strlen        		CODE           	ACC6	0000	87

C:\Program Files (x86)\Microchip\xc8\v2.00\pic\sources\c90\common\strlen.c estimated size: 87

lcd_trials_4bits.c
		_main          		CODE           	B32E	0000	543
		_start         		CODE           	AC20	0000	81
		_init_XLCD     		CODE           	AE32	0000	123
		_init_GPIO_DIR 		CODE           	AAE8	0000	7

lcd_trials_4bits.c estimated size: 754

../../common/sources/plib/XLCD/putrxlcd.c
		_putrsXLCD     		CODE           	AD74	0000	95

../../common/sources/plib/XLCD/putrxlcd.c estimated size: 95

../../common/sources/plib/XLCD/setddram.c
		_SetDDRamAddr  		CODE           	AD1C	0000	89

../../common/sources/plib/XLCD/setddram.c estimated size: 89

