Microchip MPLAB XC8 Compiler V2.00 ()

Linker command line:

-W-3 --edf=C:\Program Files (x86)\Microchip\xc8\v2.00\pic\dat\en_msgs.txt \
  -cs -h+dist/default/production\lcd_menu_negative.X.production.sym \
  --cmf=dist/default/production\lcd_menu_negative.X.production.cmf -z \
  -Q18F2525 -oC:\Users\PC\AppData\Local\Temp\s6ec.2 \
  --defsym=__MPLAB_BUILD=1 \
  -Mdist/default/production/lcd_menu_negative.X.production.map -E1 -ver=XC8 \
  --acfsm=1493 -ASTACK=019Ch-0f7fh -pstack=STACK -ACODE=00h-0BFFFh \
  -ACONST=00h-0BFFFh -ASMALLCONST=01000h-010FFhx176 \
  -AMEDIUMCONST=01000h-0BFFFh -ACOMRAM=01h-07Fh -AABS1=00h-0F7Fh \
  -ABIGRAM=01h-0F7Fh -ARAM=080h-0FFh,0100h-01FFhx14,0F00h-0F7Fh \
  -ABANK0=080h-0FFh -ABANK1=0100h-01FFh -ABANK2=0200h-02FFh \
  -ABANK3=0300h-03FFh -ABANK4=0400h-04FFh -ABANK5=0500h-05FFh \
  -ABANK6=0600h-06FFh -ABANK7=0700h-07FFh -ABANK8=0800h-08FFh \
  -ABANK9=0900h-09FFh -ABANK10=0A00h-0AFFh -ABANK11=0B00h-0BFFh \
  -ABANK12=0C00h-0CFFh -ABANK13=0D00h-0DFFh -ABANK14=0E00h-0EFFh \
  -ABANK15=0F00h-0F7Fh -ASFR=0F80h-0FFFh \
  -preset_vec=00h,intcode,intcodelo,powerup,init -pramtop=01000h \
  -psmallconst=SMALLCONST -pmediumconst=MEDIUMCONST -pconst=CONST \
  -AFARRAM=00h-00h -ACONFIG=0300000h-030000Dh -pconfig=CONFIG \
  -AIDLOC=0200000h-0200007h -pidloc=IDLOC -AEEDATA=0F00000h-0F003FFh \
  -peeprom_data=EEDATA \
  -prdata=COMRAM,nvrram=COMRAM,nvbit=COMRAM,rbss=COMRAM,rbit=COMRAM \
  -pfarbss=FARRAM,fardata=FARRAM,nvFARRAM=FARRAM \
  -pintsave_regs=BIGRAM,bigbss=BIGRAM,bigdata=BIGRAM -pbss=RAM \
  -pidata=CODE,irdata=CODE,ibigdata=CODE,ifardata=CODE -prparam=COMRAM \
  C:\Users\PC\AppData\Local\Temp\s6ec.o \
  dist/default/production\lcd_menu_negative.X.production.o 

Object code version is 3.11

Machine type is 18F2525

Call graph: (short form)




                Name                               Link     Load   Length Selector   Space Scale
C:\Users\PC\AppData\Local\Temp\s6ec.o
                init                                  0        0        4        0       0
                idloc                            200000   200000        8   200000       0
                config                           300000   300000        E   300000       0
dist/default/production\lcd_menu_negative.X.production.o
                mediumconst                        BCA0     BCA0      360     5E50       0
                text23                             A268     A268       1A     5134       0
                text22                             A29E     A29E       1E     514F       0
                text21                             A3B6     A3B6       56     51DB       0
                text20                             A282     A282       1C     5141       0
                text19                             A252     A252       16     5129       0
                text18                             A24A     A24A        8     5125       0
                text17                             A462     A462       58     5231       0
                text16                             A2E4     A2E4       42     5172       0
                text15                             A9B2     A9B2      142     54D9       0
                text14                             A62E     A62E       7A     5317       0
                text13                             A512     A512       5E     5289       0
                text12                             A326     A326       42     5193       0
                text11                             A7FE     A7FE       C8     53FF       0
                text10                             A744     A744       BA     53A2       0
                text9                              A40C     A40C       56     5206       0
                text8                              AF02     AF02      33C     5781       0
                text7                              AAF4     AAF4      14C     557A       0
                text6                              A8C6     A8C6       EC     5463       0
                text5                              B23E     B23E      A62     591F       0
                text4                              A5CE     A5CE       60     52E7       0
                text3                              A2BC     A2BC       28     515E       0
                text2                              A570     A570       5E     52B8       0
                text1                              A4BA     A4BA       58     525D       0
                text0                              AC40     AC40      2C2     5620       0
                cstackCOMRAM                          1        1       27        1       1
                dataBANK1                           100      100       9C      100       1
                dataCOMRAM                           30       30        2        1       1
                bssCOMRAM                            28       28        8        1       1
                cinit                              A368     A368       4E     51B4       0
                idataBANK1                         A6A8     A6A8       9C     A6A8       0
                idataCOMRAM                        A248     A248        2     A248       0

TOTAL           Name                               Link     Load   Length     Space
        CLASS   STACK          

        CLASS   CODE           
                init                                  0        0        4         0
                text23                             A268     A268       1A         0
                text22                             A29E     A29E       1E         0
                text21                             A3B6     A3B6       56         0
                text20                             A282     A282       1C         0
                text19                             A252     A252       16         0
                text18                             A24A     A24A        8         0
                text17                             A462     A462       58         0
                text16                             A2E4     A2E4       42         0
                text15                             A9B2     A9B2      142         0
                text14                             A62E     A62E       7A         0
                text13                             A512     A512       5E         0
                text12                             A326     A326       42         0
                text11                             A7FE     A7FE       C8         0
                text10                             A744     A744       BA         0
                text9                              A40C     A40C       56         0
                text8                              AF02     AF02      33C         0
                text7                              AAF4     AAF4      14C         0
                text6                              A8C6     A8C6       EC         0
                text5                              B23E     B23E      A62         0
                text4                              A5CE     A5CE       60         0
                text3                              A2BC     A2BC       28         0
                text2                              A570     A570       5E         0
                text1                              A4BA     A4BA       58         0
                text0                              AC40     AC40      2C2         0
                cinit                              A368     A368       4E         0
                idataBANK1                         A6A8     A6A8       9C         0
                idataCOMRAM                        A248     A248        2         0

        CLASS   CONST          

        CLASS   SMALLCONST     

        CLASS   MEDIUMCONST    
                mediumconst                        BCA0     BCA0      360         0

        CLASS   COMRAM         
                cstackCOMRAM                          1        1       27         1
                dataCOMRAM                           30       30        2         1
                bssCOMRAM                            28       28        8         1

        CLASS   ABS1           

        CLASS   BIGRAM         

        CLASS   RAM            

        CLASS   BANK0          

        CLASS   BANK1          
                dataBANK1                           100      100       9C         1

        CLASS   BANK2          

        CLASS   BANK3          

        CLASS   BANK4          

        CLASS   BANK5          

        CLASS   BANK6          

        CLASS   BANK7          

        CLASS   BANK8          

        CLASS   BANK9          

        CLASS   BANK10         

        CLASS   BANK11         

        CLASS   BANK12         

        CLASS   BANK13         

        CLASS   BANK14         

        CLASS   BANK15         

        CLASS   SFR            

        CLASS   FARRAM         

        CLASS   CONFIG         
                config                           300000   300000        E         0

        CLASS   IDLOC          
                idloc                            200000   200000        8         0

        CLASS   EEDATA         



SEGMENTS        Name                           Load    Length   Top    Selector   Space  Class

                reset_vec                      000000  000004  000004         0       0  CODE    
                cstackCOMRAM                   000001  000031  000032         1       1  COMRAM  
                dataBANK1                      000100  00009C  00019C       100       1  BANK1   
                idataCOMRAM                    00A248  000002  00A24A      A248       0  CODE    
                text18                         00A24A  000008  00A252      5125       0  CODE    
                text19                         00A252  000016  00A268      5129       0  CODE    
                text23                         00A268  00001A  00A282      5134       0  CODE    
                text20                         00A282  00001C  00A29E      5141       0  CODE    
                text22                         00A29E  00001E  00A2BC      514F       0  CODE    
                text3                          00A2BC  000028  00A2E4      515E       0  CODE    
                text16                         00A2E4  000042  00A326      5172       0  CODE    
                text12                         00A326  000042  00A368      5193       0  CODE    
                cinit                          00A368  00004E  00A3B6      51B4       0  CODE    
                text21                         00A3B6  000056  00A40C      51DB       0  CODE    
                text9                          00A40C  000056  00A462      5206       0  CODE    
                text17                         00A462  000058  00A4BA      5231       0  CODE    
                text1                          00A4BA  000058  00A512      525D       0  CODE    
                text13                         00A512  00005E  00A570      5289       0  CODE    
                text2                          00A570  00005E  00A5CE      52B8       0  CODE    
                text4                          00A5CE  000060  00A62E      52E7       0  CODE    
                text14                         00A62E  00007A  00A6A8      5317       0  CODE    
                idataBANK1                     00A6A8  00009C  00A744      A6A8       0  CODE    
                text10                         00A744  0000BA  00A7FE      53A2       0  CODE    
                text11                         00A7FE  0000C8  00A8C6      53FF       0  CODE    
                text6                          00A8C6  0000EC  00A9B2      5463       0  CODE    
                text15                         00A9B2  000142  00AAF4      54D9       0  CODE    
                text7                          00AAF4  00014C  00AC40      557A       0  CODE    
                text0                          00AC40  0002C2  00AF02      5620       0  CODE    
                text8                          00AF02  00033C  00B23E      5781       0  CODE    
                text5                          00B23E  000A62  00BCA0      591F       0  CODE    
                mediumconst                    00BCA0  000360  00C000      5E50       0  MEDIUMCO
                idloc                          200000  000008  200008    200000       0  IDLOC   
                config                         300000  00000E  30000E    300000       0  CONFIG  


UNUSED ADDRESS RANGES

        Name                Unused          Largest block    Delta
        BANK0            000080-0000FF               80
        BANK1            00019C-0001FF               64
        BANK10           000A00-000AFF              100
        BANK11           000B00-000BFF              100
        BANK12           000C00-000CFF              100
        BANK13           000D00-000DFF              100
        BANK14           000E00-000EFF              100
        BANK15           000F00-000F7F               80
        BANK2            000200-0002FF              100
        BANK3            000300-0003FF              100
        BANK4            000400-0004FF              100
        BANK5            000500-0005FF              100
        BANK6            000600-0006FF              100
        BANK7            000700-0007FF              100
        BANK8            000800-0008FF              100
        BANK9            000900-0009FF              100
        BIGRAM           000032-0000FF               CE
                         00019C-000F7F              DE4
        CODE             000004-00A247             A244
        COMRAM           000032-00007F               4E
        CONST            000004-00A247             A244
        EEDATA           F00000-F003FF              400
        MEDIUMCONST      001000-00A247             9248
        RAM              000080-0000FF               80
                         00019C-000F7F              100
        SFR              000F80-000FFF               80
        SMALLCONST       001000-00A247              100
        STACK            00019C-000F7F              DE4

                                  Symbol Table

?___awdiv                                        cstackCOMRAM 000001
?_strlen                                         cstackCOMRAM 000001
CreateCustomCharacter@Pattern                    cstackCOMRAM 000005
CreateCustomCharacter@cgramPos                   cstackCOMRAM 000007
CreateCustomCharacter@cgramaddr                  cstackCOMRAM 00000A
CreateCustomCharacter@i                          cstackCOMRAM 00000B
Delay10KTCYx@unit                                cstackCOMRAM 000002
Delay1KTCYx@unit                                 cstackCOMRAM 000001
Delay1Sec@cntDelay                               cstackCOMRAM 000002
LCDWriteCustomString_dlines@add_char             cstackCOMRAM 000011
LCDWriteCustomString_dlines@add_line             cstackCOMRAM 000010
LCDWriteCustomString_dlines@cgram_pos            cstackCOMRAM 000017
LCDWriteCustomString_dlines@ddramaddress_offset  cstackCOMRAM 000013
LCDWriteCustomString_dlines@dline_index          cstackCOMRAM 000018
LCDWriteCustomString_dlines@initial_ddramaddress cstackCOMRAM 000015
LCDWriteCustomString_dlines@lcd_i                cstackCOMRAM 000014
LCDWriteCustomString_dlines@lcd_offset           cstackCOMRAM 000016
LCDWriteCustomString_dlines@my_text              cstackCOMRAM 00000E
LCDWriteCustomString_dlines@x                    cstackCOMRAM 000019
LCDWriteCustomString_dlines@y                    cstackCOMRAM 00000D
LCDWriteStringROM@add_char                       cstackCOMRAM 00000C
LCDWriteStringROM@add_line                       cstackCOMRAM 00000B
LCDWriteStringROM@lcd_i                          cstackCOMRAM 00000D
LCDWriteStringROM@lcd_menu_items                 cstackCOMRAM 000009
LCDWriteStringROM@lcd_offset                     cstackCOMRAM 00000F
LCDWriteStringROM@x                              cstackCOMRAM 00000E
LCDWriteStringROM@y                              cstackCOMRAM 000008
OpenXLCD@lcdtype                                 cstackCOMRAM 000005
SetCGRamAddr@CGaddr                              cstackCOMRAM 000004
SetDDRamAddr@DDaddr                              cstackCOMRAM 000004
WriteCmdXLCD@cmd                                 cstackCOMRAM 000001
WriteDataXLCD@data                               cstackCOMRAM 000001
_ADCON1                                          (abs)        000FC1
_BusyXLCD                                        text21       00A3B6
_CMCON                                           (abs)        000FB4
_CreateCustomCharacter                           text11       00A7FE
_Delay10KTCYx                                    text20       00A282
_Delay1KTCYx                                     text19       00A252
_Delay1Sec                                       text4        00A5CE
_DelayFor18TCY                                   text22       00A29E
_DelayPORXLCD                                    text18       00A24A
_LATAbits                                        (abs)        000F89
_LATBbits                                        (abs)        000F8A
_LATCbits                                        (abs)        000F8B
_LCDWriteCustomString_dlines                     text8        00AF02
_LCDWriteStringROM                               text7        00AAF4
_OSCCON                                          (abs)        000FD3
_OpenXLCD                                        text15       00A9B2
_PORTAbits                                       (abs)        000F80
_PORTB                                           (abs)        000F81
_PORTBbits                                       (abs)        000F81
_RE3                                             (abs)        007C23
_SetCGRamAddr                                    text13       00A512
_SetDDRamAddr                                    text17       00A462
_TRISAbits                                       (abs)        000F92
_TRISB                                           (abs)        000F93
_TRISBbits                                       (abs)        000F93
_TRISCbits                                       (abs)        000F94
_WriteCmdXLCD                                    text16       00A2E4
_WriteDataXLCD                                   text12       00A326
__CFG_BOREN$OFF                                  (abs)        000000
__CFG_BORV$3                                     (abs)        000000
__CFG_CCP2MX$PORTC                               (abs)        000000
__CFG_CP0$OFF                                    (abs)        000000
__CFG_CP1$OFF                                    (abs)        000000
__CFG_CP2$OFF                                    (abs)        000000
__CFG_CPB$OFF                                    (abs)        000000
__CFG_CPD$OFF                                    (abs)        000000
__CFG_EBTR0$OFF                                  (abs)        000000
__CFG_EBTR1$OFF                                  (abs)        000000
__CFG_EBTR2$OFF                                  (abs)        000000
__CFG_EBTRB$OFF                                  (abs)        000000
__CFG_FCMEN$OFF                                  (abs)        000000
__CFG_IESO$OFF                                   (abs)        000000
__CFG_LPT1OSC$OFF                                (abs)        000000
__CFG_LVP$OFF                                    (abs)        000000
__CFG_MCLRE$OFF                                  (abs)        000000
__CFG_OSC$INTIO67                                (abs)        000000
__CFG_PBADEN$OFF                                 (abs)        000000
__CFG_PWRT$OFF                                   (abs)        000000
__CFG_STVREN$ON                                  (abs)        000000
__CFG_WDT$OFF                                    (abs)        000000
__CFG_WDTPS$32768                                (abs)        000000
__CFG_WRT0$OFF                                   (abs)        000000
__CFG_WRT1$OFF                                   (abs)        000000
__CFG_WRT2$OFF                                   (abs)        000000
__CFG_WRTB$OFF                                   (abs)        000000
__CFG_WRTC$OFF                                   (abs)        000000
__CFG_WRTD$OFF                                   (abs)        000000
__CFG_XINST$OFF                                  (abs)        000000
__HRAM                                           (abs)        000000
__Habs1                                          abs1         000000
__Hbank0                                         bank0        000000
__Hbank1                                         bank1        000000
__Hbank10                                        bank10       000000
__Hbank11                                        bank11       000000
__Hbank12                                        bank12       000000
__Hbank13                                        bank13       000000
__Hbank14                                        bank14       000000
__Hbank15                                        bank15       000000
__Hbank2                                         bank2        000000
__Hbank3                                         bank3        000000
__Hbank4                                         bank4        000000
__Hbank5                                         bank5        000000
__Hbank6                                         bank6        000000
__Hbank7                                         bank7        000000
__Hbank8                                         bank8        000000
__Hbank9                                         bank9        000000
__Hbigbss                                        bigbss       000000
__Hbigdata                                       bigdata      000000
__Hbigram                                        bigram       000000
__Hbss                                           bss          000000
__HbssCOMRAM                                     bssCOMRAM    000000
__Hcinit                                         cinit        000000
__Hclrtext                                       clrtext      000000
__Hcomram                                        comram       000000
__Hconfig                                        config       30000E
__Hconst                                         const        000000
__HcstackCOMRAM                                  cstackCOMRAM 000000
__Hdata                                          data         000000
__HdataBANK1                                     dataBANK1    000000
__HdataCOMRAM                                    dataCOMRAM   000000
__Heeprom_data                                   eeprom_data  000000
__Hfarbss                                        farbss       000000
__Hfardata                                       fardata      000000
__Hibigdata                                      ibigdata     000000
__Hidata                                         idata        000000
__HidataBANK1                                    idataBANK1   000000
__HidataCOMRAM                                   idataCOMRAM  000000
__Hidloc                                         idloc        200008
__Hifardata                                      ifardata     000000
__Hinit                                          init         000004
__Hintcode                                       intcode      000000
__Hintcode_body                                  intcode_body 000000
__Hintcodelo                                     intcodelo    000000
__Hintentry                                      intentry     000000
__Hintret                                        intret       000000
__Hintsave_regs                                  intsave_regs 000000
__Hirdata                                        irdata       000000
__Hmediumconst                                   mediumconst  00C000
__HnvFARRAM                                      nvFARRAM     000000
__Hnvbit                                         nvbit        000000
__Hnvrram                                        nvrram       000000
__Hparam                                         rparam       000000
__Hpowerup                                       powerup      000000
__Hram                                           ram          000000
__Hramtop                                        ramtop       001000
__Hrbit                                          rbit         000000
__Hrbss                                          rbss         000000
__Hrdata                                         rdata        000000
__Hreset_vec                                     reset_vec    000000
__Hrparam                                        rparam       000000
__Hsfr                                           sfr          000000
__Hsmallconst                                    smallconst   000000
__Hspace_0                                       (abs)        30000E
__Hspace_1                                       (abs)        00019C
__Hspace_2                                       (abs)        000000
__Hstack                                         stack        000000
__Hstruct                                        struct       000000
__Htemp                                          temp         000000
__Htext                                          text         000000
__Htext0                                         text0        000000
__Htext1                                         text1        000000
__Htext10                                        text10       000000
__Htext11                                        text11       000000
__Htext12                                        text12       000000
__Htext13                                        text13       000000
__Htext14                                        text14       000000
__Htext15                                        text15       000000
__Htext16                                        text16       000000
__Htext17                                        text17       000000
__Htext18                                        text18       000000
__Htext19                                        text19       000000
__Htext2                                         text2        000000
__Htext20                                        text20       000000
__Htext21                                        text21       000000
__Htext22                                        text22       000000
__Htext23                                        text23       000000
__Htext24                                        text24       000000
__Htext3                                         text3        000000
__Htext4                                         text4        000000
__Htext5                                         text5        000000
__Htext6                                         text6        000000
__Htext7                                         text7        000000
__Htext8                                         text8        000000
__Htext9                                         text9        000000
__LRAM                                           (abs)        000001
__Labs1                                          abs1         000000
__Lbank0                                         bank0        000000
__Lbank1                                         bank1        000000
__Lbank10                                        bank10       000000
__Lbank11                                        bank11       000000
__Lbank12                                        bank12       000000
__Lbank13                                        bank13       000000
__Lbank14                                        bank14       000000
__Lbank15                                        bank15       000000
__Lbank2                                         bank2        000000
__Lbank3                                         bank3        000000
__Lbank4                                         bank4        000000
__Lbank5                                         bank5        000000
__Lbank6                                         bank6        000000
__Lbank7                                         bank7        000000
__Lbank8                                         bank8        000000
__Lbank9                                         bank9        000000
__Lbigbss                                        bigbss       000000
__Lbigdata                                       bigdata      000000
__Lbigram                                        bigram       000000
__Lbss                                           bss          000000
__LbssCOMRAM                                     bssCOMRAM    000000
__Lcinit                                         cinit        000000
__Lclrtext                                       clrtext      000000
__Lcomram                                        comram       000000
__Lconfig                                        config       300000
__Lconst                                         const        000000
__LcstackCOMRAM                                  cstackCOMRAM 000000
__Ldata                                          data         000000
__LdataBANK1                                     dataBANK1    000000
__LdataCOMRAM                                    dataCOMRAM   000000
__Leeprom_data                                   eeprom_data  000000
__Lfarbss                                        farbss       000000
__Lfardata                                       fardata      000000
__Libigdata                                      ibigdata     000000
__Lidata                                         idata        000000
__LidataBANK1                                    idataBANK1   000000
__LidataCOMRAM                                   idataCOMRAM  000000
__Lidloc                                         idloc        200000
__Lifardata                                      ifardata     000000
__Linit                                          init         000000
__Lintcode                                       intcode      000000
__Lintcode_body                                  intcode_body 000000
__Lintcodelo                                     intcodelo    000000
__Lintentry                                      intentry     000000
__Lintret                                        intret       000000
__Lintsave_regs                                  intsave_regs 000000
__Lirdata                                        irdata       000000
__Lmediumconst                                   mediumconst  00BCA0
__LnvFARRAM                                      nvFARRAM     000000
__Lnvbit                                         nvbit        000000
__Lnvrram                                        nvrram       000000
__Lparam                                         rparam       000000
__Lpowerup                                       powerup      000000
__Lram                                           ram          000000
__Lramtop                                        ramtop       001000
__Lrbit                                          rbit         000000
__Lrbss                                          rbss         000000
__Lrdata                                         rdata        000000
__Lreset_vec                                     reset_vec    000000
__Lrparam                                        rparam       000000
__Lsfr                                           sfr          000000
__Lsmallconst                                    smallconst   000000
__Lspace_0                                       (abs)        000000
__Lspace_1                                       (abs)        000000
__Lspace_2                                       (abs)        000000
__Lstack                                         stack        000000
__Lstruct                                        struct       000000
__Ltemp                                          temp         000000
__Ltext                                          text         000000
__Ltext0                                         text0        000000
__Ltext1                                         text1        000000
__Ltext10                                        text10       000000
__Ltext11                                        text11       000000
__Ltext12                                        text12       000000
__Ltext13                                        text13       000000
__Ltext14                                        text14       000000
__Ltext15                                        text15       000000
__Ltext16                                        text16       000000
__Ltext17                                        text17       000000
__Ltext18                                        text18       000000
__Ltext19                                        text19       000000
__Ltext2                                         text2        000000
__Ltext20                                        text20       000000
__Ltext21                                        text21       000000
__Ltext22                                        text22       000000
__Ltext23                                        text23       000000
__Ltext24                                        text24       000000
__Ltext3                                         text3        000000
__Ltext4                                         text4        000000
__Ltext5                                         text5        000000
__Ltext6                                         text6        000000
__Ltext7                                         text7        000000
__Ltext8                                         text8        000000
__Ltext9                                         text9        000000
__S0                                             (abs)        30000E
__S1                                             (abs)        00019C
__S2                                             (abs)        000000
___awdiv                                         text6        00A8C6
___awdiv@counter                                 cstackCOMRAM 000005
___awdiv@dividend                                cstackCOMRAM 000001
___awdiv@divisor                                 cstackCOMRAM 000003
___awdiv@quotient                                cstackCOMRAM 000007
___awdiv@sign                                    cstackCOMRAM 000006
___inthi_sp                                      stack        000000
___intlo_sp                                      stack        000000
___param_bank                                    (abs)        000000
___rparam_used                                   (abs)        000001
___sp                                            stack        000000
__accesstop                                      (abs)        000080
__activetblptr                                   (abs)        000002
__end_of_BusyXLCD                                text21       00A40C
__end_of_CreateCustomCharacter                   text11       00A8C6
__end_of_Delay10KTCYx                            text20       00A29E
__end_of_Delay1KTCYx                             text19       00A268
__end_of_Delay1Sec                               text4        00A62E
__end_of_DelayFor18TCY                           text22       00A2BC
__end_of_DelayPORXLCD                            text18       00A252
__end_of_LCDWriteCustomString_dlines             text8        00B23E
__end_of_LCDWriteStringROM                       text7        00AC40
__end_of_OpenXLCD                                text15       00AAF4
__end_of_SetCGRamAddr                            text13       00A570
__end_of_SetDDRamAddr                            text17       00A4BA
__end_of_WriteCmdXLCD                            text16       00A326
__end_of_WriteDataXLCD                           text12       00A368
__end_of___awdiv                                 text6        00A9B2
__end_of__initialization                         cinit        00A3AC
__end_of_bold0                                   mediumconst  00BDBF
__end_of_bold1                                   mediumconst  00BDB8
__end_of_bold2                                   mediumconst  00BDB1
__end_of_bold3                                   mediumconst  00BDAA
__end_of_bold4                                   mediumconst  00BDA3
__end_of_bold5                                   mediumconst  00BD9C
__end_of_bold6                                   mediumconst  00BD95
__end_of_bold7                                   mediumconst  00BD8E
__end_of_bold8                                   mediumconst  00BD87
__end_of_bold9                                   mediumconst  00BD80
__end_of_boldA                                   mediumconst  00BE6E
__end_of_boldB                                   mediumconst  00BE67
__end_of_boldC                                   mediumconst  00BE60
__end_of_boldD                                   mediumconst  00BE59
__end_of_boldE                                   mediumconst  00BE52
__end_of_boldF                                   mediumconst  00BE4B
__end_of_boldG                                   mediumconst  00BE44
__end_of_boldH                                   mediumconst  00BE3D
__end_of_boldI                                   mediumconst  00BE36
__end_of_boldJ                                   mediumconst  00BE2F
__end_of_boldK                                   mediumconst  00BE28
__end_of_boldL                                   mediumconst  00BE21
__end_of_boldM                                   mediumconst  00BE1A
__end_of_boldN                                   mediumconst  00BE13
__end_of_boldO                                   mediumconst  00BE0C
__end_of_boldP                                   mediumconst  00BE05
__end_of_boldR                                   mediumconst  00BDFE
__end_of_boldS                                   mediumconst  00BDF7
__end_of_boldT                                   mediumconst  00BDF0
__end_of_boldU                                   mediumconst  00BDE9
__end_of_boldV                                   mediumconst  00BDE2
__end_of_boldW                                   mediumconst  00BDDB
__end_of_boldX                                   mediumconst  00BDD4
__end_of_boldY                                   mediumconst  00BDCD
__end_of_boldZ                                   mediumconst  00BDC6
__end_of_clear_display                           text3        00A2E4
__end_of_closeBracket                            mediumconst  00BE75
__end_of_dline0                                  mediumconst  00BF10
__end_of_dline1                                  mediumconst  00BF08
__end_of_dline2                                  mediumconst  00BF00
__end_of_dline3                                  mediumconst  00BEF8
__end_of_dline4                                  mediumconst  00BEF0
__end_of_dline5                                  mediumconst  00BEE8
__end_of_dline6                                  mediumconst  00BEE0
__end_of_dline7                                  mediumconst  00BED8
__end_of_dline8                                  mediumconst  00BED0
__end_of_dline9                                  mediumconst  00BEC8
__end_of_dlineA                                  mediumconst  00BF88
__end_of_dlineB                                  mediumconst  00BF80
__end_of_dlineC                                  mediumconst  00BF78
__end_of_dlineD                                  mediumconst  00BF70
__end_of_dlineE                                  mediumconst  00BF68
__end_of_dlineF                                  mediumconst  00BD79
__end_of_dlineG                                  mediumconst  00BD71
__end_of_dlineH                                  mediumconst  00BD69
__end_of_dlineI                                  mediumconst  00BF60
__end_of_dlineJ                                  mediumconst  00BD61
__end_of_dlineK                                  mediumconst  00BD59
__end_of_dlineL                                  mediumconst  00BD51
__end_of_dlineM                                  mediumconst  00BF58
__end_of_dlineN                                  mediumconst  00BF50
__end_of_dlineO                                  mediumconst  00BF48
__end_of_dlineP                                  mediumconst  00BF40
__end_of_dlineR                                  mediumconst  00BF38
__end_of_dlineS                                  mediumconst  00BF30
__end_of_dlineSpace                              mediumconst  00BF90
__end_of_dlineT                                  mediumconst  00BF28
__end_of_dlineU                                  mediumconst  00BF20
__end_of_dlineV                                  mediumconst  00BD49
__end_of_dlineW                                  mediumconst  00BD41
__end_of_dlineX                                  mediumconst  00BD39
__end_of_dlineY                                  mediumconst  00BF18
__end_of_dlineZ                                  mediumconst  00BD31
__end_of_gotoxy                                  text10       00A7FE
__end_of_init_GPIO_DIR                           text23       00A282
__end_of_init_XLCD                               text14       00A6A8
__end_of_main                                    text0        00AF02
__end_of_menu_000                                mediumconst  00BE88
__end_of_menu_001                                mediumconst  00BFD0
__end_of_menu_002                                mediumconst  00BFC8
__end_of_menu_003                                mediumconst  00BFC0
__end_of_menu_004                                mediumconst  00BFB8
__end_of_menu_005                                mediumconst  00BFB0
__end_of_menu_006                                mediumconst  00BFA8
__end_of_menu_007                                mediumconst  00BFA0
__end_of_menu_008                                mediumconst  00BF98
__end_of_menu_009                                mediumconst  00BFDD
__end_of_menu_010                                mediumconst  00BE93
__end_of_menu_011                                mediumconst  00BEC0
__end_of_menu_012                                mediumconst  00BEB7
__end_of_menu_013                                mediumconst  00BEAE
__end_of_menu_014                                mediumconst  00BEA5
__end_of_menu_015                                mediumconst  00BE9C
__end_of_menu_016                                mediumconst  00BFD7
__end_of_my_menu                                 mediumconst  00BD29
__end_of_openBracket                             mediumconst  00BE7C
__end_of_putrsXLCD                               text2        00A5CE
__end_of_show_menu                               text5        00BCA0
__end_of_start                                   text1        00A512
__end_of_strlen                                  text9        00A462
__initialization                                 cinit        00A368
__mediumconst                                    mediumconst  00BCA0
__pbssCOMRAM                                     bssCOMRAM    000028
__pcinit                                         cinit        00A368
__pcstackCOMRAM                                  cstackCOMRAM 000001
__pdataBANK1                                     dataBANK1    000100
__pdataCOMRAM                                    dataCOMRAM   000030
__pidataBANK1                                    idataBANK1   00A6A8
__pidataCOMRAM                                   idataCOMRAM  00A248
__pmediumconst                                   mediumconst  00BCA0
__ptext0                                         text0        00AC40
__ptext1                                         text1        00A4BA
__ptext10                                        text10       00A744
__ptext11                                        text11       00A7FE
__ptext12                                        text12       00A326
__ptext13                                        text13       00A512
__ptext14                                        text14       00A62E
__ptext15                                        text15       00A9B2
__ptext16                                        text16       00A2E4
__ptext17                                        text17       00A462
__ptext18                                        text18       00A24A
__ptext19                                        text19       00A252
__ptext2                                         text2        00A570
__ptext20                                        text20       00A282
__ptext21                                        text21       00A3B6
__ptext22                                        text22       00A29E
__ptext23                                        text23       00A268
__ptext24                                        text24       000000
__ptext3                                         text3        00A2BC
__ptext4                                         text4        00A5CE
__ptext5                                         text5        00B23E
__ptext6                                         text6        00A8C6
__ptext7                                         text7        00AAF4
__ptext8                                         text8        00AF02
__ptext9                                         text9        00A40C
__ramtop                                         ramtop       001000
__size_of_BusyXLCD                               (abs)        000000
__size_of_CreateCustomCharacter                  (abs)        000000
__size_of_Delay10KTCYx                           (abs)        000000
__size_of_Delay1KTCYx                            (abs)        000000
__size_of_Delay1Sec                              (abs)        000000
__size_of_DelayFor18TCY                          (abs)        000000
__size_of_DelayPORXLCD                           (abs)        000000
__size_of_LCDWriteCustomString_dlines            (abs)        000000
__size_of_LCDWriteStringROM                      (abs)        000000
__size_of_OpenXLCD                               (abs)        000000
__size_of_SetCGRamAddr                           (abs)        000000
__size_of_SetDDRamAddr                           (abs)        000000
__size_of_WriteCmdXLCD                           (abs)        000000
__size_of_WriteDataXLCD                          (abs)        000000
__size_of___awdiv                                (abs)        000000
__size_of_clear_display                          (abs)        000000
__size_of_gotoxy                                 (abs)        000000
__size_of_init_GPIO_DIR                          (abs)        000000
__size_of_init_XLCD                              (abs)        000000
__size_of_main                                   (abs)        000000
__size_of_putrsXLCD                              (abs)        000000
__size_of_show_menu                              (abs)        000000
__size_of_start                                  (abs)        000000
__size_of_strlen                                 (abs)        000000
__smallconst                                     smallconst   000000
_bold0                                           mediumconst  00BDB8
_bold1                                           mediumconst  00BDB1
_bold2                                           mediumconst  00BDAA
_bold3                                           mediumconst  00BDA3
_bold4                                           mediumconst  00BD9C
_bold5                                           mediumconst  00BD95
_bold6                                           mediumconst  00BD8E
_bold7                                           mediumconst  00BD87
_bold8                                           mediumconst  00BD80
_bold9                                           mediumconst  00BD79
_boldA                                           mediumconst  00BE67
_boldB                                           mediumconst  00BE60
_boldC                                           mediumconst  00BE59
_boldD                                           mediumconst  00BE52
_boldE                                           mediumconst  00BE4B
_boldF                                           mediumconst  00BE44
_boldG                                           mediumconst  00BE3D
_boldH                                           mediumconst  00BE36
_boldI                                           mediumconst  00BE2F
_boldJ                                           mediumconst  00BE28
_boldK                                           mediumconst  00BE21
_boldL                                           mediumconst  00BE1A
_boldM                                           mediumconst  00BE13
_boldN                                           mediumconst  00BE0C
_boldO                                           mediumconst  00BE05
_boldP                                           mediumconst  00BDFE
_boldR                                           mediumconst  00BDF7
_boldS                                           mediumconst  00BDF0
_boldT                                           mediumconst  00BDE9
_boldU                                           mediumconst  00BDE2
_boldV                                           mediumconst  00BDDB
_boldW                                           mediumconst  00BDD4
_boldX                                           mediumconst  00BDCD
_boldY                                           mediumconst  00BDC6
_boldZ                                           mediumconst  00BDBF
_button_delay_counter                            bssCOMRAM    00002A
_button_delay_counter_enable                     bssCOMRAM    00002F
_button_enable                                   dataCOMRAM   000030
_clear_display                                   text3        00A2BC
_closeBracket                                    mediumconst  00BE6E
_currentStateROTARY_CK                           bssCOMRAM    00002C
_dline0                                          mediumconst  00BF08
_dline1                                          mediumconst  00BF00
_dline2                                          mediumconst  00BEF8
_dline3                                          mediumconst  00BEF0
_dline4                                          mediumconst  00BEE8
_dline5                                          mediumconst  00BEE0
_dline6                                          mediumconst  00BED8
_dline7                                          mediumconst  00BED0
_dline8                                          mediumconst  00BEC8
_dline9                                          mediumconst  00BEC0
_dlineA                                          mediumconst  00BF80
_dlineB                                          mediumconst  00BF78
_dlineC                                          mediumconst  00BF70
_dlineD                                          mediumconst  00BF68
_dlineE                                          mediumconst  00BF60
_dlineF                                          mediumconst  00BD71
_dlineG                                          mediumconst  00BD69
_dlineH                                          mediumconst  00BD61
_dlineI                                          mediumconst  00BF58
_dlineJ                                          mediumconst  00BD59
_dlineK                                          mediumconst  00BD51
_dlineL                                          mediumconst  00BD49
_dlineM                                          mediumconst  00BF50
_dlineN                                          mediumconst  00BF48
_dlineO                                          mediumconst  00BF40
_dlineP                                          mediumconst  00BF38
_dlineR                                          mediumconst  00BF30
_dlineS                                          mediumconst  00BF28
_dlineSpace                                      mediumconst  00BF88
_dlineT                                          mediumconst  00BF20
_dlineU                                          mediumconst  00BF18
_dlineV                                          mediumconst  00BD41
_dlineW                                          mediumconst  00BD39
_dlineX                                          mediumconst  00BD31
_dlineY                                          mediumconst  00BF10
_dlineZ                                          mediumconst  00BD29
_gotoxy                                          text10       00A744
_init_GPIO_DIR                                   text23       00A268
_init_XLCD                                       text14       00A62E
_lastStateROTARY_CK                              bssCOMRAM    00002D
_main                                            text0        00AC40
_menu_000                                        mediumconst  00BE7C
_menu_001                                        mediumconst  00BFC8
_menu_002                                        mediumconst  00BFC0
_menu_003                                        mediumconst  00BFB8
_menu_004                                        mediumconst  00BFB0
_menu_005                                        mediumconst  00BFA8
_menu_006                                        mediumconst  00BFA0
_menu_007                                        mediumconst  00BF98
_menu_008                                        mediumconst  00BF90
_menu_009                                        mediumconst  00BFD7
_menu_010                                        mediumconst  00BE88
_menu_011                                        mediumconst  00BEB7
_menu_012                                        mediumconst  00BEAE
_menu_013                                        mediumconst  00BEA5
_menu_014                                        mediumconst  00BE9C
_menu_015                                        mediumconst  00BE93
_menu_016                                        mediumconst  00BFD0
_my_dline_chars                                  dataBANK1    000100
_my_menu                                         mediumconst  00BCA1
_openBracket                                     mediumconst  00BE75
_putrsXLCD                                       text2        00A570
_return_default_display_counter                  bssCOMRAM    000028
_return_default_display_counter_enable           bssCOMRAM    00002E
_selected                                        dataCOMRAM   000031
_show_menu                                       text5        00B23E
_start                                           text1        00A4BA
_strlen                                          text9        00A40C
end_of_initialization                            cinit        00A3AC
gotoxy@ddramaddress                              cstackCOMRAM 000006
gotoxy@x_pos                                     cstackCOMRAM 000007
gotoxy@y_pos                                     cstackCOMRAM 000005
intlevel0                                        text         000000
intlevel1                                        text         000000
intlevel2                                        text         000000
intlevel3                                        text         000000
putrsXLCD@buffer                                 cstackCOMRAM 000002
show_menu@from                                   cstackCOMRAM 000025
show_menu@line_cnt                               cstackCOMRAM 000024
show_menu@temp                                   cstackCOMRAM 000021
show_menu@text_i                                 cstackCOMRAM 000023
show_menu@text_offset                            cstackCOMRAM 000026
show_menu@till                                   cstackCOMRAM 000022
stackhi                                          (abs)        000F7F
stacklo                                          (abs)        00019C
start                                            init         000000
start_initialization                             cinit        00A368
strlen@cp                                        cstackCOMRAM 000005
strlen@s                                         cstackCOMRAM 000001


FUNCTION INFORMATION:

 *************** function _main *****************
 Defined at:
		line 73 in file "lcd_trials_4bits.c"
 Parameters:    Size  Location     Type
		None
 Auto vars:     Size  Location     Type
		None
 Return value:  Size  Location     Type
                  1    wreg      void 
 Registers used:
		wreg, fsr2l, fsr2h, status,2, status,0, pclath, tosl, tblptrl, tblptrh, tblptru, prodl, prodh, cstack
 Tracked objects:
		On entry : 
		On exit  : 
		Unchanged: 
 Data sizes:     COMRAM   BANK0   BANK1   BANK2   BANK3   BANK4   BANK5   BANK6   BANK7   BANK8   BANK9  BANK10  BANK11  BANK12  BANK13  BANK14  BANK15
      Params:         0       0       0       0       0       0       0       0       0       0       0       0       0       0       0       0       0
      Locals:         0       0       0       0       0       0       0       0       0       0       0       0       0       0       0       0       0
      Temps:          1       0       0       0       0       0       0       0       0       0       0       0       0       0       0       0       0
      Totals:         1       0       0       0       0       0       0       0       0       0       0       0       0       0       0       0       0
Total ram usage:        1 bytes
 Hardware stack levels required when called:    5
 This function calls:
		Absolute function
		_Delay1Sec
		_clear_display
		_gotoxy
		_init_GPIO_DIR
		_init_XLCD
		_putrsXLCD
		_show_menu
		_start
 This function is called by:
		Startup code after reset
 This function uses a non-reentrant model


 *************** function _start *****************
 Defined at:
		line 27 in file "lcd_trials_4bits.c"
 Parameters:    Size  Location     Type
		None
 Auto vars:     Size  Location     Type
		None
 Return value:  Size  Location     Type
                  1    wreg      void 
 Registers used:
		wreg, status,2, status,0, tblptrl, tblptrh, tblptru, cstack
 Tracked objects:
		On entry : 
		On exit  : 
		Unchanged: 
 Data sizes:     COMRAM   BANK0   BANK1   BANK2   BANK3   BANK4   BANK5   BANK6   BANK7   BANK8   BANK9  BANK10  BANK11  BANK12  BANK13  BANK14  BANK15
      Params:         0       0       0       0       0       0       0       0       0       0       0       0       0       0       0       0       0
      Locals:         0       0       0       0       0       0       0       0       0       0       0       0       0       0       0       0       0
      Temps:          0       0       0       0       0       0       0       0       0       0       0       0       0       0       0       0       0
      Totals:         0       0       0       0       0       0       0       0       0       0       0       0       0       0       0       0       0
Total ram usage:        0 bytes
 Hardware stack levels used:    1
 Hardware stack levels required when called:    3
 This function calls:
		_Delay1Sec
		_clear_display
		_gotoxy
		_putrsXLCD
 This function is called by:
		_main
 This function uses a non-reentrant model


 *************** function _putrsXLCD *****************
 Defined at:
		line 17 in file "putrxlcd.c"
 Parameters:    Size  Location     Type
  buffer          2    1[COMRAM] PTR const unsigned char 
		 -> STR_3(5), STR_2(12), STR_1(17), 
 Auto vars:     Size  Location     Type
		None
 Return value:  Size  Location     Type
                  1    wreg      void 
 Registers used:
		wreg, status,2, status,0, tblptrl, tblptrh, tblptru, cstack
 Tracked objects:
		On entry : 
		On exit  : 
		Unchanged: 
 Data sizes:     COMRAM   BANK0   BANK1   BANK2   BANK3   BANK4   BANK5   BANK6   BANK7   BANK8   BANK9  BANK10  BANK11  BANK12  BANK13  BANK14  BANK15
      Params:         2       0       0       0       0       0       0       0       0       0       0       0       0       0       0       0       0
      Locals:         0       0       0       0       0       0       0       0       0       0       0       0       0       0       0       0       0
      Temps:          0       0       0       0       0       0       0       0       0       0       0       0       0       0       0       0       0
      Totals:         2       0       0       0       0       0       0       0       0       0       0       0       0       0       0       0       0
Total ram usage:        2 bytes
 Hardware stack levels used:    1
 Hardware stack levels required when called:    2
 This function calls:
		_BusyXLCD
		_WriteDataXLCD
 This function is called by:
		_start
		_main
 This function uses a non-reentrant model


 *************** function _clear_display *****************
 Defined at:
		line 65 in file "lcd_menu.c"
 Parameters:    Size  Location     Type
		None
 Auto vars:     Size  Location     Type
		None
 Return value:  Size  Location     Type
                  1    wreg      void 
 Registers used:
		wreg, status,2, status,0, cstack
 Tracked objects:
		On entry : 
		On exit  : 
		Unchanged: 
 Data sizes:     COMRAM   BANK0   BANK1   BANK2   BANK3   BANK4   BANK5   BANK6   BANK7   BANK8   BANK9  BANK10  BANK11  BANK12  BANK13  BANK14  BANK15
      Params:         0       0       0       0       0       0       0       0       0       0       0       0       0       0       0       0       0
      Locals:         0       0       0       0       0       0       0       0       0       0       0       0       0       0       0       0       0
      Temps:          0       0       0       0       0       0       0       0       0       0       0       0       0       0       0       0       0
      Totals:         0       0       0       0       0       0       0       0       0       0       0       0       0       0       0       0       0
Total ram usage:        0 bytes
 Hardware stack levels used:    1
 Hardware stack levels required when called:    2
 This function calls:
		_BusyXLCD
		_WriteCmdXLCD
 This function is called by:
		_start
		_main
 This function uses a non-reentrant model


 *************** function _Delay1Sec *****************
 Defined at:
		line 112 in file "lcd_menu.c"
 Parameters:    Size  Location     Type
		None
 Auto vars:     Size  Location     Type
  cntDelay        2    1[COMRAM] int 
 Return value:  Size  Location     Type
                  1    wreg      void 
 Registers used:
		wreg, status,2, status,0
 Tracked objects:
		On entry : 
		On exit  : 
		Unchanged: 
 Data sizes:     COMRAM   BANK0   BANK1   BANK2   BANK3   BANK4   BANK5   BANK6   BANK7   BANK8   BANK9  BANK10  BANK11  BANK12  BANK13  BANK14  BANK15
      Params:         0       0       0       0       0       0       0       0       0       0       0       0       0       0       0       0       0
      Locals:         2       0       0       0       0       0       0       0       0       0       0       0       0       0       0       0       0
      Temps:          1       0       0       0       0       0       0       0       0       0       0       0       0       0       0       0       0
      Totals:         3       0       0       0       0       0       0       0       0       0       0       0       0       0       0       0       0
Total ram usage:        3 bytes
 Hardware stack levels used:    1
 This function calls:
		Nothing
 This function is called by:
		_start
		_main
 This function uses a non-reentrant model


 *************** function _show_menu *****************
 Defined at:
		line 187 in file "lcd_menu.c"
 Parameters:    Size  Location     Type
		None
 Auto vars:     Size  Location     Type
  text_offset     1   37[COMRAM] unsigned char 
  from            1   36[COMRAM] unsigned char 
  line_cnt        1   35[COMRAM] unsigned char 
  text_i          1   34[COMRAM] unsigned char 
  till            1   33[COMRAM] unsigned char 
  temp            1   32[COMRAM] unsigned char 
 Return value:  Size  Location     Type
                  1    wreg      void 
 Registers used:
		wreg, fsr2l, fsr2h, status,2, status,0, tblptrl, tblptrh, tblptru, prodl, prodh, cstack
 Tracked objects:
		On entry : 
		On exit  : 
		Unchanged: 
 Data sizes:     COMRAM   BANK0   BANK1   BANK2   BANK3   BANK4   BANK5   BANK6   BANK7   BANK8   BANK9  BANK10  BANK11  BANK12  BANK13  BANK14  BANK15
      Params:         0       0       0       0       0       0       0       0       0       0       0       0       0       0       0       0       0
      Locals:         6       0       0       0       0       0       0       0       0       0       0       0       0       0       0       0       0
      Temps:          7       0       0       0       0       0       0       0       0       0       0       0       0       0       0       0       0
      Totals:        13       0       0       0       0       0       0       0       0       0       0       0       0       0       0       0       0
Total ram usage:       13 bytes
 Hardware stack levels used:    1
 Hardware stack levels required when called:    4
 This function calls:
		_BusyXLCD
		_LCDWriteCustomString_dlines
		_LCDWriteStringROM
		_WriteDataXLCD
		___awdiv
		_gotoxy
		_strlen
 This function is called by:
		_main
 This function uses a non-reentrant model


 *************** function ___awdiv *****************
 Defined at:
		line 7 in file "C:\Program Files (x86)\Microchip\xc8\v2.00\pic\sources\c90\common\awdiv.c"
 Parameters:    Size  Location     Type
  dividend        2    0[COMRAM] int 
  divisor         2    2[COMRAM] int 
 Auto vars:     Size  Location     Type
  quotient        2    6[COMRAM] int 
  sign            1    5[COMRAM] unsigned char 
  counter         1    4[COMRAM] unsigned char 
 Return value:  Size  Location     Type
                  2    0[COMRAM] int 
 Registers used:
		wreg, status,2, status,0
 Tracked objects:
		On entry : 
		On exit  : 
		Unchanged: 
 Data sizes:     COMRAM   BANK0   BANK1   BANK2   BANK3   BANK4   BANK5   BANK6   BANK7   BANK8   BANK9  BANK10  BANK11  BANK12  BANK13  BANK14  BANK15
      Params:         4       0       0       0       0       0       0       0       0       0       0       0       0       0       0       0       0
      Locals:         4       0       0       0       0       0       0       0       0       0       0       0       0       0       0       0       0
      Temps:          0       0       0       0       0       0       0       0       0       0       0       0       0       0       0       0       0
      Totals:         8       0       0       0       0       0       0       0       0       0       0       0       0       0       0       0       0
Total ram usage:        8 bytes
 Hardware stack levels used:    1
 This function calls:
		Nothing
 This function is called by:
		_show_menu
 This function uses a non-reentrant model


 *************** function _LCDWriteStringROM *****************
 Defined at:
		line 155 in file "lcd_menu.c"
 Parameters:    Size  Location     Type
  x               1    wreg     unsigned char 
  y               1    7[COMRAM] unsigned char 
  lcd_menu_ite    2    8[COMRAM] PTR const unsigned char 
		 -> menu_016(7), menu_015(9), menu_014(9), menu_013(9), 
		 -> menu_012(9), menu_011(9), menu_010(11), menu_009(6), 
		 -> menu_008(8), menu_007(8), menu_006(8), menu_005(8), 
		 -> menu_004(8), menu_003(8), menu_002(8), menu_001(8), 
		 -> menu_000(12), 
  add_line        1   10[COMRAM] unsigned char 
  add_char        1   11[COMRAM] unsigned char 
 Auto vars:     Size  Location     Type
  x               1   13[COMRAM] unsigned char 
  lcd_offset      1   14[COMRAM] unsigned char 
  lcd_i           1   12[COMRAM] unsigned char 
 Return value:  Size  Location     Type
                  1    wreg      void 
 Registers used:
		wreg, status,2, status,0, tblptrl, tblptrh, tblptru, cstack
 Tracked objects:
		On entry : 
		On exit  : 
		Unchanged: 
 Data sizes:     COMRAM   BANK0   BANK1   BANK2   BANK3   BANK4   BANK5   BANK6   BANK7   BANK8   BANK9  BANK10  BANK11  BANK12  BANK13  BANK14  BANK15
      Params:         5       0       0       0       0       0       0       0       0       0       0       0       0       0       0       0       0
      Locals:         3       0       0       0       0       0       0       0       0       0       0       0       0       0       0       0       0
      Temps:          0       0       0       0       0       0       0       0       0       0       0       0       0       0       0       0       0
      Totals:         8       0       0       0       0       0       0       0       0       0       0       0       0       0       0       0       0
Total ram usage:        8 bytes
 Hardware stack levels used:    1
 Hardware stack levels required when called:    3
 This function calls:
		_BusyXLCD
		_WriteDataXLCD
		_gotoxy
		_strlen
 This function is called by:
		_show_menu
 This function uses a non-reentrant model


 *************** function _LCDWriteCustomString_dlines *****************
 Defined at:
		line 155 in file "lcd_custom_char.c"
 Parameters:    Size  Location     Type
  x               1    wreg     unsigned char 
  y               1   12[COMRAM] unsigned char 
  my_text         2   13[COMRAM] PTR const unsigned char 
		 -> menu_016(7), menu_015(9), menu_014(9), menu_013(9), 
		 -> menu_012(9), menu_011(9), menu_010(11), menu_009(6), 
		 -> menu_008(8), menu_007(8), menu_006(8), menu_005(8), 
		 -> menu_004(8), menu_003(8), menu_002(8), menu_001(8), 
		 -> menu_000(12), 
  add_line        1   15[COMRAM] unsigned char 
  add_char        1   16[COMRAM] unsigned char 
 Auto vars:     Size  Location     Type
  x               1   24[COMRAM] unsigned char 
  dline_index     1   23[COMRAM] unsigned char 
  cgram_pos       1   22[COMRAM] unsigned char 
  lcd_offset      1   21[COMRAM] unsigned char 
  initial_ddra    1   20[COMRAM] unsigned char 
  lcd_i           1   19[COMRAM] unsigned char 
  ddramaddress    1   18[COMRAM] unsigned char 
 Return value:  Size  Location     Type
                  1    wreg      void 
 Registers used:
		wreg, fsr2l, fsr2h, status,2, status,0, tblptrl, tblptrh, tblptru, prodl, prodh, cstack
 Tracked objects:
		On entry : 
		On exit  : 
		Unchanged: 
 Data sizes:     COMRAM   BANK0   BANK1   BANK2   BANK3   BANK4   BANK5   BANK6   BANK7   BANK8   BANK9  BANK10  BANK11  BANK12  BANK13  BANK14  BANK15
      Params:         5       0       0       0       0       0       0       0       0       0       0       0       0       0       0       0       0
      Locals:         7       0       0       0       0       0       0       0       0       0       0       0       0       0       0       0       0
      Temps:          1       0       0       0       0       0       0       0       0       0       0       0       0       0       0       0       0
      Totals:        13       0       0       0       0       0       0       0       0       0       0       0       0       0       0       0       0
Total ram usage:       13 bytes
 Hardware stack levels used:    1
 Hardware stack levels required when called:    3
 This function calls:
		_BusyXLCD
		_CreateCustomCharacter
		_SetDDRamAddr
		_WriteDataXLCD
		_gotoxy
		_strlen
 This function is called by:
		_show_menu
 This function uses a non-reentrant model


 *************** function _strlen *****************
 Defined at:
		line 4 in file "C:\Program Files (x86)\Microchip\xc8\v2.00\pic\sources\c90\common\strlen.c"
 Parameters:    Size  Location     Type
  s               2    0[COMRAM] PTR const unsigned char 
		 -> menu_016(7), menu_015(9), menu_014(9), menu_013(9), 
		 -> menu_012(9), menu_011(9), menu_010(11), menu_009(6), 
		 -> menu_008(8), menu_007(8), menu_006(8), menu_005(8), 
		 -> menu_004(8), menu_003(8), menu_002(8), menu_001(8), 
		 -> menu_000(12), 
 Auto vars:     Size  Location     Type
  cp              2    4[COMRAM] PTR const unsigned char 
		 -> menu_016(7), menu_015(9), menu_014(9), menu_013(9), 
		 -> menu_012(9), menu_011(9), menu_010(11), menu_009(6), 
		 -> menu_008(8), menu_007(8), menu_006(8), menu_005(8), 
		 -> menu_004(8), menu_003(8), menu_002(8), menu_001(8), 
		 -> menu_000(12), 
 Return value:  Size  Location     Type
                  2    0[COMRAM] unsigned int 
 Registers used:
		wreg, status,2, status,0, tblptrl, tblptrh, tblptru
 Tracked objects:
		On entry : 
		On exit  : 
		Unchanged: 
 Data sizes:     COMRAM   BANK0   BANK1   BANK2   BANK3   BANK4   BANK5   BANK6   BANK7   BANK8   BANK9  BANK10  BANK11  BANK12  BANK13  BANK14  BANK15
      Params:         2       0       0       0       0       0       0       0       0       0       0       0       0       0       0       0       0
      Locals:         2       0       0       0       0       0       0       0       0       0       0       0       0       0       0       0       0
      Temps:          2       0       0       0       0       0       0       0       0       0       0       0       0       0       0       0       0
      Totals:         6       0       0       0       0       0       0       0       0       0       0       0       0       0       0       0       0
Total ram usage:        6 bytes
 Hardware stack levels used:    1
 This function calls:
		Nothing
 This function is called by:
		_LCDWriteStringROM
		_show_menu
		_LCDWriteCustomString_dlines
 This function uses a non-reentrant model


 *************** function _gotoxy *****************
 Defined at:
		line 124 in file "lcd_menu.c"
 Parameters:    Size  Location     Type
  x_pos           1    wreg     unsigned char 
  y_pos           1    4[COMRAM] unsigned char 
 Auto vars:     Size  Location     Type
  x_pos           1    6[COMRAM] unsigned char 
  ddramaddress    1    5[COMRAM] unsigned char 
 Return value:  Size  Location     Type
                  1    wreg      void 
 Registers used:
		wreg, status,2, status,0, cstack
 Tracked objects:
		On entry : 
		On exit  : 
		Unchanged: 
 Data sizes:     COMRAM   BANK0   BANK1   BANK2   BANK3   BANK4   BANK5   BANK6   BANK7   BANK8   BANK9  BANK10  BANK11  BANK12  BANK13  BANK14  BANK15
      Params:         1       0       0       0       0       0       0       0       0       0       0       0       0       0       0       0       0
      Locals:         2       0       0       0       0       0       0       0       0       0       0       0       0       0       0       0       0
      Temps:          0       0       0       0       0       0       0       0       0       0       0       0       0       0       0       0       0
      Totals:         3       0       0       0       0       0       0       0       0       0       0       0       0       0       0       0       0
Total ram usage:        3 bytes
 Hardware stack levels used:    1
 Hardware stack levels required when called:    2
 This function calls:
		_BusyXLCD
		_SetDDRamAddr
 This function is called by:
		_LCDWriteStringROM
		_show_menu
		_start
		_main
		_LCDWriteCustomString_dlines
 This function uses a non-reentrant model


 *************** function _CreateCustomCharacter *****************
 Defined at:
		line 137 in file "lcd_custom_char.c"
 Parameters:    Size  Location     Type
  Pattern         2    4[COMRAM] PTR const unsigned char 
		 -> dline9(8), dline8(8), dline7(8), dline6(8), 
		 -> dline5(8), dline4(8), dline3(8), dline2(8), 
		 -> dline1(8), dline0(8), dlineY(8), dlineU(8), 
		 -> dlineT(8), dlineS(8), dlineR(8), dlineP(8), 
		 -> dlineO(8), dlineN(8), dlineM(8), dlineI(8), 
		 -> dlineE(8), dlineD(8), dlineC(8), dlineB(8), 
		 -> dlineA(8), dlineSpace(8), 
  cgramPos        1    6[COMRAM] unsigned char 
 Auto vars:     Size  Location     Type
  i               2   10[COMRAM] int 
  cgramaddr       1    9[COMRAM] unsigned char 
 Return value:  Size  Location     Type
                  1    wreg      void 
 Registers used:
		wreg, status,2, status,0, tblptrl, tblptrh, tblptru, prodl, prodh, cstack
 Tracked objects:
		On entry : 
		On exit  : 
		Unchanged: 
 Data sizes:     COMRAM   BANK0   BANK1   BANK2   BANK3   BANK4   BANK5   BANK6   BANK7   BANK8   BANK9  BANK10  BANK11  BANK12  BANK13  BANK14  BANK15
      Params:         3       0       0       0       0       0       0       0       0       0       0       0       0       0       0       0       0
      Locals:         3       0       0       0       0       0       0       0       0       0       0       0       0       0       0       0       0
      Temps:          2       0       0       0       0       0       0       0       0       0       0       0       0       0       0       0       0
      Totals:         8       0       0       0       0       0       0       0       0       0       0       0       0       0       0       0       0
Total ram usage:        8 bytes
 Hardware stack levels used:    1
 Hardware stack levels required when called:    2
 This function calls:
		_BusyXLCD
		_SetCGRamAddr
		_WriteDataXLCD
 This function is called by:
		_LCDWriteCustomString_dlines
 This function uses a non-reentrant model


 *************** function _WriteDataXLCD *****************
 Defined at:
		line 16 in file "writdata.c"
 Parameters:    Size  Location     Type
  data            1    wreg     unsigned char 
 Auto vars:     Size  Location     Type
  data            1    0[COMRAM] unsigned char 
 Return value:  Size  Location     Type
                  1    wreg      void 
 Registers used:
		wreg, status,2, status,0, cstack
 Tracked objects:
		On entry : 
		On exit  : 
		Unchanged: 
 Data sizes:     COMRAM   BANK0   BANK1   BANK2   BANK3   BANK4   BANK5   BANK6   BANK7   BANK8   BANK9  BANK10  BANK11  BANK12  BANK13  BANK14  BANK15
      Params:         0       0       0       0       0       0       0       0       0       0       0       0       0       0       0       0       0
      Locals:         1       0       0       0       0       0       0       0       0       0       0       0       0       0       0       0       0
      Temps:          0       0       0       0       0       0       0       0       0       0       0       0       0       0       0       0       0
      Totals:         1       0       0       0       0       0       0       0       0       0       0       0       0       0       0       0       0
Total ram usage:        1 bytes
 Hardware stack levels used:    1
 Hardware stack levels required when called:    1
 This function calls:
		_DelayFor18TCY
 This function is called by:
		_putrsXLCD
		_LCDWriteStringROM
		_show_menu
		_CreateCustomCharacter
		_LCDWriteCustomString_dlines
		_putsXLCD
 This function uses a non-reentrant model


 *************** function _SetCGRamAddr *****************
 Defined at:
		line 14 in file "setcgram.c"
 Parameters:    Size  Location     Type
  CGaddr          1    wreg     unsigned char 
[...]
 This function calls:
		_BusyXLCD
		_OpenXLCD
		_WriteCmdXLCD
 This function is called by:
		_main
 This function uses a non-reentrant model


 *************** function _OpenXLCD *****************
 Defined at:
		line 19 in file "openxlcd.c"
 Parameters:    Size  Location     Type
  lcdtype         1    wreg     unsigned char 
 Auto vars:     Size  Location     Type
  lcdtype         1    4[COMRAM] unsigned char 
 Return value:  Size  Location     Type
                  1    wreg      void 
 Registers used:
		wreg, status,2, status,0, cstack
 Tracked objects:
		On entry : 
		On exit  : 
		Unchanged: 
 Data sizes:     COMRAM   BANK0   BANK1   BANK2   BANK3   BANK4   BANK5   BANK6   BANK7   BANK8   BANK9  BANK10  BANK11  BANK12  BANK13  BANK14  BANK15
      Params:         0       0       0       0       0       0       0       0       0       0       0       0       0       0       0       0       0
      Locals:         1       0       0       0       0       0       0       0       0       0       0       0       0       0       0       0       0
      Temps:          0       0       0       0       0       0       0       0       0       0       0       0       0       0       0       0       0
      Totals:         1       0       0       0       0       0       0       0       0       0       0       0       0       0       0       0       0
Total ram usage:        1 bytes
 Hardware stack levels used:    1
 Hardware stack levels required when called:    2
 This function calls:
		_BusyXLCD
		_Delay10KTCYx
		_DelayPORXLCD
		_SetDDRamAddr
		_WriteCmdXLCD
 This function is called by:
		_init_XLCD
 This function uses a non-reentrant model


 *************** function _WriteCmdXLCD *****************
 Defined at:
		line 13 in file "wcmdxlcd.c"
 Parameters:    Size  Location     Type
  cmd             1    wreg     unsigned char 
 Auto vars:     Size  Location     Type
  cmd             1    0[COMRAM] unsigned char 
 Return value:  Size  Location     Type
                  1    wreg      void 
 Registers used:
		wreg, status,2, status,0, cstack
 Tracked objects:
		On entry : 
		On exit  : 
		Unchanged: 
 Data sizes:     COMRAM   BANK0   BANK1   BANK2   BANK3   BANK4   BANK5   BANK6   BANK7   BANK8   BANK9  BANK10  BANK11  BANK12  BANK13  BANK14  BANK15
      Params:         0       0       0       0       0       0       0       0       0       0       0       0       0       0       0       0       0
      Locals:         1       0       0       0       0       0       0       0       0       0       0       0       0       0       0       0       0
      Temps:          0       0       0       0       0       0       0       0       0       0       0       0       0       0       0       0       0
      Totals:         1       0       0       0       0       0       0       0       0       0       0       0       0       0       0       0       0
Total ram usage:        1 bytes
 Hardware stack levels used:    1
 Hardware stack levels required when called:    1
 This function calls:
		_DelayFor18TCY
 This function is called by:
		_OpenXLCD
		_clear_display
		_init_XLCD
		_LCDWriteCmd
 This function uses a non-reentrant model


 *************** function _SetDDRamAddr *****************
 Defined at:
		line 13 in file "setddram.c"
 Parameters:    Size  Location     Type
  DDaddr          1    wreg     unsigned char 
 Auto vars:     Size  Location     Type
  DDaddr          1    3[COMRAM] unsigned char 
 Return value:  Size  Location     Type
                  1    wreg      void 
 Registers used:
		wreg, status,2, status,0, cstack
 Tracked objects:
		On entry : 
		On exit  : 
		Unchanged: 
 Data sizes:     COMRAM   BANK0   BANK1   BANK2   BANK3   BANK4   BANK5   BANK6   BANK7   BANK8   BANK9  BANK10  BANK11  BANK12  BANK13  BANK14  BANK15
      Params:         0       0       0       0       0       0       0       0       0       0       0       0       0       0       0       0       0
      Locals:         1       0       0       0       0       0       0       0       0       0       0       0       0       0       0       0       0
      Temps:          3       0       0       0       0       0       0       0       0       0       0       0       0       0       0       0       0
      Totals:         4       0       0       0       0       0       0       0       0       0       0       0       0       0       0       0       0
Total ram usage:        4 bytes
 Hardware stack levels used:    1
 Hardware stack levels required when called:    1
 This function calls:
		_DelayFor18TCY
 This function is called by:
		_OpenXLCD
		_gotoxy
		_LCDWriteCustomString_dlines
 This function uses a non-reentrant model


 *************** function _DelayPORXLCD *****************
 Defined at:
		line 102 in file "lcd_menu.c"
 Parameters:    Size  Location     Type
		None
 Auto vars:     Size  Location     Type
		None
 Return value:  Size  Location     Type
                  1    wreg      void 
 Registers used:
		wreg, cstack
 Tracked objects:
		On entry : 
		On exit  : 
		Unchanged: 
 Data sizes:     COMRAM   BANK0   BANK1   BANK2   BANK3   BANK4   BANK5   BANK6   BANK7   BANK8   BANK9  BANK10  BANK11  BANK12  BANK13  BANK14  BANK15
      Params:         0       0       0       0       0       0       0       0       0       0       0       0       0       0       0       0       0
      Locals:         0       0       0       0       0       0       0       0       0       0       0       0       0       0       0       0       0
      Temps:          0       0       0       0       0       0       0       0       0       0       0       0       0       0       0       0       0
      Totals:         0       0       0       0       0       0       0       0       0       0       0       0       0       0       0       0       0
Total ram usage:        0 bytes
 Hardware stack levels used:    1
 Hardware stack levels required when called:    1
 This function calls:
		_Delay1KTCYx
 This function is called by:
		_OpenXLCD
 This function uses a non-reentrant model


 *************** function _Delay1KTCYx *****************
 Defined at:
		line 76 in file "lcd_menu.c"
 Parameters:    Size  Location     Type
  unit            1    wreg     unsigned char 
 Auto vars:     Size  Location     Type
  unit            1    0[COMRAM] unsigned char 
 Return value:  Size  Location     Type
                  1    wreg      void 
 Registers used:
		wreg
 Tracked objects:
		On entry : 
		On exit  : 
		Unchanged: 
 Data sizes:     COMRAM   BANK0   BANK1   BANK2   BANK3   BANK4   BANK5   BANK6   BANK7   BANK8   BANK9  BANK10  BANK11  BANK12  BANK13  BANK14  BANK15
      Params:         0       0       0       0       0       0       0       0       0       0       0       0       0       0       0       0       0
      Locals:         1       0       0       0       0       0       0       0       0       0       0       0       0       0       0       0       0
      Temps:          0       0       0       0       0       0       0       0       0       0       0       0       0       0       0       0       0
      Totals:         1       0       0       0       0       0       0       0       0       0       0       0       0       0       0       0       0
Total ram usage:        1 bytes
 Hardware stack levels used:    1
 This function calls:
		Nothing
 This function is called by:
		_DelayPORXLCD
		_DelayXLCD
 This function uses a non-reentrant model


 *************** function _Delay10KTCYx *****************
 Defined at:
		line 87 in file "lcd_menu.c"
 Parameters:    Size  Location     Type
  unit            1    wreg     unsigned char 
 Auto vars:     Size  Location     Type
  unit            1    1[COMRAM] unsigned char 
 Return value:  Size  Location     Type
                  1    wreg      void 
 Registers used:
		wreg
 Tracked objects:
		On entry : 
		On exit  : 
		Unchanged: 
 Data sizes:     COMRAM   BANK0   BANK1   BANK2   BANK3   BANK4   BANK5   BANK6   BANK7   BANK8   BANK9  BANK10  BANK11  BANK12  BANK13  BANK14  BANK15
      Params:         0       0       0       0       0       0       0       0       0       0       0       0       0       0       0       0       0
      Locals:         1       0       0       0       0       0       0       0       0       0       0       0       0       0       0       0       0
      Temps:          1       0       0       0       0       0       0       0       0       0       0       0       0       0       0       0       0
      Totals:         2       0       0       0       0       0       0       0       0       0       0       0       0       0       0       0       0
Total ram usage:        2 bytes
 Hardware stack levels used:    1
 This function calls:
		Nothing
 This function is called by:
		_OpenXLCD
 This function uses a non-reentrant model


 *************** function _BusyXLCD *****************
 Defined at:
		line 11 in file "busyxlcd.c"
 Parameters:    Size  Location     Type
		None
 Auto vars:     Size  Location     Type
		None
 Return value:  Size  Location     Type
                  1    wreg      unsigned char 
 Registers used:
		wreg, cstack
 Tracked objects:
		On entry : 
		On exit  : 
		Unchanged: 
 Data sizes:     COMRAM   BANK0   BANK1   BANK2   BANK3   BANK4   BANK5   BANK6   BANK7   BANK8   BANK9  BANK10  BANK11  BANK12  BANK13  BANK14  BANK15
      Params:         0       0       0       0       0       0       0       0       0       0       0       0       0       0       0       0       0
      Locals:         0       0       0       0       0       0       0       0       0       0       0       0       0       0       0       0       0
      Temps:          0       0       0       0       0       0       0       0       0       0       0       0       0       0       0       0       0
      Totals:         0       0       0       0       0       0       0       0       0       0       0       0       0       0       0       0       0
Total ram usage:        0 bytes
 Hardware stack levels used:    1
 Hardware stack levels required when called:    1
 This function calls:
		_DelayFor18TCY
 This function is called by:
		_OpenXLCD
		_putrsXLCD
		_clear_display
		_gotoxy
		_LCDWriteStringROM
		_show_menu
		_init_XLCD
		_CreateCustomCharacter
		_LCDWriteCustomString_dlines
		_putsXLCD
		_LCDWriteCmd
 This function uses a non-reentrant model


 *************** function _DelayFor18TCY *****************
 Defined at:
		line 94 in file "lcd_menu.c"
 Parameters:    Size  Location     Type
		None
 Auto vars:     Size  Location     Type
		None
 Return value:  Size  Location     Type
                  1    wreg      void 
 Registers used:
		None
 Tracked objects:
		On entry : 
		On exit  : 
		Unchanged: 
 Data sizes:     COMRAM   BANK0   BANK1   BANK2   BANK3   BANK4   BANK5   BANK6   BANK7   BANK8   BANK9  BANK10  BANK11  BANK12  BANK13  BANK14  BANK15
      Params:         0       0       0       0       0       0       0       0       0       0       0       0       0       0       0       0       0
      Locals:         0       0       0       0       0       0       0       0       0       0       0       0       0       0       0       0       0
      Temps:          0       0       0       0       0       0       0       0       0       0       0       0       0       0       0       0       0
      Totals:         0       0       0       0       0       0       0       0       0       0       0       0       0       0       0       0       0
Total ram usage:        0 bytes
 Hardware stack levels used:    1
 This function calls:
		Nothing
 This function is called by:
		_SetCGRamAddr
		_SetDDRamAddr
		_WriteCmdXLCD
		_WriteDataXLCD
		_BusyXLCD
		_ReadAddrXLCD
		_ReadDataXLCD
 This function uses a non-reentrant model


 *************** function _init_GPIO_DIR *****************
 Defined at:
		line 41 in file "lcd_trials_4bits.c"
 Parameters:    Size  Location     Type
		None
 Auto vars:     Size  Location     Type
		None
 Return value:  Size  Location     Type
                  1    wreg      void 
 Registers used:
		None
 Tracked objects:
		On entry : 
		On exit  : 
		Unchanged: 
 Data sizes:     COMRAM   BANK0   BANK1   BANK2   BANK3   BANK4   BANK5   BANK6   BANK7   BANK8   BANK9  BANK10  BANK11  BANK12  BANK13  BANK14  BANK15
      Params:         0       0       0       0       0       0       0       0       0       0       0       0       0       0       0       0       0
      Locals:         0       0       0       0       0       0       0       0       0       0       0       0       0       0       0       0       0
      Temps:          0       0       0       0       0       0       0       0       0       0       0       0       0       0       0       0       0
      Totals:         0       0       0       0       0       0       0       0       0       0       0       0       0       0       0       0       0
Total ram usage:        0 bytes
 Hardware stack levels used:    1
 This function calls:
		Nothing
 This function is called by:
		_main
 This function uses a non-reentrant model



MODULE INFORMATION

Module		Function		Class		Link	Load	Size
lcd_custom_char.c
		_CreateCustomCharacter		CODE           	A7FE	0000	201
		_LCDWriteCustomString_dlines		CODE           	AF02	0000	829

lcd_custom_char.c estimated size: 1030

writdata.c
		_WriteDataXLCD 		CODE           	A326	0000	67

writdata.c estimated size: 67

setddram.c
		_SetDDRamAddr  		CODE           	A462	0000	89

setddram.c estimated size: 89

C:\Program Files (x86)\Microchip\xc8\v2.00\pic\sources\c90\common\awdiv.c
		___awdiv       		CODE           	A8C6	0000	237

C:\Program Files (x86)\Microchip\xc8\v2.00\pic\sources\c90\common\awdiv.c estimated size: 237

putrxlcd.c
		_putrsXLCD     		CODE           	A570	0000	95

putrxlcd.c estimated size: 95

setcgram.c
		_SetCGRamAddr  		CODE           	A512	0000	95

setcgram.c estimated size: 95

shared
		_my_menu       		MEDIUMCONST    	BCA1	0000	137
		_bold0         		MEDIUMCONST    	BDB8	0000	8
		_dline2        		MEDIUMCONST    	BEF8	0000	9
		_dlineR        		MEDIUMCONST    	BF30	0000	9
		_boldS         		MEDIUMCONST    	BDF0	0000	8
		_bold6         		MEDIUMCONST    	BD8E	0000	8
		_dline5        		MEDIUMCONST    	BEE0	0000	9
		_dlineU        		MEDIUMCONST    	BF18	0000	9
		_boldY         		MEDIUMCONST    	BDC6	0000	8
		_dline8        		MEDIUMCONST    	BEC8	0000	9
		_menu_000      		MEDIUMCONST    	BE7C	0000	13
		_menu_001      		MEDIUMCONST    	BFC8	0000	9
		_menu_002      		MEDIUMCONST    	BFC0	0000	9
		_menu_003      		MEDIUMCONST    	BFB8	0000	9
		_menu_004      		MEDIUMCONST    	BFB0	0000	9
		_menu_005      		MEDIUMCONST    	BFA8	0000	9
		_menu_006      		MEDIUMCONST    	BFA0	0000	9
		_menu_007      		MEDIUMCONST    	BF98	0000	9
		_menu_008      		MEDIUMCONST    	BF90	0000	9
		_menu_009      		MEDIUMCONST    	BFD7	0000	7
		_dlineX        		MEDIUMCONST    	BD31	0000	9
		_boldB         		MEDIUMCONST    	BE60	0000	8
		_boldH         		MEDIUMCONST    	BE36	0000	8
		_boldN         		MEDIUMCONST    	BE0C	0000	8
		_dlineA        		MEDIUMCONST    	BF80	0000	9
		_bold1         		MEDIUMCONST    	BDB1	0000	8
		_boldT         		MEDIUMCONST    	BDE9	0000	8
		_dlineD        		MEDIUMCONST    	BF68	0000	9
		_bold7         		MEDIUMCONST    	BD87	0000	8
		_boldZ         		MEDIUMCONST    	BDBF	0000	8
		_dlineG        		MEDIUMCONST    	BD69	0000	9
		_dlineJ        		MEDIUMCONST    	BD59	0000	9
		_boldC         		MEDIUMCONST    	BE59	0000	8
		_dlineM        		MEDIUMCONST    	BF50	0000	9
		_boldI         		MEDIUMCONST    	BE2F	0000	8
		_dline0        		MEDIUMCONST    	BF08	0000	9
		_dlineP        		MEDIUMCONST    	BF38	0000	9
		_boldO         		MEDIUMCONST    	BE05	0000	8
		_bold2         		MEDIUMCONST    	BDAA	0000	8
		_dline3        		MEDIUMCONST    	BEF0	0000	9
		_dlineS        		MEDIUMCONST    	BF28	0000	9
		_boldU         		MEDIUMCONST    	BDE2	0000	8
		_bold8         		MEDIUMCONST    	BD80	0000	8
		_dline6        		MEDIUMCONST    	BED8	0000	9
		_dlineV        		MEDIUMCONST    	BD41	0000	9
		_dline9        		MEDIUMCONST    	BEC0	0000	9
		_dlineY        		MEDIUMCONST    	BF10	0000	9
		_dlineSpace    		MEDIUMCONST    	BF88	0000	9
		_boldD         		MEDIUMCONST    	BE52	0000	8
		_boldJ         		MEDIUMCONST    	BE28	0000	8
		__initialization		CODE           	A368	0000	69
		_boldP         		MEDIUMCONST    	BDFE	0000	8
		_dlineB        		MEDIUMCONST    	BF78	0000	9
		_bold3         		MEDIUMCONST    	BDA3	0000	8
		_boldV         		MEDIUMCONST    	BDDB	0000	8
		_dlineE        		MEDIUMCONST    	BF60	0000	9
		_bold9         		MEDIUMCONST    	BD79	0000	8
		_dlineH        		MEDIUMCONST    	BD61	0000	9
		_dlineK        		MEDIUMCONST    	BD51	0000	9
		_boldE         		MEDIUMCONST    	BE4B	0000	8
		_dlineN        		MEDIUMCONST    	BF48	0000	9
		_boldK         		MEDIUMCONST    	BE21	0000	8
		_dline1        		MEDIUMCONST    	BF00	0000	9
		_closeBracket  		MEDIUMCONST    	BE6E	0000	8
		_bold4         		MEDIUMCONST    	BD9C	0000	8
		_dline4        		MEDIUMCONST    	BEE8	0000	9
		_dlineT        		MEDIUMCONST    	BF20	0000	9
		_boldW         		MEDIUMCONST    	BDD4	0000	8
		_dline7        		MEDIUMCONST    	BED0	0000	9
		_dlineW        		MEDIUMCONST    	BD39	0000	9
		_menu_010      		MEDIUMCONST    	BE88	0000	12
		_menu_011      		MEDIUMCONST    	BEB7	0000	10
		_menu_012      		MEDIUMCONST    	BEAE	0000	10
		_menu_013      		MEDIUMCONST    	BEA5	0000	10
		_menu_014      		MEDIUMCONST    	BE9C	0000	10
		_menu_015      		MEDIUMCONST    	BE93	0000	10
		_menu_016      		MEDIUMCONST    	BFD0	0000	8
		_dlineZ        		MEDIUMCONST    	BD29	0000	9
		_boldF         		MEDIUMCONST    	BE44	0000	8
		_openBracket   		MEDIUMCONST    	BE75	0000	8
		_boldL         		MEDIUMCONST    	BE1A	0000	8
		_boldR         		MEDIUMCONST    	BDF7	0000	8
		_dlineC        		MEDIUMCONST    	BF70	0000	9
		_bold5         		MEDIUMCONST    	BD95	0000	8
		_boldX         		MEDIUMCONST    	BDCD	0000	8
		_dlineF        		MEDIUMCONST    	BD71	0000	9
		_dlineI        		MEDIUMCONST    	BF58	0000	9
		_boldA         		MEDIUMCONST    	BE67	0000	8
		_dlineL        		MEDIUMCONST    	BD49	0000	9
		_boldG         		MEDIUMCONST    	BE3D	0000	8
		_dlineO        		MEDIUMCONST    	BF40	0000	9
		_boldM         		MEDIUMCONST    	BE13	0000	8

shared estimated size: 988

lcd_menu.c
		_LCDWriteStringROM		CODE           	AAF4	0000	333
		_Delay1KTCYx   		CODE           	A252	0000	23
		_DelayFor18TCY 		CODE           	A29E	0000	31
		_gotoxy        		CODE           	A744	0000	187
		_clear_display 		CODE           	A2BC	0000	41
		_DelayPORXLCD  		CODE           	A24A	0000	9
		_Delay10KTCYx  		CODE           	A282	0000	29
		_Delay1Sec     		CODE           	A5CE	0000	97
		_show_menu     		CODE           	B23E	0000	2659

lcd_menu.c estimated size: 3409

openxlcd.c
		_OpenXLCD      		CODE           	A9B2	0000	323

openxlcd.c estimated size: 323

C:\Program Files (x86)\Microchip\xc8\v2.00\pic\sources\c90\common\strlen.c
		_strlen        		CODE           	A40C	0000	87

C:\Program Files (x86)\Microchip\xc8\v2.00\pic\sources\c90\common\strlen.c estimated size: 87

busyxlcd.c
		_BusyXLCD      		CODE           	A3B6	0000	87

busyxlcd.c estimated size: 87

lcd_trials_4bits.c
		_main          		CODE           	AC40	0000	707
		_start         		CODE           	A4BA	0000	89
		_init_XLCD     		CODE           	A62E	0000	123
		_init_GPIO_DIR 		CODE           	A268	0000	27

lcd_trials_4bits.c estimated size: 946

wcmdxlcd.c
		_WriteCmdXLCD  		CODE           	A2E4	0000	67

wcmdxlcd.c estimated size: 67

