Microchip MPLAB XC8 Compiler V1.42 ()

Linker command line:

-W-3 --edf=C:\Program Files (x86)\Microchip\xc8\v1.42\dat\en_msgs.txt -cs \
  -h+dist/default/production\lcd_mcu_menu.X.production.sym \
  --cmf=dist/default/production\lcd_mcu_menu.X.production.cmf -z -Q18F2525 \
  -oC:\Users\PC\AppData\Local\Temp\s5fg.2 \
  -Mdist/default/production/lcd_mcu_menu.X.production.map -E1 -ver=XC8 \
  --acfsm=1493 -ASTACK=080h-0f7fh -pstack=STACK -ACODE=00h-0BFFFh \
  -ACONST=00h-0BFFFh -ASMALLCONST=01000h-010FFhx176 \
  -AMEDIUMCONST=01000h-0BFFFh -ACOMRAM=01h-07Fh -AABS1=00h-0F7Fh \
  -ABIGRAM=01h-0F7Fh -ARAM=080h-0FFh,0100h-01FFhx14,0F00h-0F7Fh \
  -ABANK0=080h-0FFh -ABANK1=0100h-01FFh -ABANK2=0200h-02FFh \
  -ABANK3=0300h-03FFh -ABANK4=0400h-04FFh -ABANK5=0500h-05FFh \
  -ABANK6=0600h-06FFh -ABANK7=0700h-07FFh -ABANK8=0800h-08FFh \
  -ABANK9=0900h-09FFh -ABANK10=0A00h-0AFFh -ABANK11=0B00h-0BFFh \
  -ABANK12=0C00h-0CFFh -ABANK13=0D00h-0DFFh -ABANK14=0E00h-0EFFh \
  -ABANK15=0F00h-0F7Fh -ASFR=0F80h-0FFFh \
  -preset_vec=00h,intcode,intcodelo,powerup,init -pramtop=01000h \
  -psmallconst=SMALLCONST -pmediumconst=MEDIUMCONST -pconst=CONST \
  -AFARRAM=00h-00h -ACONFIG=0300000h-030000Dh -pconfig=CONFIG \
  -AIDLOC=0200000h-0200007h -pidloc=IDLOC -AEEDATA=0F00000h-0F003FFh \
  -peeprom_data=EEDATA \
  -prdata=COMRAM,nvrram=COMRAM,nvbit=COMRAM,rbss=COMRAM,rbit=COMRAM \
  -pfarbss=FARRAM,fardata=FARRAM,nvFARRAM=FARRAM \
  -pintsave_regs=BIGRAM,bigbss=BIGRAM,bigdata=BIGRAM -pbss=RAM \
  -pidata=CODE,irdata=CODE,ibigdata=CODE,ifardata=CODE -prparam=COMRAM \
  C:\Users\PC\AppData\Local\Temp\s5fg.obj \
  dist/default/production\lcd_mcu_menu.X.production.obj 

Object code version is 3.11

Machine type is 18F2525

Call graph: (short form)




                Name                               Link     Load   Length Selector   Space Scale
C:\Users\PC\AppData\Local\Temp\s5fg.obj
                init                                  0        0        4        0       0
                idloc                            200000   200000        8   200000       0
                config                           300000   300000        E   300000       0
dist/default/production\lcd_mcu_menu.X.production.obj
                mediumconst                        BEA4     BEA4      15C     5F52       0
                text19                             B55E     B55E        6     5AAF       0
                text18                             B5A4     B5A4       1E     5AD2       0
                text17                             B6BA     B6BA       3A     5B5D       0
                text16                             B58E     B58E       16     5AC7       0
                text15                             B56C     B56C       10     5AB6       0
                text14                             B564     B564        8     5AB2       0
                text13                             B7AE     B7AE       52     5BD7       0
                text12                             B6F4     B6F4       3E     5B7A       0
                text11                             B864     B864       A4     5C32       0
                text10                             B682     B682       38     5B41       0
                text9                              B732     B732       3E     5B99       0
                text8                              B770     B770       3E     5BB8       0
                text7                              B908     B908       D8     5C84       0
                text6                              B800     B800       64     5C00       0
                text5                              BB8C     BB8C      318     5DC6       0
                text4                              B5C2     B5C2       2E     5AE1       0
                text3                              B57C     B57C       12     5ABE       0
                text2                              B64E     B64E       34     5B27       0
                text1                              B61E     B61E       30     5B0F       0
                text0                              B9E0     B9E0      1AC     5CF0       0
                cstackCOMRAM                          1        1       1A        1       1
                dataCOMRAM                           21       21        2        1       1
                bssCOMRAM                            1B       1B        6        1       1
                cinit                              B5F0     B5F0       2E     5AF8       0
                idataCOMRAM                        B55C     B55C        2     B55C       0

TOTAL           Name                               Link     Load   Length     Space
        CLASS   STACK          

        CLASS   CODE           
                init                                  0        0        4         0
                text19                             B55E     B55E        6         0
                text18                             B5A4     B5A4       1E         0
                text17                             B6BA     B6BA       3A         0
                text16                             B58E     B58E       16         0
                text15                             B56C     B56C       10         0
                text14                             B564     B564        8         0
                text13                             B7AE     B7AE       52         0
                text12                             B6F4     B6F4       3E         0
                text11                             B864     B864       A4         0
                text10                             B682     B682       38         0
                text9                              B732     B732       3E         0
                text8                              B770     B770       3E         0
                text7                              B908     B908       D8         0
                text6                              B800     B800       64         0
                text5                              BB8C     BB8C      318         0
                text4                              B5C2     B5C2       2E         0
                text3                              B57C     B57C       12         0
                text2                              B64E     B64E       34         0
                text1                              B61E     B61E       30         0
                text0                              B9E0     B9E0      1AC         0
                cinit                              B5F0     B5F0       2E         0
                idataCOMRAM                        B55C     B55C        2         0

        CLASS   CONST          

        CLASS   SMALLCONST     

        CLASS   MEDIUMCONST    
                mediumconst                        BEA4     BEA4      15C         0

        CLASS   COMRAM         
                cstackCOMRAM                          1        1       1A         1
                dataCOMRAM                           21       21        2         1
                bssCOMRAM                            1B       1B        6         1

        CLASS   ABS1           

        CLASS   BIGRAM         

        CLASS   RAM            

        CLASS   BANK0          

        CLASS   BANK1          

        CLASS   BANK2          

        CLASS   BANK3          

        CLASS   BANK4          

        CLASS   BANK5          

        CLASS   BANK6          

        CLASS   BANK7          

        CLASS   BANK8          

        CLASS   BANK9          

        CLASS   BANK10         

        CLASS   BANK11         

        CLASS   BANK12         

        CLASS   BANK13         

        CLASS   BANK14         

        CLASS   BANK15         

        CLASS   SFR            

        CLASS   FARRAM         

        CLASS   CONFIG         
                config                           300000   300000        E         0

        CLASS   IDLOC          
                idloc                            200000   200000        8         0

        CLASS   EEDATA         



SEGMENTS        Name                           Load    Length   Top    Selector   Space  Class

                reset_vec                      000000  000004  000004         0       0  CODE    
                cstackCOMRAM                   000001  000022  000023         1       1  COMRAM  
                idataCOMRAM                    00B55C  000002  00B55E      B55C       0  CODE    
                text19                         00B55E  000006  00B564      5AAF       0  CODE    
                text14                         00B564  000008  00B56C      5AB2       0  CODE    
                text15                         00B56C  000010  00B57C      5AB6       0  CODE    
                text3                          00B57C  000012  00B58E      5ABE       0  CODE    
                text16                         00B58E  000016  00B5A4      5AC7       0  CODE    
                text18                         00B5A4  00001E  00B5C2      5AD2       0  CODE    
                text4                          00B5C2  00002E  00B5F0      5AE1       0  CODE    
                cinit                          00B5F0  00002E  00B61E      5AF8       0  CODE    
                text1                          00B61E  000030  00B64E      5B0F       0  CODE    
                text2                          00B64E  000034  00B682      5B27       0  CODE    
                text10                         00B682  000038  00B6BA      5B41       0  CODE    
                text17                         00B6BA  00003A  00B6F4      5B5D       0  CODE    
                text12                         00B6F4  00003E  00B732      5B7A       0  CODE    
                text9                          00B732  00003E  00B770      5B99       0  CODE    
                text8                          00B770  00003E  00B7AE      5BB8       0  CODE    
                text13                         00B7AE  000052  00B800      5BD7       0  CODE    
                text6                          00B800  000064  00B864      5C00       0  CODE    
                text11                         00B864  0000A4  00B908      5C32       0  CODE    
                text7                          00B908  0000D8  00B9E0      5C84       0  CODE    
                text0                          00B9E0  0001AC  00BB8C      5CF0       0  CODE    
                text5                          00BB8C  000318  00BEA4      5DC6       0  CODE    
                mediumconst                    00BEA4  00015C  00C000      5F52       0  MEDIUMCO
                idloc                          200000  000008  200008    200000       0  IDLOC   
                config                         300000  00000E  30000E    300000       0  CONFIG  


UNUSED ADDRESS RANGES

        Name                Unused          Largest block    Delta
        BANK0            000080-0000FF               80
        BANK1            000100-0001FF              100
        BANK10           000A00-000AFF              100
        BANK11           000B00-000BFF              100
        BANK12           000C00-000CFF              100
        BANK13           000D00-000DFF              100
        BANK14           000E00-000EFF              100
        BANK15           000F00-000F7F               80
        BANK2            000200-0002FF              100
        BANK3            000300-0003FF              100
        BANK4            000400-0004FF              100
        BANK5            000500-0005FF              100
        BANK6            000600-0006FF              100
        BANK7            000700-0007FF              100
        BANK8            000800-0008FF              100
        BANK9            000900-0009FF              100
        BIGRAM           000023-000F7F              F5D
        CODE             000004-00B55B             B558
        COMRAM           000023-00007F               5D
        CONST            000004-00B55B             B558
        EEDATA           F00000-F003FF              400
        MEDIUMCONST      001000-00B55B             A55C
        RAM              000080-000F7F              100
        SFR              000F80-000FFF               80
        SMALLCONST       001000-00B55B              100
        STACK            000080-000F7F              F00

                                  Symbol Table

?_strlen                               cstackCOMRAM 000001
Delay10KTCYx@unit                      cstackCOMRAM 000002
Delay1KTCYx@unit                       cstackCOMRAM 000001
Delay1Sec@cntDelay                     cstackCOMRAM 000002
LCDWriteStringROM@add_char             cstackCOMRAM 00000B
LCDWriteStringROM@add_line             cstackCOMRAM 00000A
LCDWriteStringROM@lcd_i                cstackCOMRAM 00000C
LCDWriteStringROM@lcd_menu_items       cstackCOMRAM 000008
LCDWriteStringROM@lcd_offset           cstackCOMRAM 00000D
LCDWriteStringROM@x                    cstackCOMRAM 00000E
LCDWriteStringROM@y                    cstackCOMRAM 000007
OpenXLCD@lcdtype                       cstackCOMRAM 000005
SetDDRamAddr@DDaddr                    cstackCOMRAM 000004
WriteCmdXLCD@cmd                       cstackCOMRAM 000001
WriteDataXLCD@data                     cstackCOMRAM 000001
_ADCON1                                (abs)        000FC1
_BusyXLCD                              text17       00B6BA
_CMCON                                 (abs)        000FB4
_Delay10KTCYx                          text16       00B58E
_Delay1KTCYx                           text15       00B56C
_Delay1Sec                             text4        00B5C2
_DelayFor18TCY                         text18       00B5A4
_DelayPORXLCD                          text14       00B564
_LATCbits                              (abs)        000F8B
_LCDWriteStringROM                     text7        00B908
_OSCCON                                (abs)        000FD3
_OpenXLCD                              text11       00B864
_PORTB                                 (abs)        000F81
_RA5                                   (abs)        007C05
_RA6                                   (abs)        007C06
_RE3                                   (abs)        007C23
_SetDDRamAddr                          text13       00B7AE
_TRISAbits                             (abs)        000F92
_TRISB                                 (abs)        000F93
_TRISCbits                             (abs)        000F94
_WriteCmdXLCD                          text12       00B6F4
_WriteDataXLCD                         text9        00B732
__CFG_BOREN$OFF                        (abs)        000000
__CFG_BORV$3                           (abs)        000000
__CFG_CCP2MX$PORTC                     (abs)        000000
__CFG_CP0$OFF                          (abs)        000000
__CFG_CP1$OFF                          (abs)        000000
__CFG_CP2$OFF                          (abs)        000000
__CFG_CPB$OFF                          (abs)        000000
__CFG_CPD$OFF                          (abs)        000000
__CFG_EBTR0$OFF                        (abs)        000000
__CFG_EBTR1$OFF                        (abs)        000000
__CFG_EBTR2$OFF                        (abs)        000000
__CFG_EBTRB$OFF                        (abs)        000000
__CFG_FCMEN$OFF                        (abs)        000000
__CFG_IESO$OFF                         (abs)        000000
__CFG_LPT1OSC$OFF                      (abs)        000000
__CFG_LVP$OFF                          (abs)        000000
__CFG_MCLRE$OFF                        (abs)        000000
__CFG_OSC$INTIO67                      (abs)        000000
__CFG_PBADEN$OFF                       (abs)        000000
__CFG_PWRT$OFF                         (abs)        000000
__CFG_STVREN$ON                        (abs)        000000
__CFG_WDT$OFF                          (abs)        000000
__CFG_WDTPS$32768                      (abs)        000000
__CFG_WRT0$OFF                         (abs)        000000
__CFG_WRT1$OFF                         (abs)        000000
__CFG_WRT2$OFF                         (abs)        000000
__CFG_WRTB$OFF                         (abs)        000000
__CFG_WRTC$OFF                         (abs)        000000
__CFG_WRTD$OFF                         (abs)        000000
__CFG_XINST$OFF                        (abs)        000000
__HRAM                                 (abs)        000000
__Habs1                                abs1         000000
__Hbank0                               bank0        000000
__Hbank1                               bank1        000000
__Hbank10                              bank10       000000
__Hbank11                              bank11       000000
__Hbank12                              bank12       000000
__Hbank13                              bank13       000000
__Hbank14                              bank14       000000
__Hbank15                              bank15       000000
__Hbank2                               bank2        000000
__Hbank3                               bank3        000000
__Hbank4                               bank4        000000
__Hbank5                               bank5        000000
__Hbank6                               bank6        000000
__Hbank7                               bank7        000000
__Hbank8                               bank8        000000
__Hbank9                               bank9        000000
__Hbigbss                              bigbss       000000
__Hbigdata                             bigdata      000000
__Hbigram                              bigram       000000
__Hbss                                 bss          000000
__HbssCOMRAM                           bssCOMRAM    000000
__Hcinit                               cinit        000000
__Hclrtext                             clrtext      000000
__Hcomram                              comram       000000
__Hconfig                              config       30000E
__Hconst                               const        000000
__HcstackCOMRAM                        cstackCOMRAM 000000
__Hdata                                data         000000
__HdataCOMRAM                          dataCOMRAM   000000
__Heeprom_data                         eeprom_data  000000
__Hfarbss                              farbss       000000
__Hfardata                             fardata      000000
__Hibigdata                            ibigdata     000000
__Hidata                               idata        000000
__HidataCOMRAM                         idataCOMRAM  000000
__Hidloc                               idloc        200008
__Hifardata                            ifardata     000000
__Hinit                                init         000004
__Hintcode                             intcode      000000
__Hintcode_body                        intcode_body 000000
__Hintcodelo                           intcodelo    000000
__Hintentry                            intentry     000000
__Hintret                              intret       000000
__Hintsave_regs                        intsave_regs 000000
__Hirdata                              irdata       000000
__Hmediumconst                         mediumconst  00C000
__HnvFARRAM                            nvFARRAM     000000
__Hnvbit                               nvbit        000000
__Hnvrram                              nvrram       000000
__Hparam                               rparam       000000
__Hpowerup                             powerup      000000
__Hram                                 ram          000000
__Hramtop                              ramtop       001000
__Hrbit                                rbit         000000
__Hrbss                                rbss         000000
__Hrdata                               rdata        000000
__Hreset_vec                           reset_vec    000000
__Hrparam                              rparam       000000
__Hsfr                                 sfr          000000
__Hsmallconst                          smallconst   000000
__Hspace_0                             (abs)        30000E
__Hspace_1                             (abs)        000023
__Hspace_2                             (abs)        000000
__Hstack                               stack        000000
__Hstruct                              struct       000000
__Htemp                                temp         000000
__Htext                                text         000000
__Htext0                               text0        000000
__Htext1                               text1        000000
__Htext10                              text10       000000
__Htext11                              text11       000000
__Htext12                              text12       000000
__Htext13                              text13       000000
__Htext14                              text14       000000
__Htext15                              text15       000000
__Htext16                              text16       000000
__Htext17                              text17       000000
__Htext18                              text18       000000
__Htext19                              text19       000000
__Htext2                               text2        000000
__Htext20                              text20       000000
__Htext3                               text3        000000
__Htext4                               text4        000000
__Htext5                               text5        000000
__Htext6                               text6        000000
__Htext7                               text7        000000
__Htext8                               text8        000000
__Htext9                               text9        000000
__LRAM                                 (abs)        000001
__Labs1                                abs1         000000
__Lbank0                               bank0        000000
__Lbank1                               bank1        000000
__Lbank10                              bank10       000000
__Lbank11                              bank11       000000
__Lbank12                              bank12       000000
__Lbank13                              bank13       000000
__Lbank14                              bank14       000000
__Lbank15                              bank15       000000
__Lbank2                               bank2        000000
__Lbank3                               bank3        000000
__Lbank4                               bank4        000000
__Lbank5                               bank5        000000
__Lbank6                               bank6        000000
__Lbank7                               bank7        000000
__Lbank8                               bank8        000000
__Lbank9                               bank9        000000
__Lbigbss                              bigbss       000000
__Lbigdata                             bigdata      000000
__Lbigram                              bigram       000000
__Lbss                                 bss          000000
__LbssCOMRAM                           bssCOMRAM    000000
__Lcinit                               cinit        000000
__Lclrtext                             clrtext      000000
__Lcomram                              comram       000000
__Lconfig                              config       300000
__Lconst                               const        000000
__LcstackCOMRAM                        cstackCOMRAM 000000
__Ldata                                data         000000
__LdataCOMRAM                          dataCOMRAM   000000
__Leeprom_data                         eeprom_data  000000
__Lfarbss                              farbss       000000
__Lfardata                             fardata      000000
__Libigdata                            ibigdata     000000
__Lidata                               idata        000000
__LidataCOMRAM                         idataCOMRAM  000000
__Lidloc                               idloc        200000
__Lifardata                            ifardata     000000
__Linit                                init         000000
__Lintcode                             intcode      000000
__Lintcode_body                        intcode_body 000000
__Lintcodelo                           intcodelo    000000
__Lintentry                            intentry     000000
__Lintret                              intret       000000
__Lintsave_regs                        intsave_regs 000000
__Lirdata                              irdata       000000
__Lmediumconst                         mediumconst  00BEA4
__LnvFARRAM                            nvFARRAM     000000
__Lnvbit                               nvbit        000000
__Lnvrram                              nvrram       000000
__Lparam                               rparam       000000
__Lpowerup                             powerup      000000
__Lram                                 ram          000000
__Lramtop                              ramtop       001000
__Lrbit                                rbit         000000
__Lrbss                                rbss         000000
__Lrdata                               rdata        000000
__Lreset_vec                           reset_vec    000000
__Lrparam                              rparam       000000
__Lsfr                                 sfr          000000
__Lsmallconst                          smallconst   000000
__Lspace_0                             (abs)        000000
__Lspace_1                             (abs)        000000
__Lspace_2                             (abs)        000000
__Lstack                               stack        000000
__Lstruct                              struct       000000
__Ltemp                                temp         000000
__Ltext                                text         000000
__Ltext0                               text0        000000
__Ltext1                               text1        000000
__Ltext10                              text10       000000
__Ltext11                              text11       000000
__Ltext12                              text12       000000
__Ltext13                              text13       000000
__Ltext14                              text14       000000
__Ltext15                              text15       000000
__Ltext16                              text16       000000
__Ltext17                              text17       000000
__Ltext18                              text18       000000
__Ltext19                              text19       000000
__Ltext2                               text2        000000
__Ltext20                              text20       000000
__Ltext3                               text3        000000
__Ltext4                               text4        000000
__Ltext5                               text5        000000
__Ltext6                               text6        000000
__Ltext7                               text7        000000
__Ltext8                               text8        000000
__Ltext9                               text9        000000
__S0                                   (abs)        30000E
__S1                                   (abs)        000023
__S2                                   (abs)        000000
___inthi_sp                            stack        000000
___intlo_sp                            stack        000000
___param_bank                          (abs)        000000
___rparam_used                         (abs)        000001
___sp                                  stack        000000
__accesstop                            (abs)        000080
__activetblptr                         (abs)        000002
__end_of_BusyXLCD                      text17       00B6F4
__end_of_Delay10KTCYx                  text16       00B5A4
__end_of_Delay1KTCYx                   text15       00B57C
__end_of_Delay1Sec                     text4        00B5F0
__end_of_DelayFor18TCY                 text18       00B5C2
__end_of_DelayPORXLCD                  text14       00B56C
__end_of_LCDWriteStringROM             text7        00B9E0
__end_of_OpenXLCD                      text11       00B908
__end_of_SetDDRamAddr                  text13       00B800
__end_of_WriteCmdXLCD                  text12       00B732
__end_of_WriteDataXLCD                 text9        00B770
__end_of__initialization               cinit        00B614
__end_of_clear_display                 text3        00B58E
__end_of_gotoxy                        text6        00B864
__end_of_init_GPIO_DIR                 text19       00B564
__end_of_init_XLCD                     text10       00B6BA
__end_of_main                          text0        00BB8C
__end_of_menu_000                      mediumconst  00BF3E
__end_of_menu_001                      mediumconst  00BFCE
__end_of_menu_002                      mediumconst  00BFC5
__end_of_menu_003                      mediumconst  00BFBC
__end_of_menu_004                      mediumconst  00BFB3
__end_of_menu_005                      mediumconst  00BFAA
__end_of_menu_006                      mediumconst  00BFA1
__end_of_menu_007                      mediumconst  00BF98
__end_of_menu_008                      mediumconst  00BF8F
__end_of_menu_009                      mediumconst  00BFDD
__end_of_menu_010                      mediumconst  00BF86
__end_of_menu_011                      mediumconst  00BF7A
__end_of_menu_012                      mediumconst  00BF6E
__end_of_menu_013                      mediumconst  00BF62
__end_of_menu_014                      mediumconst  00BF56
__end_of_menu_015                      mediumconst  00BF4A
__end_of_menu_016                      mediumconst  00BFD6
__end_of_my_menu                       mediumconst  00BF2D
__end_of_putrsXLCD                     text2        00B682
__end_of_show_menu                     text5        00BEA4
__end_of_start                         text1        00B64E
__end_of_strlen                        text8        00B7AE
__initialization                       cinit        00B5F0
__mediumconst                          mediumconst  00BEA4
__pbssCOMRAM                           bssCOMRAM    00001B
__pcinit                               cinit        00B5F0
__pcstackCOMRAM                        cstackCOMRAM 000001
__pdataCOMRAM                          dataCOMRAM   000021
__pidataCOMRAM                         idataCOMRAM  00B55C
__pmediumconst                         mediumconst  00BEA4
__ptext0                               text0        00B9E0
__ptext1                               text1        00B61E
__ptext10                              text10       00B682
__ptext11                              text11       00B864
__ptext12                              text12       00B6F4
__ptext13                              text13       00B7AE
__ptext14                              text14       00B564
__ptext15                              text15       00B56C
__ptext16                              text16       00B58E
__ptext17                              text17       00B6BA
__ptext18                              text18       00B5A4
__ptext19                              text19       00B55E
__ptext2                               text2        00B64E
__ptext20                              text20       000000
__ptext3                               text3        00B57C
__ptext4                               text4        00B5C2
__ptext5                               text5        00BB8C
__ptext6                               text6        00B800
__ptext7                               text7        00B908
__ptext8                               text8        00B770
__ptext9                               text9        00B732
__ramtop                               ramtop       001000
__size_of_BusyXLCD                     (abs)        000000
__size_of_Delay10KTCYx                 (abs)        000000
__size_of_Delay1KTCYx                  (abs)        000000
__size_of_Delay1Sec                    (abs)        000000
__size_of_DelayFor18TCY                (abs)        000000
__size_of_DelayPORXLCD                 (abs)        000000
__size_of_LCDWriteStringROM            (abs)        000000
__size_of_OpenXLCD                     (abs)        000000
__size_of_SetDDRamAddr                 (abs)        000000
__size_of_WriteCmdXLCD                 (abs)        000000
__size_of_WriteDataXLCD                (abs)        000000
__size_of_clear_display                (abs)        000000
__size_of_gotoxy                       (abs)        000000
__size_of_init_GPIO_DIR                (abs)        000000
__size_of_init_XLCD                    (abs)        000000
__size_of_main                         (abs)        000000
__size_of_putrsXLCD                    (abs)        000000
__size_of_show_menu                    (abs)        000000
__size_of_start                        (abs)        000000
__size_of_strlen                       (abs)        000000
__smallconst                           smallconst   000000
_button_delay_counter                  bssCOMRAM    00001D
_button_delay_counter_enable           bssCOMRAM    000020
_button_enable                         dataCOMRAM   000021
_clear_display                         text3        00B57C
_gotoxy                                text6        00B800
_init_GPIO_DIR                         text19       00B55E
_init_XLCD                             text10       00B682
_main                                  text0        00B9E0
_menu_000                              mediumconst  00BF2D
_menu_001                              mediumconst  00BFC5
_menu_002                              mediumconst  00BFBC
_menu_003                              mediumconst  00BFB3
_menu_004                              mediumconst  00BFAA
_menu_005                              mediumconst  00BFA1
_menu_006                              mediumconst  00BF98
_menu_007                              mediumconst  00BF8F
_menu_008                              mediumconst  00BF86
_menu_009                              mediumconst  00BFD6
_menu_010                              mediumconst  00BF7A
_menu_011                              mediumconst  00BF6E
_menu_012                              mediumconst  00BF62
_menu_013                              mediumconst  00BF56
_menu_014                              mediumconst  00BF4A
_menu_015                              mediumconst  00BF3E
_menu_016                              mediumconst  00BFCE
_my_menu                               mediumconst  00BEA5
_putrsXLCD                             text2        00B64E
_return_default_display_counter        bssCOMRAM    00001B
_return_default_display_counter_enable bssCOMRAM    00001F
_selected                              dataCOMRAM   000022
_show_menu                             text5        00BB8C
_start                                 text1        00B61E
_strlen                                text8        00B770
end_of_initialization                  cinit        00B614
gotoxy@ddramaddress                    cstackCOMRAM 000006
gotoxy@x_pos                           cstackCOMRAM 000007
gotoxy@y_pos                           cstackCOMRAM 000005
intlevel0                              text         000000
intlevel1                              text         000000
intlevel2                              text         000000
intlevel3                              text         000000
putrsXLCD@buffer                       cstackCOMRAM 000002
show_menu@from                         cstackCOMRAM 000019
show_menu@line_cnt                     cstackCOMRAM 000017
show_menu@temp                         cstackCOMRAM 000016
show_menu@till                         cstackCOMRAM 000018
stackhi                                (abs)        000F7F
stacklo                                (abs)        000080
start                                  init         000000
start_initialization                   cinit        00B5F0
strlen@cp                              cstackCOMRAM 000005
strlen@s                               cstackCOMRAM 000001


FUNCTION INFORMATION:

 *************** function _main *****************
 Defined at:
		line 80 in file "lcd_trials_4bits.c"
 Parameters:    Size  Location     Type
		None
 Auto vars:     Size  Location     Type
		None
 Return value:  Size  Location     Type
                  1    wreg      void 
 Registers used:
		wreg, status,2, status,0, pclath, tosl, tblptrl, tblptrh, tblptru, prodl, prodh, cstack
 Tracked objects:
		On entry : 
		On exit  : 
		Unchanged: 
 Data sizes:     COMRAM   BANK0   BANK1   BANK2   BANK3   BANK4   BANK5   BANK6   BANK7   BANK8   BANK9  BANK10  BANK11  BANK12  BANK13  BANK14  BANK15
      Params:         0       0       0       0       0       0       0       0       0       0       0       0       0       0       0       0       0
      Locals:         0       0       0       0       0       0       0       0       0       0       0       0       0       0       0       0       0
      Temps:          1       0       0       0       0       0       0       0       0       0       0       0       0       0       0       0       0
      Totals:         1       0       0       0       0       0       0       0       0       0       0       0       0       0       0       0       0
Total ram usage:        1 bytes
 Hardware stack levels required when called:    4
 This function calls:
		Absolute function
		_Delay1Sec
		_clear_display
		_gotoxy
		_init_GPIO_DIR
		_init_XLCD
		_putrsXLCD
		_show_menu
		_start
 This function is called by:
		Startup code after reset
 This function uses a non-reentrant model


 *************** function _start *****************
 Defined at:
		line 37 in file "lcd_trials_4bits.c"
 Parameters:    Size  Location     Type
		None
 Auto vars:     Size  Location     Type
		None
 Return value:  Size  Location     Type
                  1    wreg      void 
 Registers used:
		wreg, status,2, status,0, tblptrl, tblptrh, tblptru, cstack
 Tracked objects:
		On entry : 
		On exit  : 
		Unchanged: 
 Data sizes:     COMRAM   BANK0   BANK1   BANK2   BANK3   BANK4   BANK5   BANK6   BANK7   BANK8   BANK9  BANK10  BANK11  BANK12  BANK13  BANK14  BANK15
      Params:         0       0       0       0       0       0       0       0       0       0       0       0       0       0       0       0       0
      Locals:         0       0       0       0       0       0       0       0       0       0       0       0       0       0       0       0       0
      Temps:          1       0       0       0       0       0       0       0       0       0       0       0       0       0       0       0       0
      Totals:         1       0       0       0       0       0       0       0       0       0       0       0       0       0       0       0       0
Total ram usage:        1 bytes
 Hardware stack levels used:    1
 Hardware stack levels required when called:    3
 This function calls:
		_Delay1Sec
		_clear_display
		_putrsXLCD
 This function is called by:
		_main
 This function uses a non-reentrant model


 *************** function _putrsXLCD *****************
 Defined at:
		line 16 in file "putrxlcd.c"
 Parameters:    Size  Location     Type
  buffer          2    1[COMRAM] PTR const unsigned char 
		 -> STR_3(5), STR_2(12), STR_1(17), 
 Auto vars:     Size  Location     Type
		None
 Return value:  Size  Location     Type
                  1    wreg      void 
 Registers used:
		wreg, status,2, status,0, tblptrl, tblptrh, tblptru, cstack
 Tracked objects:
		On entry : 
		On exit  : 
		Unchanged: 
 Data sizes:     COMRAM   BANK0   BANK1   BANK2   BANK3   BANK4   BANK5   BANK6   BANK7   BANK8   BANK9  BANK10  BANK11  BANK12  BANK13  BANK14  BANK15
      Params:         2       0       0       0       0       0       0       0       0       0       0       0       0       0       0       0       0
      Locals:         0       0       0       0       0       0       0       0       0       0       0       0       0       0       0       0       0
      Temps:          0       0       0       0       0       0       0       0       0       0       0       0       0       0       0       0       0
      Totals:         2       0       0       0       0       0       0       0       0       0       0       0       0       0       0       0       0
Total ram usage:        2 bytes
 Hardware stack levels used:    1
 Hardware stack levels required when called:    2
 This function calls:
		_BusyXLCD
		_WriteDataXLCD
 This function is called by:
		_start
		_main
 This function uses a non-reentrant model


 *************** function _clear_display *****************
 Defined at:
		line 63 in file "lcd_menu.c"
 Parameters:    Size  Location     Type
		None
 Auto vars:     Size  Location     Type
		None
 Return value:  Size  Location     Type
                  1    wreg      void 
 Registers used:
		wreg, status,2, status,0, cstack
 Tracked objects:
		On entry : 
		On exit  : 
		Unchanged: 
 Data sizes:     COMRAM   BANK0   BANK1   BANK2   BANK3   BANK4   BANK5   BANK6   BANK7   BANK8   BANK9  BANK10  BANK11  BANK12  BANK13  BANK14  BANK15
      Params:         0       0       0       0       0       0       0       0       0       0       0       0       0       0       0       0       0
      Locals:         0       0       0       0       0       0       0       0       0       0       0       0       0       0       0       0       0
      Temps:          0       0       0       0       0       0       0       0       0       0       0       0       0       0       0       0       0
      Totals:         0       0       0       0       0       0       0       0       0       0       0       0       0       0       0       0       0
Total ram usage:        0 bytes
 Hardware stack levels used:    1
 Hardware stack levels required when called:    2
 This function calls:
		_BusyXLCD
		_WriteCmdXLCD
 This function is called by:
		_start
		_main
 This function uses a non-reentrant model


 *************** function _Delay1Sec *****************
 Defined at:
		line 86 in file "lcd_menu.c"
 Parameters:    Size  Location     Type
		None
 Auto vars:     Size  Location     Type
  cntDelay        2    1[COMRAM] int 
 Return value:  Size  Location     Type
                  1    wreg      void 
 Registers used:
		wreg, status,2, status,0
 Tracked objects:
		On entry : 
		On exit  : 
		Unchanged: 
 Data sizes:     COMRAM   BANK0   BANK1   BANK2   BANK3   BANK4   BANK5   BANK6   BANK7   BANK8   BANK9  BANK10  BANK11  BANK12  BANK13  BANK14  BANK15
      Params:         0       0       0       0       0       0       0       0       0       0       0       0       0       0       0       0       0
      Locals:         2       0       0       0       0       0       0       0       0       0       0       0       0       0       0       0       0
      Temps:          1       0       0       0       0       0       0       0       0       0       0       0       0       0       0       0       0
      Totals:         3       0       0       0       0       0       0       0       0       0       0       0       0       0       0       0       0
Total ram usage:        3 bytes
 Hardware stack levels used:    1
 This function calls:
		Nothing
 This function is called by:
		_start
		_main
 This function uses a non-reentrant model


 *************** function _show_menu *****************
 Defined at:
		line 178 in file "lcd_menu.c"
 Parameters:    Size  Location     Type
		None
 Auto vars:     Size  Location     Type
  from            1   24[COMRAM] unsigned char 
  till            1   23[COMRAM] unsigned char 
  line_cnt        1   22[COMRAM] unsigned char 
  temp            1   21[COMRAM] unsigned char 
 Return value:  Size  Location     Type
                  1    wreg      void 
 Registers used:
		wreg, status,2, status,0, tblptrl, tblptrh, tblptru, prodl, prodh, cstack
 Tracked objects:
		On entry : 
		On exit  : 
		Unchanged: 
 Data sizes:     COMRAM   BANK0   BANK1   BANK2   BANK3   BANK4   BANK5   BANK6   BANK7   BANK8   BANK9  BANK10  BANK11  BANK12  BANK13  BANK14  BANK15
      Params:         0       0       0       0       0       0       0       0       0       0       0       0       0       0       0       0       0
      Locals:         4       0       0       0       0       0       0       0       0       0       0       0       0       0       0       0       0
      Temps:          7       0       0       0       0       0       0       0       0       0       0       0       0       0       0       0       0
      Totals:        11       0       0       0       0       0       0       0       0       0       0       0       0       0       0       0       0
Total ram usage:       11 bytes
 Hardware stack levels used:    1
 Hardware stack levels required when called:    3
 This function calls:
		_BusyXLCD
		_LCDWriteStringROM
		_WriteDataXLCD
		_gotoxy
 This function is called by:
		_main
 This function uses a non-reentrant model


 *************** function _gotoxy *****************
 Defined at:
		line 98 in file "lcd_menu.c"
 Parameters:    Size  Location     Type
  x_pos           1    wreg     unsigned char 
  y_pos           1    4[COMRAM] unsigned char 
 Auto vars:     Size  Location     Type
  x_pos           1    6[COMRAM] unsigned char 
  ddramaddress    1    5[COMRAM] unsigned char 
 Return value:  Size  Location     Type
                  1    wreg      void 
 Registers used:
		wreg, status,2, status,0, cstack
 Tracked objects:
		On entry : 
		On exit  : 
		Unchanged: 
 Data sizes:     COMRAM   BANK0   BANK1   BANK2   BANK3   BANK4   BANK5   BANK6   BANK7   BANK8   BANK9  BANK10  BANK11  BANK12  BANK13  BANK14  BANK15
      Params:         1       0       0       0       0       0       0       0       0       0       0       0       0       0       0       0       0
      Locals:         2       0       0       0       0       0       0       0       0       0       0       0       0       0       0       0       0
      Temps:          0       0       0       0       0       0       0       0       0       0       0       0       0       0       0       0       0
      Totals:         3       0       0       0       0       0       0       0       0       0       0       0       0       0       0       0       0
Total ram usage:        3 bytes
 Hardware stack levels used:    1
 Hardware stack levels required when called:    2
 This function calls:
		_BusyXLCD
		_SetDDRamAddr
 This function is called by:
		_main
		_show_menu
 This function uses a non-reentrant model


 *************** function _LCDWriteStringROM *****************
 Defined at:
		line 129 in file "lcd_menu.c"
 Parameters:    Size  Location     Type
  x               1    wreg     unsigned char 
  y               1    6[COMRAM] unsigned char 
  lcd_menu_ite    2    7[COMRAM] PTR const unsigned char 
		 -> menu_016(8), menu_015(12), menu_014(12), menu_013(12), 
		 -> menu_012(12), menu_011(12), menu_010(12), menu_009(7), 
		 -> menu_008(9), menu_007(9), menu_006(9), menu_005(9), 
		 -> menu_004(9), menu_003(9), menu_002(9), menu_001(9), 
		 -> menu_000(17), 
  add_line        1    9[COMRAM] unsigned char 
  add_char        1   10[COMRAM] unsigned char 
 Auto vars:     Size  Location     Type
  x               1   13[COMRAM] unsigned char 
  lcd_offset      1   12[COMRAM] unsigned char 
  lcd_i           1   11[COMRAM] unsigned char 
 Return value:  Size  Location     Type
                  1    wreg      void 
 Registers used:
		wreg, status,2, status,0, tblptrl, tblptrh, tblptru, cstack
 Tracked objects:
		On entry : 
		On exit  : 
		Unchanged: 
 Data sizes:     COMRAM   BANK0   BANK1   BANK2   BANK3   BANK4   BANK5   BANK6   BANK7   BANK8   BANK9  BANK10  BANK11  BANK12  BANK13  BANK14  BANK15
      Params:         5       0       0       0       0       0       0       0       0       0       0       0       0       0       0       0       0
      Locals:         3       0       0       0       0       0       0       0       0       0       0       0       0       0       0       0       0
      Temps:          0       0       0       0       0       0       0       0       0       0       0       0       0       0       0       0       0
      Totals:         8       0       0       0       0       0       0       0       0       0       0       0       0       0       0       0       0
Total ram usage:        8 bytes
 Hardware stack levels used:    1
 Hardware stack levels required when called:    2
 This function calls:
		_BusyXLCD
		_SetDDRamAddr
		_WriteDataXLCD
		_strlen
 This function is called by:
		_show_menu
 This function uses a non-reentrant model


 *************** function _strlen *****************
 Defined at:
		line 4 in file "C:\Program Files (x86)\Microchip\xc8\v1.42\sources\common\strlen.c"
 Parameters:    Size  Location     Type
  s               2    0[COMRAM] PTR const unsigned char 
		 -> menu_016(8), menu_015(12), menu_014(12), menu_013(12), 
		 -> menu_012(12), menu_011(12), menu_010(12), menu_009(7), 
		 -> menu_008(9), menu_007(9), menu_006(9), menu_005(9), 
		 -> menu_004(9), menu_003(9), menu_002(9), menu_001(9), 
		 -> menu_000(17), 
 Auto vars:     Size  Location     Type
  cp              2    4[COMRAM] PTR const unsigned char 
		 -> menu_016(8), menu_015(12), menu_014(12), menu_013(12), 
		 -> menu_012(12), menu_011(12), menu_010(12), menu_009(7), 
		 -> menu_008(9), menu_007(9), menu_006(9), menu_005(9), 
		 -> menu_004(9), menu_003(9), menu_002(9), menu_001(9), 
		 -> menu_000(17), 
 Return value:  Size  Location     Type
                  2    0[COMRAM] unsigned int 
 Registers used:
		wreg, status,2, status,0, tblptrl, tblptrh, tblptru
 Tracked objects:
		On entry : 
		On exit  : 
		Unchanged: 
 Data sizes:     COMRAM   BANK0   BANK1   BANK2   BANK3   BANK4   BANK5   BANK6   BANK7   BANK8   BANK9  BANK10  BANK11  BANK12  BANK13  BANK14  BANK15
      Params:         2       0       0       0       0       0       0       0       0       0       0       0       0       0       0       0       0
      Locals:         2       0       0       0       0       0       0       0       0       0       0       0       0       0       0       0       0
      Temps:          2       0       0       0       0       0       0       0       0       0       0       0       0       0       0       0       0
      Totals:         6       0       0       0       0       0       0       0       0       0       0       0       0       0       0       0       0
Total ram usage:        6 bytes
 Hardware stack levels used:    1
 This function calls:
		Nothing
 This function is called by:
		_LCDWriteStringROM
 This function uses a non-reentrant model


 *************** function _WriteDataXLCD *****************
 Defined at:
		line 16 in file "writdata.c"
 Parameters:    Size  Location     Type
  data            1    wreg     unsigned char 
 Auto vars:     Size  Location     Type
  data            1    0[COMRAM] unsigned char 
 Return value:  Size  Location     Type
                  1    wreg      void 
 Registers used:
		wreg, status,2, status,0, cstack
 Tracked objects:
		On entry : 
		On exit  : 
		Unchanged: 
 Data sizes:     COMRAM   BANK0   BANK1   BANK2   BANK3   BANK4   BANK5   BANK6   BANK7   BANK8   BANK9  BANK10  BANK11  BANK12  BANK13  BANK14  BANK15
      Params:         0       0       0       0       0       0       0       0       0       0       0       0       0       0       0       0       0
      Locals:         1       0       0       0       0       0       0       0       0       0       0       0       0       0       0       0       0
      Temps:          0       0       0       0       0       0       0       0       0       0       0       0       0       0       0       0       0
      Totals:         1       0       0       0       0       0       0       0       0       0       0       0       0       0       0       0       0
Total ram usage:        1 bytes
 Hardware stack levels used:    1
 Hardware stack levels required when called:    1
 This function calls:
		_DelayFor18TCY
 This function is called by:
		_putrsXLCD
		_LCDWriteStringROM
		_show_menu
		_putsXLCD
 This function uses a non-reentrant model


 *************** function _init_XLCD *****************
 Defined at:
		line 64 in file "lcd_trials_4bits.c"
 Parameters:    Size  Location     Type
		None
 Auto vars:     Size  Location     Type
		None
 Return value:  Size  Location     Type
                  1    wreg      void 
 Registers used:
		wreg, status,2, status,0, cstack
 Tracked objects:
		On entry : 
		On exit  : 
		Unchanged: 
 Data sizes:     COMRAM   BANK0   BANK1   BANK2   BANK3   BANK4   BANK5   BANK6   BANK7   BANK8   BANK9  BANK10  BANK11  BANK12  BANK13  BANK14  BANK15
      Params:         0       0       0       0       0       0       0       0       0       0       0       0       0       0       0       0       0
      Locals:         0       0       0       0       0       0       0       0       0       0       0       0       0       0       0       0       0
      Temps:          0       0       0       0       0       0       0       0       0       0       0       0       0       0       0       0       0
      Totals:         0       0       0       0       0       0       0       0       0       0       0       0       0       0       0       0       0
Total ram usage:        0 bytes
 Hardware stack levels used:    1
 Hardware stack levels required when called:    3
 This function calls:
		_BusyXLCD
		_OpenXLCD
		_WriteCmdXLCD
 This function is called by:
		_main
 This function uses a non-reentrant model


 *************** function _OpenXLCD *****************
 Defined at:
		line 19 in file "openxlcd.c"
 Parameters:    Size  Location     Type
  lcdtype         1    wreg     unsigned char 
 Auto vars:     Size  Location     Type
  lcdtype         1    4[COMRAM] unsigned char 
 Return value:  Size  Location     Type
                  1    wreg      void 
 Registers used:
		wreg, status,2, status,0, cstack
 Tracked objects:
		On entry : 
		On exit  : 
		Unchanged: 
 Data sizes:     COMRAM   BANK0   BANK1   BANK2   BANK3   BANK4   BANK5   BANK6   BANK7   BANK8   BANK9  BANK10  BANK11  BANK12  BANK13  BANK14  BANK15
      Params:         0       0       0       0       0       0       0       0       0       0       0       0       0       0       0       0       0
      Locals:         1       0       0       0       0       0       0       0       0       0       0       0       0       0       0       0       0
      Temps:          0       0       0       0       0       0       0       0       0       0       0       0       0       0       0       0       0
      Totals:         1       0       0       0       0       0       0       0       0       0       0       0       0       0       0       0       0
Total ram usage:        1 bytes
 Hardware stack levels used:    1
 Hardware stack levels required when called:    2
 This function calls:
		_BusyXLCD
		_Delay10KTCYx
		_DelayPORXLCD
		_SetDDRamAddr
		_WriteCmdXLCD
 This function is called by:
		_init_XLCD
 This function uses a non-reentrant model


 *************** function _WriteCmdXLCD *****************
 Defined at:
		line 13 in file "wcmdxlcd.c"
 Parameters:    Size  Location     Type
  cmd             1    wreg     unsigned char 
 Auto vars:     Size  Location     Type
  cmd             1    0[COMRAM] unsigned char 
 Return value:  Size  Location     Type
                  1    wreg      void 
 Registers used:
		wreg, status,2, status,0, cstack
 Tracked objects:
		On entry : 
		On exit  : 
		Unchanged: 
 Data sizes:     COMRAM   BANK0   BANK1   BANK2   BANK3   BANK4   BANK5   BANK6   BANK7   BANK8   BANK9  BANK10  BANK11  BANK12  BANK13  BANK14  BANK15
      Params:         0       0       0       0       0       0       0       0       0       0       0       0       0       0       0       0       0
      Locals:         1       0       0       0       0       0       0       0       0       0       0       0       0       0       0       0       0
      Temps:          0       0       0       0       0       0       0       0       0       0       0       0       0       0       0       0       0
      Totals:         1       0       0       0       0       0       0       0       0       0       0       0       0       0       0       0       0
Total ram usage:        1 bytes
 Hardware stack levels used:    1
 Hardware stack levels required when called:    1
 This function calls:
		_DelayFor18TCY
 This function is called by:
		_init_XLCD
		_OpenXLCD
		_clear_display
		_LCDWriteCmd
 This function uses a non-reentrant model


 *************** function _SetDDRamAddr *****************
 Defined at:
		line 13 in file "setddram.c"
 Parameters:    Size  Location     Type
  DDaddr          1    wreg     unsigned char 
 Auto vars:     Size  Location     Type
  DDaddr          1    3[COMRAM] unsigned char 
 Return value:  Size  Location     Type
                  1    wreg      void 
 Registers used:
		wreg, status,2, status,0, cstack
 Tracked objects:
		On entry : 
		On exit  : 
		Unchanged: 
 Data sizes:     COMRAM   BANK0   BANK1   BANK2   BANK3   BANK4   BANK5   BANK6   BANK7   BANK8   BANK9  BANK10  BANK11  BANK12  BANK13  BANK14  BANK15
      Params:         0       0       0       0       0       0       0       0       0       0       0       0       0       0       0       0       0
      Locals:         1       0       0       0       0       0       0       0       0       0       0       0       0       0       0       0       0
      Temps:          3       0       0       0       0       0       0       0       0       0       0       0       0       0       0       0       0
      Totals:         4       0       0       0       0       0       0       0       0       0       0       0       0       0       0       0       0
Total ram usage:        4 bytes
 Hardware stack levels used:    1
 Hardware stack levels required when called:    1
 This function calls:
		_DelayFor18TCY
 This function is called by:
		_OpenXLCD
		_gotoxy
		_LCDWriteStringROM
 This function uses a non-reentrant model


 *************** function _DelayPORXLCD *****************
 Defined at:
		line 76 in file "lcd_menu.c"
 Parameters:    Size  Location     Type
		None
 Auto vars:     Size  Location     Type
		None
 Return value:  Size  Location     Type
                  1    wreg      void 
 Registers used:
		wreg, cstack
 Tracked objects:
		On entry : 
		On exit  : 
		Unchanged: 
 Data sizes:     COMRAM   BANK0   BANK1   BANK2   BANK3   BANK4   BANK5   BANK6   BANK7   BANK8   BANK9  BANK10  BANK11  BANK12  BANK13  BANK14  BANK15
      Params:         0       0       0       0       0       0       0       0       0       0       0       0       0       0       0       0       0
      Locals:         0       0       0       0       0       0       0       0       0       0       0       0       0       0       0       0       0
      Temps:          0       0       0       0       0       0       0       0       0       0       0       0       0       0       0       0       0
      Totals:         0       0       0       0       0       0       0       0       0       0       0       0       0       0       0       0       0
Total ram usage:        0 bytes
 Hardware stack levels used:    1
 Hardware stack levels required when called:    1
 This function calls:
		_Delay1KTCYx
 This function is called by:
		_OpenXLCD
 This function uses a non-reentrant model


 *************** function _Delay1KTCYx *****************
 Defined at:
		line 8 in file "C:\Program Files (x86)\Microchip\xc8\v1.42\sources\pic18\d1ktcyx.c"
 Parameters:    Size  Location     Type
  unit            1    wreg     unsigned char 
 Auto vars:     Size  Location     Type
  unit            1    0[COMRAM] unsigned char 
 Return value:  Size  Location     Type
                  1    wreg      void 
 Registers used:
		wreg
 Tracked objects:
		On entry : 
		On exit  : 
		Unchanged: 
 Data sizes:     COMRAM   BANK0   BANK1   BANK2   BANK3   BANK4   BANK5   BANK6   BANK7   BANK8   BANK9  BANK10  BANK11  BANK12  BANK13  BANK14  BANK15
      Params:         0       0       0       0       0       0       0       0       0       0       0       0       0       0       0       0       0
      Locals:         1       0       0       0       0       0       0       0       0       0       0       0       0       0       0       0       0
      Temps:          0       0       0       0       0       0       0       0       0       0       0       0       0       0       0       0       0
      Totals:         1       0       0       0       0       0       0       0       0       0       0       0       0       0       0       0       0
Total ram usage:        1 bytes
 Hardware stack levels used:    1
 This function calls:
		Nothing
 This function is called by:
		_DelayPORXLCD
		_DelayXLCD
 This function uses a non-reentrant model


 *************** function _Delay10KTCYx *****************
 Defined at:
		line 8 in file "C:\Program Files (x86)\Microchip\xc8\v1.42\sources\pic18\d10ktcyx.c"
 Parameters:    Size  Location     Type
  unit            1    wreg     unsigned char 
 Auto vars:     Size  Location     Type
  unit            1    1[COMRAM] unsigned char 
 Return value:  Size  Location     Type
                  1    wreg      void 
 Registers used:
		wreg
 Tracked objects:
		On entry : 
		On exit  : 
		Unchanged: 
 Data sizes:     COMRAM   BANK0   BANK1   BANK2   BANK3   BANK4   BANK5   BANK6   BANK7   BANK8   BANK9  BANK10  BANK11  BANK12  BANK13  BANK14  BANK15
      Params:         0       0       0       0       0       0       0       0       0       0       0       0       0       0       0       0       0
      Locals:         1       0       0       0       0       0       0       0       0       0       0       0       0       0       0       0       0
      Temps:          1       0       0       0       0       0       0       0       0       0       0       0       0       0       0       0       0
      Totals:         2       0       0       0       0       0       0       0       0       0       0       0       0       0       0       0       0
Total ram usage:        2 bytes
 Hardware stack levels used:    1
 This function calls:
		Nothing
 This function is called by:
		_OpenXLCD
 This function uses a non-reentrant model


 *************** function _BusyXLCD *****************
 Defined at:
		line 11 in file "busyxlcd.c"
 Parameters:    Size  Location     Type
		None
 Auto vars:     Size  Location     Type
		None
 Return value:  Size  Location     Type
                  1    wreg      unsigned char 
 Registers used:
		wreg, cstack
 Tracked objects:
		On entry : 
		On exit  : 
		Unchanged: 
 Data sizes:     COMRAM   BANK0   BANK1   BANK2   BANK3   BANK4   BANK5   BANK6   BANK7   BANK8   BANK9  BANK10  BANK11  BANK12  BANK13  BANK14  BANK15
      Params:         0       0       0       0       0       0       0       0       0       0       0       0       0       0       0       0       0
      Locals:         0       0       0       0       0       0       0       0       0       0       0       0       0       0       0       0       0
      Temps:          0       0       0       0       0       0       0       0       0       0       0       0       0       0       0       0       0
      Totals:         0       0       0       0       0       0       0       0       0       0       0       0       0       0       0       0       0
Total ram usage:        0 bytes
 Hardware stack levels used:    1
 Hardware stack levels required when called:    1
 This function calls:
		_DelayFor18TCY
 This function is called by:
		_init_XLCD
		_OpenXLCD
		_putrsXLCD
		_clear_display
		_gotoxy
		_LCDWriteStringROM
		_show_menu
		_putsXLCD
		_LCDWriteCmd
 This function uses a non-reentrant model


 *************** function _DelayFor18TCY *****************
 Defined at:
		line 68 in file "lcd_menu.c"
 Parameters:    Size  Location     Type
		None
 Auto vars:     Size  Location     Type
		None
 Return value:  Size  Location     Type
                  1    wreg      void 
 Registers used:
		None
 Tracked objects:
		On entry : 
		On exit  : 
		Unchanged: 
 Data sizes:     COMRAM   BANK0   BANK1   BANK2   BANK3   BANK4   BANK5   BANK6   BANK7   BANK8   BANK9  BANK10  BANK11  BANK12  BANK13  BANK14  BANK15
      Params:         0       0       0       0       0       0       0       0       0       0       0       0       0       0       0       0       0
      Locals:         0       0       0       0       0       0       0       0       0       0       0       0       0       0       0       0       0
      Temps:          0       0       0       0       0       0       0       0       0       0       0       0       0       0       0       0       0
      Totals:         0       0       0       0       0       0       0       0       0       0       0       0       0       0       0       0       0
Total ram usage:        0 bytes
 Hardware stack levels used:    1
 This function calls:
		Nothing
 This function is called by:
		_BusyXLCD
		_WriteCmdXLCD
		_WriteDataXLCD
		_SetDDRamAddr
		_ReadAddrXLCD
		_ReadDataXLCD
		_SetCGRamAddr
 This function uses a non-reentrant model


 *************** function _init_GPIO_DIR *****************
 Defined at:
		line 48 in file "lcd_trials_4bits.c"
 Parameters:    Size  Location     Type
		None
 Auto vars:     Size  Location     Type
		None
 Return value:  Size  Location     Type
                  1    wreg      void 
 Registers used:
		None
 Tracked objects:
		On entry : 
		On exit  : 
		Unchanged: 
 Data sizes:     COMRAM   BANK0   BANK1   BANK2   BANK3   BANK4   BANK5   BANK6   BANK7   BANK8   BANK9  BANK10  BANK11  BANK12  BANK13  BANK14  BANK15
      Params:         0       0       0       0       0       0       0       0       0       0       0       0       0       0       0       0       0
      Locals:         0       0       0       0       0       0       0       0       0       0       0       0       0       0       0       0       0
      Temps:          0       0       0       0       0       0       0       0       0       0       0       0       0       0       0       0       0
      Totals:         0       0       0       0       0       0       0       0       0       0       0       0       0       0       0       0       0
Total ram usage:        0 bytes
 Hardware stack levels used:    1
 This function calls:
		Nothing
 This function is called by:
		_main
 This function uses a non-reentrant model



MODULE INFORMATION

Module		Function		Class		Link	Load	Size
C:\Program Files (x86)\Microchip\xc8\v1.42\sources\pic18\d1ktcyx.c
		_Delay1KTCYx   		CODE           	B56C	0000	17

C:\Program Files (x86)\Microchip\xc8\v1.42\sources\pic18\d1ktcyx.c estimated size: 17

C:\Program Files (x86)\Microchip\xc8\v1.42\sources\pic18\d10ktcyx.c
		_Delay10KTCYx  		CODE           	B58E	0000	23

C:\Program Files (x86)\Microchip\xc8\v1.42\sources\pic18\d10ktcyx.c estimated size: 23

writdata.c
		_WriteDataXLCD 		CODE           	B732	0000	63

writdata.c estimated size: 63

setddram.c
		_SetDDRamAddr  		CODE           	B7AE	0000	83

setddram.c estimated size: 83

putrxlcd.c
		_putrsXLCD     		CODE           	B64E	0000	53

putrxlcd.c estimated size: 53

C:\Program Files (x86)\Microchip\xc8\v1.42\sources\common\strlen.c
		_strlen        		CODE           	B770	0000	63

C:\Program Files (x86)\Microchip\xc8\v1.42\sources\common\strlen.c estimated size: 63

shared
		_my_menu       		MEDIUMCONST    	BEA5	0000	137
		_menu_000      		MEDIUMCONST    	BF2D	0000	18
		_menu_001      		MEDIUMCONST    	BFC5	0000	10
		_menu_002      		MEDIUMCONST    	BFBC	0000	10
		_menu_003      		MEDIUMCONST    	BFB3	0000	10
		_menu_004      		MEDIUMCONST    	BFAA	0000	10
		_menu_005      		MEDIUMCONST    	BFA1	0000	10
		_menu_006      		MEDIUMCONST    	BF98	0000	10
		_menu_007      		MEDIUMCONST    	BF8F	0000	10
		_menu_008      		MEDIUMCONST    	BF86	0000	10
		_menu_009      		MEDIUMCONST    	BFD6	0000	8
		__initialization		CODE           	B5F0	0000	37
		_menu_010      		MEDIUMCONST    	BF7A	0000	13
		_menu_011      		MEDIUMCONST    	BF6E	0000	13
		_menu_012      		MEDIUMCONST    	BF62	0000	13
		_menu_013      		MEDIUMCONST    	BF56	0000	13
		_menu_014      		MEDIUMCONST    	BF4A	0000	13
		_menu_015      		MEDIUMCONST    	BF3E	0000	13
		_menu_016      		MEDIUMCONST    	BFCE	0000	9

shared estimated size: 367

lcd_menu.c
		_LCDWriteStringROM		CODE           	B908	0000	217
		_DelayFor18TCY 		CODE           	B5A4	0000	31
		_gotoxy        		CODE           	B800	0000	101
		_clear_display 		CODE           	B57C	0000	19
		_DelayPORXLCD  		CODE           	B564	0000	9
		_Delay1Sec     		CODE           	B5C2	0000	47
		_show_menu     		CODE           	BB8C	0000	793

lcd_menu.c estimated size: 1217

openxlcd.c
		_OpenXLCD      		CODE           	B864	0000	165

openxlcd.c estimated size: 165

busyxlcd.c
		_BusyXLCD      		CODE           	B6BA	0000	59

busyxlcd.c estimated size: 59

lcd_trials_4bits.c
		_main          		CODE           	B9E0	0000	429
		_start         		CODE           	B61E	0000	49
		_init_XLCD     		CODE           	B682	0000	57
		_init_GPIO_DIR 		CODE           	B55E	0000	7

lcd_trials_4bits.c estimated size: 542

wcmdxlcd.c
		_WriteCmdXLCD  		CODE           	B6F4	0000	63

wcmdxlcd.c estimated size: 63

